../Core/Src/main.c:90:5:main	8	static
../Core/Src/main.c:144:6:SystemClock_Config	128	static
../Core/Src/main.c:201:13:MX_ADC1_Init	48	static
../Core/Src/main.c:267:13:MX_ADC2_Init	32	static
../Core/Src/main.c:324:13:MX_ADC3_Init	48	static
../Core/Src/main.c:390:13:MX_I2C1_Init	8	static
../Core/Src/main.c:438:13:MX_RTC_Init	32	static
../Core/Src/main.c:501:13:MX_TIM1_Init	112	static
../Core/Src/main.c:585:13:MX_TIM2_Init	40	static
../Core/Src/main.c:638:13:MX_TIM8_Init	112	static
../Core/Src/main.c:718:13:MX_TIM15_Init	96	static
../Core/Src/main.c:784:13:MX_USART1_UART_Init	8	static
../Core/Src/main.c:819:13:MX_USART2_UART_Init	8	static
../Core/Src/main.c:854:13:MX_GPIO_Init	48	static
../Core/Src/main.c:936:6:Error_Handler	4	static,ignoring_inline_asm
