../Core/Src/main.c:194:6:ADC_reset_ch	32	static
../Core/Src/main.c:207:6:ADC_Select_CH1	32	static
../Core/Src/main.c:218:6:ADC_Select_CH12	32	static
../Core/Src/main.c:231:10:ADC_read_1	16	static
../Core/Src/main.c:247:10:ADC_read_12	16	static
../Core/Src/main.c:264:6:PWM_correction	32	static
../Core/Src/main.c:305:6:I2C_send	32	static
../Core/Src/main.c:333:6:LCD_SendString	8	static
../Core/Src/main.c:344:6:lcd_write_nibble	32	static
../Core/Src/main.c:357:6:lcd_send_cmd	8	static
../Core/Src/main.c:369:6:lcd_send_data	8	static
../Core/Src/main.c:378:6:lcd_init	8	static
../Core/Src/main.c:396:6:lcd_write_string	8	static
../Core/Src/main.c:403:6:lcd_set_cursor	0	static
../Core/Src/main.c:430:6:lcd_clear	8	static
../Core/Src/main.c:437:6:lcd_backlight	0	static
../Core/Src/main.c:447:5:filter	16	static
../Core/Src/main.c:459:6:page	8	static
../Core/Src/main.c:788:6:SystemClock_Config	128	static,ignoring_inline_asm
../Core/Src/main.c:522:5:main	184	static,ignoring_inline_asm
../Core/Src/main.c:1707:6:HAL_TIM_IC_CaptureCallback	16	static
../Core/Src/main.c:1762:6:HAL_GPIO_EXTI_Callback	24	static
../Core/Src/main.c:1829:6:HAL_UART_TxCpltCallback	0	static
../Core/Src/main.c:1838:6:HAL_ADC_ConvCpltCallback	0	static
../Core/Src/main.c:1851:6:Error_Handler	0	static,ignoring_inline_asm
