15:07:55 **** Clean-only build of configuration Debug for project PWM_STEP_Driver ****
make -j16 clean 
rm -rf ./Drivers/STM32F3xx_HAL_Driver/Src/stm32f3xx_hal.cyclo ./Drivers/STM32F3xx_HAL_Driver/Src/stm32f3xx_hal.d ./Drivers/STM32F3xx_HAL_Driver/Src/stm32f3xx_hal.o ./Drivers/STM32F3xx_HAL_Driver/Src/stm32f3xx_hal.su ./Drivers/STM32F3xx_HAL_Driver/Src/stm32f3xx_hal_adc.cyclo ./Drivers/STM32F3xx_HAL_Driver/Src/stm32f3xx_hal_adc.d ./Drivers/STM32F3xx_HAL_Driver/Src/stm32f3xx_hal_adc.o ./Drivers/STM32F3xx_HAL_Driver/Src/stm32f3xx_hal_adc.su ./Drivers/STM32F3xx_HAL_Driver/Src/stm32f3xx_hal_adc_ex.cyclo ./Drivers/STM32F3xx_HAL_Driver/Src/stm32f3xx_hal_adc_ex.d ./Drivers/STM32F3xx_HAL_Driver/Src/stm32f3xx_hal_adc_ex.o ./Drivers/STM32F3xx_HAL_Driver/Src/stm32f3xx_hal_adc_ex.su ./Drivers/STM32F3xx_HAL_Driver/Src/stm32f3xx_hal_cortex.cyclo ./Drivers/STM32F3xx_HAL_Driver/Src/stm32f3xx_hal_cortex.d ./Drivers/STM32F3xx_HAL_Driver/Src/stm32f3xx_hal_cortex.o ./Drivers/STM32F3xx_HAL_Driver/Src/stm32f3xx_hal_cortex.su ./Drivers/STM32F3xx_HAL_Driver/Src/stm32f3xx_hal_dma.cyclo ./Drivers/STM32F3xx_HAL_Driver/Src/stm32f3xx_hal_dma.d ./Drivers/STM32F3xx_HAL_Driver/Src/stm32f3xx_hal_dma.o ./Drivers/STM32F3xx_HAL_Driver/Src/stm32f3xx_hal_dma.su ./Drivers/STM32F3xx_HAL_Driver/Src/stm32f3xx_hal_exti.cyclo ./Drivers/STM32F3xx_HAL_Driver/Src/stm32f3xx_hal_exti.d ./Drivers/STM32F3xx_HAL_Driver/Src/stm32f3xx_hal_exti.o ./Drivers/STM32F3xx_HAL_Driver/Src/stm32f3xx_hal_exti.su ./Drivers/STM32F3xx_HAL_Driver/Src/stm32f3xx_hal_flash.cyclo ./Drivers/STM32F3xx_HAL_Driver/Src/stm32f3xx_hal_flash.d ./Drivers/STM32F3xx_HAL_Driver/Src/stm32f3xx_hal_flash.o ./Drivers/STM32F3xx_HAL_Driver/Src/stm32f3xx_hal_flash.su ./Drivers/STM32F3xx_HAL_Driver/Src/stm32f3xx_hal_flash_ex.cyclo ./Drivers/STM32F3xx_HAL_Driver/Src/stm32f3xx_hal_flash_ex.d ./Drivers/STM32F3xx_HAL_Driver/Src/stm32f3xx_hal_flash_ex.o ./Drivers/STM32F3xx_HAL_Driver/Src/stm32f3xx_hal_flash_ex.su ./Drivers/STM32F3xx_HAL_Driver/Src/stm32f3xx_hal_gpio.cyclo ./Drivers/STM32F3xx_HAL_Driver/Src/stm32f3xx_hal_gpio.d ./Drivers/STM32F3xx_HAL_Driver/Src/stm32f3xx_hal_gpio.o ./Drivers/STM32F3xx_HAL_Driver/Src/stm32f3xx_hal_gpio.su ./Drivers/STM32F3xx_HAL_Driver/Src/stm32f3xx_hal_i2c.cyclo ./Drivers/STM32F3xx_HAL_Driver/Src/stm32f3xx_hal_i2c.d ./Drivers/STM32F3xx_HAL_Driver/Src/stm32f3xx_hal_i2c.o ./Drivers/STM32F3xx_HAL_Driver/Src/stm32f3xx_hal_i2c.su ./Drivers/STM32F3xx_HAL_Driver/Src/stm32f3xx_hal_i2c_ex.cyclo ./Drivers/STM32F3xx_HAL_Driver/Src/stm32f3xx_hal_i2c_ex.d ./Drivers/STM32F3xx_HAL_Driver/Src/stm32f3xx_hal_i2c_ex.o ./Drivers/STM32F3xx_HAL_Driver/Src/stm32f3xx_hal_i2c_ex.su ./Drivers/STM32F3xx_HAL_Driver/Src/stm32f3xx_hal_pwr.cyclo ./Drivers/STM32F3xx_HAL_Driver/Src/stm32f3xx_hal_pwr.d ./Drivers/STM32F3xx_HAL_Driver/Src/stm32f3xx_hal_pwr.o ./Drivers/STM32F3xx_HAL_Driver/Src/stm32f3xx_hal_pwr.su ./Drivers/STM32F3xx_HAL_Driver/Src/stm32f3xx_hal_pwr_ex.cyclo ./Drivers/STM32F3xx_HAL_Driver/Src/stm32f3xx_hal_pwr_ex.d ./Drivers/STM32F3xx_HAL_Driver/Src/stm32f3xx_hal_pwr_ex.o ./Drivers/STM32F3xx_HAL_Driver/Src/stm32f3xx_hal_pwr_ex.su ./Drivers/STM32F3xx_HAL_Driver/Src/stm32f3xx_hal_rcc.cyclo ./Drivers/STM32F3xx_HAL_Driver/Src/stm32f3xx_hal_rcc.d ./Drivers/STM32F3xx_HAL_Driver/Src/stm32f3xx_hal_rcc.o ./Drivers/STM32F3xx_HAL_Driver/Src/stm32f3xx_hal_rcc.su ./Drivers/STM32F3xx_HAL_Driver/Src/stm32f3xx_hal_rcc_ex.cyclo ./Drivers/STM32F3xx_HAL_Driver/Src/stm32f3xx_hal_rcc_ex.d ./Drivers/STM32F3xx_HAL_Driver/Src/stm32f3xx_hal_rcc_ex.o ./Drivers/STM32F3xx_HAL_Driver/Src/stm32f3xx_hal_rcc_ex.su ./Drivers/STM32F3xx_HAL_Driver/Src/stm32f3xx_hal_rtc.cyclo ./Drivers/STM32F3xx_HAL_Driver/Src/stm32f3xx_hal_rtc.d ./Drivers/STM32F3xx_HAL_Driver/Src/stm32f3xx_hal_rtc.o ./Drivers/STM32F3xx_HAL_Driver/Src/stm32f3xx_hal_rtc.su ./Drivers/STM32F3xx_HAL_Driver/Src/stm32f3xx_hal_rtc_ex.cyclo ./Drivers/STM32F3xx_HAL_Driver/Src/stm32f3xx_hal_rtc_ex.d ./Drivers/STM32F3xx_HAL_Driver/Src/stm32f3xx_hal_rtc_ex.o ./Drivers/STM32F3xx_HAL_Driver/Src/stm32f3xx_hal_rtc_ex.su ./Drivers/STM32F3xx_HAL_Driver/Src/stm32f3xx_hal_tim.cyclo ./Drivers/STM32F3xx_HAL_Driver/Src/stm32f3xx_hal_tim.d ./Drivers/STM32F3xx_HAL_Driver/Src/stm32f3xx_hal_tim.o ./Drivers/STM32F3xx_HAL_Driver/Src/stm32f3xx_hal_tim.su ./Drivers/STM32F3xx_HAL_Driver/Src/stm32f3xx_hal_tim_ex.cyclo ./Drivers/STM32F3xx_HAL_Driver/Src/stm32f3xx_hal_tim_ex.d ./Drivers/STM32F3xx_HAL_Driver/Src/stm32f3xx_hal_tim_ex.o ./Drivers/STM32F3xx_HAL_Driver/Src/stm32f3xx_hal_tim_ex.su ./Drivers/STM32F3xx_HAL_Driver/Src/stm32f3xx_hal_uart.cyclo ./Drivers/STM32F3xx_HAL_Driver/Src/stm32f3xx_hal_uart.d ./Drivers/STM32F3xx_HAL_Driver/Src/stm32f3xx_hal_uart.o ./Drivers/STM32F3xx_HAL_Driver/Src/stm32f3xx_hal_uart.su ./Drivers/STM32F3xx_HAL_Driver/Src/stm32f3xx_hal_uart_ex.cyclo ./Drivers/STM32F3xx_HAL_Driver/Src/stm32f3xx_hal_uart_ex.d ./Drivers/STM32F3xx_HAL_Driver/Src/stm32f3xx_hal_uart_ex.o ./Drivers/STM32F3xx_HAL_Driver/Src/stm32f3xx_hal_uart_ex.su
rm -rf ./Core/Startup/startup_stm32f303cctx.d ./Core/Startup/startup_stm32f303cctx.o
rm -rf ./Core/Src/i2c_user.cyclo ./Core/Src/i2c_user.d ./Core/Src/i2c_user.o ./Core/Src/i2c_user.su ./Core/Src/main.cyclo ./Core/Src/main.d ./Core/Src/main.o ./Core/Src/main.su ./Core/Src/stm32f3xx_hal_msp.cyclo ./Core/Src/stm32f3xx_hal_msp.d ./Core/Src/stm32f3xx_hal_msp.o ./Core/Src/stm32f3xx_hal_msp.su ./Core/Src/stm32f3xx_it.cyclo ./Core/Src/stm32f3xx_it.d ./Core/Src/stm32f3xx_it.o ./Core/Src/stm32f3xx_it.su ./Core/Src/syscalls.cyclo ./Core/Src/syscalls.d ./Core/Src/syscalls.o ./Core/Src/syscalls.su ./Core/Src/sysmem.cyclo ./Core/Src/sysmem.d ./Core/Src/sysmem.o ./Core/Src/sysmem.su ./Core/Src/system_stm32f3xx.cyclo ./Core/Src/system_stm32f3xx.d ./Core/Src/system_stm32f3xx.o ./Core/Src/system_stm32f3xx.su
rm -rf PWM_STEP_Driver.bin PWM_STEP_Driver.elf PWM_STEP_Driver.hex PWM_STEP_Driver.list PWM_STEP_Driver.map default.size.stdout
 
15:07:56 **** Build of configuration Debug for project PWM_STEP_Driver ****
make -j16 all 
arm-none-eabi-gcc "../Drivers/STM32F3xx_HAL_Driver/Src/stm32f3xx_hal.c" -mcpu=cortex-m4 -std=gnu11 -g3 -DDEBUG -DUSE_HAL_DRIVER -DSTM32F303xC -c -I../Core/Inc -I../Drivers/STM32F3xx_HAL_Driver/Inc/Legacy -I../Drivers/STM32F3xx_HAL_Driver/Inc -I../Drivers/CMSIS/Device/ST/STM32F3xx/Include -I../Drivers/CMSIS/Include -O0 -ffunction-sections -fdata-sections -Wall -fstack-usage -fcyclomatic-complexity -MMD -MP -MF"Drivers/STM32F3xx_HAL_Driver/Src/stm32f3xx_hal.d" -MT"Drivers/STM32F3xx_HAL_Driver/Src/stm32f3xx_hal.o" --specs=nano.specs -mfpu=fpv4-sp-d16 -mfloat-abi=hard -mthumb -o "Drivers/STM32F3xx_HAL_Driver/Src/stm32f3xx_hal.o"
arm-none-eabi-gcc "../Drivers/STM32F3xx_HAL_Driver/Src/stm32f3xx_hal_adc.c" -mcpu=cortex-m4 -std=gnu11 -g3 -DDEBUG -DUSE_HAL_DRIVER -DSTM32F303xC -c -I../Core/Inc -I../Drivers/STM32F3xx_HAL_Driver/Inc/Legacy -I../Drivers/STM32F3xx_HAL_Driver/Inc -I../Drivers/CMSIS/Device/ST/STM32F3xx/Include -I../Drivers/CMSIS/Include -O0 -ffunction-sections -fdata-sections -Wall -fstack-usage -fcyclomatic-complexity -MMD -MP -MF"Drivers/STM32F3xx_HAL_Driver/Src/stm32f3xx_hal_adc.d" -MT"Drivers/STM32F3xx_HAL_Driver/Src/stm32f3xx_hal_adc.o" --specs=nano.specs -mfpu=fpv4-sp-d16 -mfloat-abi=hard -mthumb -o "Drivers/STM32F3xx_HAL_Driver/Src/stm32f3xx_hal_adc.o"
arm-none-eabi-gcc "../Drivers/STM32F3xx_HAL_Driver/Src/stm32f3xx_hal_adc_ex.c" -mcpu=cortex-m4 -std=gnu11 -g3 -DDEBUG -DUSE_HAL_DRIVER -DSTM32F303xC -c -I../Core/Inc -I../Drivers/STM32F3xx_HAL_Driver/Inc/Legacy -I../Drivers/STM32F3xx_HAL_Driver/Inc -I../Drivers/CMSIS/Device/ST/STM32F3xx/Include -I../Drivers/CMSIS/Include -O0 -ffunction-sections -fdata-sections -Wall -fstack-usage -fcyclomatic-complexity -MMD -MP -MF"Drivers/STM32F3xx_HAL_Driver/Src/stm32f3xx_hal_adc_ex.d" -MT"Drivers/STM32F3xx_HAL_Driver/Src/stm32f3xx_hal_adc_ex.o" --specs=nano.specs -mfpu=fpv4-sp-d16 -mfloat-abi=hard -mthumb -o "Drivers/STM32F3xx_HAL_Driver/Src/stm32f3xx_hal_adc_ex.o"
arm-none-eabi-gcc "../Drivers/STM32F3xx_HAL_Driver/Src/stm32f3xx_hal_cortex.c" -mcpu=cortex-m4 -std=gnu11 -g3 -DDEBUG -DUSE_HAL_DRIVER -DSTM32F303xC -c -I../Core/Inc -I../Drivers/STM32F3xx_HAL_Driver/Inc/Legacy -I../Drivers/STM32F3xx_HAL_Driver/Inc -I../Drivers/CMSIS/Device/ST/STM32F3xx/Include -I../Drivers/CMSIS/Include -O0 -ffunction-sections -fdata-sections -Wall -fstack-usage -fcyclomatic-complexity -MMD -MP -MF"Drivers/STM32F3xx_HAL_Driver/Src/stm32f3xx_hal_cortex.d" -MT"Drivers/STM32F3xx_HAL_Driver/Src/stm32f3xx_hal_cortex.o" --specs=nano.specs -mfpu=fpv4-sp-d16 -mfloat-abi=hard -mthumb -o "Drivers/STM32F3xx_HAL_Driver/Src/stm32f3xx_hal_cortex.o"
arm-none-eabi-gcc "../Drivers/STM32F3xx_HAL_Driver/Src/stm32f3xx_hal_dma.c" -mcpu=cortex-m4 -std=gnu11 -g3 -DDEBUG -DUSE_HAL_DRIVER -DSTM32F303xC -c -I../Core/Inc -I../Drivers/STM32F3xx_HAL_Driver/Inc/Legacy -I../Drivers/STM32F3xx_HAL_Driver/Inc -I../Drivers/CMSIS/Device/ST/STM32F3xx/Include -I../Drivers/CMSIS/Include -O0 -ffunction-sections -fdata-sections -Wall -fstack-usage -fcyclomatic-complexity -MMD -MP -MF"Drivers/STM32F3xx_HAL_Driver/Src/stm32f3xx_hal_dma.d" -MT"Drivers/STM32F3xx_HAL_Driver/Src/stm32f3xx_hal_dma.o" --specs=nano.specs -mfpu=fpv4-sp-d16 -mfloat-abi=hard -mthumb -o "Drivers/STM32F3xx_HAL_Driver/Src/stm32f3xx_hal_dma.o"
arm-none-eabi-gcc "../Drivers/STM32F3xx_HAL_Driver/Src/stm32f3xx_hal_exti.c" -mcpu=cortex-m4 -std=gnu11 -g3 -DDEBUG -DUSE_HAL_DRIVER -DSTM32F303xC -c -I../Core/Inc -I../Drivers/STM32F3xx_HAL_Driver/Inc/Legacy -I../Drivers/STM32F3xx_HAL_Driver/Inc -I../Drivers/CMSIS/Device/ST/STM32F3xx/Include -I../Drivers/CMSIS/Include -O0 -ffunction-sections -fdata-sections -Wall -fstack-usage -fcyclomatic-complexity -MMD -MP -MF"Drivers/STM32F3xx_HAL_Driver/Src/stm32f3xx_hal_exti.d" -MT"Drivers/STM32F3xx_HAL_Driver/Src/stm32f3xx_hal_exti.o" --specs=nano.specs -mfpu=fpv4-sp-d16 -mfloat-abi=hard -mthumb -o "Drivers/STM32F3xx_HAL_Driver/Src/stm32f3xx_hal_exti.o"
arm-none-eabi-gcc "../Drivers/STM32F3xx_HAL_Driver/Src/stm32f3xx_hal_flash.c" -mcpu=cortex-m4 -std=gnu11 -g3 -DDEBUG -DUSE_HAL_DRIVER -DSTM32F303xC -c -I../Core/Inc -I../Drivers/STM32F3xx_HAL_Driver/Inc/Legacy -I../Drivers/STM32F3xx_HAL_Driver/Inc -I../Drivers/CMSIS/Device/ST/STM32F3xx/Include -I../Drivers/CMSIS/Include -O0 -ffunction-sections -fdata-sections -Wall -fstack-usage -fcyclomatic-complexity -MMD -MP -MF"Drivers/STM32F3xx_HAL_Driver/Src/stm32f3xx_hal_flash.d" -MT"Drivers/STM32F3xx_HAL_Driver/Src/stm32f3xx_hal_flash.o" --specs=nano.specs -mfpu=fpv4-sp-d16 -mfloat-abi=hard -mthumb -o "Drivers/STM32F3xx_HAL_Driver/Src/stm32f3xx_hal_flash.o"
arm-none-eabi-gcc "../Drivers/STM32F3xx_HAL_Driver/Src/stm32f3xx_hal_flash_ex.c" -mcpu=cortex-m4 -std=gnu11 -g3 -DDEBUG -DUSE_HAL_DRIVER -DSTM32F303xC -c -I../Core/Inc -I../Drivers/STM32F3xx_HAL_Driver/Inc/Legacy -I../Drivers/STM32F3xx_HAL_Driver/Inc -I../Drivers/CMSIS/Device/ST/STM32F3xx/Include -I../Drivers/CMSIS/Include -O0 -ffunction-sections -fdata-sections -Wall -fstack-usage -fcyclomatic-complexity -MMD -MP -MF"Drivers/STM32F3xx_HAL_Driver/Src/stm32f3xx_hal_flash_ex.d" -MT"Drivers/STM32F3xx_HAL_Driver/Src/stm32f3xx_hal_flash_ex.o" --specs=nano.specs -mfpu=fpv4-sp-d16 -mfloat-abi=hard -mthumb -o "Drivers/STM32F3xx_HAL_Driver/Src/stm32f3xx_hal_flash_ex.o"
arm-none-eabi-gcc "../Drivers/STM32F3xx_HAL_Driver/Src/stm32f3xx_hal_gpio.c" -mcpu=cortex-m4 -std=gnu11 -g3 -DDEBUG -DUSE_HAL_DRIVER -DSTM32F303xC -c -I../Core/Inc -I../Drivers/STM32F3xx_HAL_Driver/Inc/Legacy -I../Drivers/STM32F3xx_HAL_Driver/Inc -I../Drivers/CMSIS/Device/ST/STM32F3xx/Include -I../Drivers/CMSIS/Include -O0 -ffunction-sections -fdata-sections -Wall -fstack-usage -fcyclomatic-complexity -MMD -MP -MF"Drivers/STM32F3xx_HAL_Driver/Src/stm32f3xx_hal_gpio.d" -MT"Drivers/STM32F3xx_HAL_Driver/Src/stm32f3xx_hal_gpio.o" --specs=nano.specs -mfpu=fpv4-sp-d16 -mfloat-abi=hard -mthumb -o "Drivers/STM32F3xx_HAL_Driver/Src/stm32f3xx_hal_gpio.o"
arm-none-eabi-gcc "../Drivers/STM32F3xx_HAL_Driver/Src/stm32f3xx_hal_i2c.c" -mcpu=cortex-m4 -std=gnu11 -g3 -DDEBUG -DUSE_HAL_DRIVER -DSTM32F303xC -c -I../Core/Inc -I../Drivers/STM32F3xx_HAL_Driver/Inc/Legacy -I../Drivers/STM32F3xx_HAL_Driver/Inc -I../Drivers/CMSIS/Device/ST/STM32F3xx/Include -I../Drivers/CMSIS/Include -O0 -ffunction-sections -fdata-sections -Wall -fstack-usage -fcyclomatic-complexity -MMD -MP -MF"Drivers/STM32F3xx_HAL_Driver/Src/stm32f3xx_hal_i2c.d" -MT"Drivers/STM32F3xx_HAL_Driver/Src/stm32f3xx_hal_i2c.o" --specs=nano.specs -mfpu=fpv4-sp-d16 -mfloat-abi=hard -mthumb -o "Drivers/STM32F3xx_HAL_Driver/Src/stm32f3xx_hal_i2c.o"
arm-none-eabi-gcc "../Drivers/STM32F3xx_HAL_Driver/Src/stm32f3xx_hal_i2c_ex.c" -mcpu=cortex-m4 -std=gnu11 -g3 -DDEBUG -DUSE_HAL_DRIVER -DSTM32F303xC -c -I../Core/Inc -I../Drivers/STM32F3xx_HAL_Driver/Inc/Legacy -I../Drivers/STM32F3xx_HAL_Driver/Inc -I../Drivers/CMSIS/Device/ST/STM32F3xx/Include -I../Drivers/CMSIS/Include -O0 -ffunction-sections -fdata-sections -Wall -fstack-usage -fcyclomatic-complexity -MMD -MP -MF"Drivers/STM32F3xx_HAL_Driver/Src/stm32f3xx_hal_i2c_ex.d" -MT"Drivers/STM32F3xx_HAL_Driver/Src/stm32f3xx_hal_i2c_ex.o" --specs=nano.specs -mfpu=fpv4-sp-d16 -mfloat-abi=hard -mthumb -o "Drivers/STM32F3xx_HAL_Driver/Src/stm32f3xx_hal_i2c_ex.o"
arm-none-eabi-gcc "../Drivers/STM32F3xx_HAL_Driver/Src/stm32f3xx_hal_pwr.c" -mcpu=cortex-m4 -std=gnu11 -g3 -DDEBUG -DUSE_HAL_DRIVER -DSTM32F303xC -c -I../Core/Inc -I../Drivers/STM32F3xx_HAL_Driver/Inc/Legacy -I../Drivers/STM32F3xx_HAL_Driver/Inc -I../Drivers/CMSIS/Device/ST/STM32F3xx/Include -I../Drivers/CMSIS/Include -O0 -ffunction-sections -fdata-sections -Wall -fstack-usage -fcyclomatic-complexity -MMD -MP -MF"Drivers/STM32F3xx_HAL_Driver/Src/stm32f3xx_hal_pwr.d" -MT"Drivers/STM32F3xx_HAL_Driver/Src/stm32f3xx_hal_pwr.o" --specs=nano.specs -mfpu=fpv4-sp-d16 -mfloat-abi=hard -mthumb -o "Drivers/STM32F3xx_HAL_Driver/Src/stm32f3xx_hal_pwr.o"
arm-none-eabi-gcc "../Drivers/STM32F3xx_HAL_Driver/Src/stm32f3xx_hal_pwr_ex.c" -mcpu=cortex-m4 -std=gnu11 -g3 -DDEBUG -DUSE_HAL_DRIVER -DSTM32F303xC -c -I../Core/Inc -I../Drivers/STM32F3xx_HAL_Driver/Inc/Legacy -I../Drivers/STM32F3xx_HAL_Driver/Inc -I../Drivers/CMSIS/Device/ST/STM32F3xx/Include -I../Drivers/CMSIS/Include -O0 -ffunction-sections -fdata-sections -Wall -fstack-usage -fcyclomatic-complexity -MMD -MP -MF"Drivers/STM32F3xx_HAL_Driver/Src/stm32f3xx_hal_pwr_ex.d" -MT"Drivers/STM32F3xx_HAL_Driver/Src/stm32f3xx_hal_pwr_ex.o" --specs=nano.specs -mfpu=fpv4-sp-d16 -mfloat-abi=hard -mthumb -o "Drivers/STM32F3xx_HAL_Driver/Src/stm32f3xx_hal_pwr_ex.o"
arm-none-eabi-gcc "../Drivers/STM32F3xx_HAL_Driver/Src/stm32f3xx_hal_rcc.c" -mcpu=cortex-m4 -std=gnu11 -g3 -DDEBUG -DUSE_HAL_DRIVER -DSTM32F303xC -c -I../Core/Inc -I../Drivers/STM32F3xx_HAL_Driver/Inc/Legacy -I../Drivers/STM32F3xx_HAL_Driver/Inc -I../Drivers/CMSIS/Device/ST/STM32F3xx/Include -I../Drivers/CMSIS/Include -O0 -ffunction-sections -fdata-sections -Wall -fstack-usage -fcyclomatic-complexity -MMD -MP -MF"Drivers/STM32F3xx_HAL_Driver/Src/stm32f3xx_hal_rcc.d" -MT"Drivers/STM32F3xx_HAL_Driver/Src/stm32f3xx_hal_rcc.o" --specs=nano.specs -mfpu=fpv4-sp-d16 -mfloat-abi=hard -mthumb -o "Drivers/STM32F3xx_HAL_Driver/Src/stm32f3xx_hal_rcc.o"
arm-none-eabi-gcc "../Drivers/STM32F3xx_HAL_Driver/Src/stm32f3xx_hal_rcc_ex.c" -mcpu=cortex-m4 -std=gnu11 -g3 -DDEBUG -DUSE_HAL_DRIVER -DSTM32F303xC -c -I../Core/Inc -I../Drivers/STM32F3xx_HAL_Driver/Inc/Legacy -I../Drivers/STM32F3xx_HAL_Driver/Inc -I../Drivers/CMSIS/Device/ST/STM32F3xx/Include -I../Drivers/CMSIS/Include -O0 -ffunction-sections -fdata-sections -Wall -fstack-usage -fcyclomatic-complexity -MMD -MP -MF"Drivers/STM32F3xx_HAL_Driver/Src/stm32f3xx_hal_rcc_ex.d" -MT"Drivers/STM32F3xx_HAL_Driver/Src/stm32f3xx_hal_rcc_ex.o" --specs=nano.specs -mfpu=fpv4-sp-d16 -mfloat-abi=hard -mthumb -o "Drivers/STM32F3xx_HAL_Driver/Src/stm32f3xx_hal_rcc_ex.o"
arm-none-eabi-gcc "../Drivers/STM32F3xx_HAL_Driver/Src/stm32f3xx_hal_rtc.c" -mcpu=cortex-m4 -std=gnu11 -g3 -DDEBUG -DUSE_HAL_DRIVER -DSTM32F303xC -c -I../Core/Inc -I../Drivers/STM32F3xx_HAL_Driver/Inc/Legacy -I../Drivers/STM32F3xx_HAL_Driver/Inc -I../Drivers/CMSIS/Device/ST/STM32F3xx/Include -I../Drivers/CMSIS/Include -O0 -ffunction-sections -fdata-sections -Wall -fstack-usage -fcyclomatic-complexity -MMD -MP -MF"Drivers/STM32F3xx_HAL_Driver/Src/stm32f3xx_hal_rtc.d" -MT"Drivers/STM32F3xx_HAL_Driver/Src/stm32f3xx_hal_rtc.o" --specs=nano.specs -mfpu=fpv4-sp-d16 -mfloat-abi=hard -mthumb -o "Drivers/STM32F3xx_HAL_Driver/Src/stm32f3xx_hal_rtc.o"
arm-none-eabi-gcc "../Drivers/STM32F3xx_HAL_Driver/Src/stm32f3xx_hal_rtc_ex.c" -mcpu=cortex-m4 -std=gnu11 -g3 -DDEBUG -DUSE_HAL_DRIVER -DSTM32F303xC -c -I../Core/Inc -I../Drivers/STM32F3xx_HAL_Driver/Inc/Legacy -I../Drivers/STM32F3xx_HAL_Driver/Inc -I../Drivers/CMSIS/Device/ST/STM32F3xx/Include -I../Drivers/CMSIS/Include -O0 -ffunction-sections -fdata-sections -Wall -fstack-usage -fcyclomatic-complexity -MMD -MP -MF"Drivers/STM32F3xx_HAL_Driver/Src/stm32f3xx_hal_rtc_ex.d" -MT"Drivers/STM32F3xx_HAL_Driver/Src/stm32f3xx_hal_rtc_ex.o" --specs=nano.specs -mfpu=fpv4-sp-d16 -mfloat-abi=hard -mthumb -o "Drivers/STM32F3xx_HAL_Driver/Src/stm32f3xx_hal_rtc_ex.o"
arm-none-eabi-gcc "../Drivers/STM32F3xx_HAL_Driver/Src/stm32f3xx_hal_tim.c" -mcpu=cortex-m4 -std=gnu11 -g3 -DDEBUG -DUSE_HAL_DRIVER -DSTM32F303xC -c -I../Core/Inc -I../Drivers/STM32F3xx_HAL_Driver/Inc/Legacy -I../Drivers/STM32F3xx_HAL_Driver/Inc -I../Drivers/CMSIS/Device/ST/STM32F3xx/Include -I../Drivers/CMSIS/Include -O0 -ffunction-sections -fdata-sections -Wall -fstack-usage -fcyclomatic-complexity -MMD -MP -MF"Drivers/STM32F3xx_HAL_Driver/Src/stm32f3xx_hal_tim.d" -MT"Drivers/STM32F3xx_HAL_Driver/Src/stm32f3xx_hal_tim.o" --specs=nano.specs -mfpu=fpv4-sp-d16 -mfloat-abi=hard -mthumb -o "Drivers/STM32F3xx_HAL_Driver/Src/stm32f3xx_hal_tim.o"
arm-none-eabi-gcc "../Drivers/STM32F3xx_HAL_Driver/Src/stm32f3xx_hal_tim_ex.c" -mcpu=cortex-m4 -std=gnu11 -g3 -DDEBUG -DUSE_HAL_DRIVER -DSTM32F303xC -c -I../Core/Inc -I../Drivers/STM32F3xx_HAL_Driver/Inc/Legacy -I../Drivers/STM32F3xx_HAL_Driver/Inc -I../Drivers/CMSIS/Device/ST/STM32F3xx/Include -I../Drivers/CMSIS/Include -O0 -ffunction-sections -fdata-sections -Wall -fstack-usage -fcyclomatic-complexity -MMD -MP -MF"Drivers/STM32F3xx_HAL_Driver/Src/stm32f3xx_hal_tim_ex.d" -MT"Drivers/STM32F3xx_HAL_Driver/Src/stm32f3xx_hal_tim_ex.o" --specs=nano.specs -mfpu=fpv4-sp-d16 -mfloat-abi=hard -mthumb -o "Drivers/STM32F3xx_HAL_Driver/Src/stm32f3xx_hal_tim_ex.o"
arm-none-eabi-gcc "../Drivers/STM32F3xx_HAL_Driver/Src/stm32f3xx_hal_uart.c" -mcpu=cortex-m4 -std=gnu11 -g3 -DDEBUG -DUSE_HAL_DRIVER -DSTM32F303xC -c -I../Core/Inc -I../Drivers/STM32F3xx_HAL_Driver/Inc/Legacy -I../Drivers/STM32F3xx_HAL_Driver/Inc -I../Drivers/CMSIS/Device/ST/STM32F3xx/Include -I../Drivers/CMSIS/Include -O0 -ffunction-sections -fdata-sections -Wall -fstack-usage -fcyclomatic-complexity -MMD -MP -MF"Drivers/STM32F3xx_HAL_Driver/Src/stm32f3xx_hal_uart.d" -MT"Drivers/STM32F3xx_HAL_Driver/Src/stm32f3xx_hal_uart.o" --specs=nano.specs -mfpu=fpv4-sp-d16 -mfloat-abi=hard -mthumb -o "Drivers/STM32F3xx_HAL_Driver/Src/stm32f3xx_hal_uart.o"
arm-none-eabi-gcc "../Drivers/STM32F3xx_HAL_Driver/Src/stm32f3xx_hal_uart_ex.c" -mcpu=cortex-m4 -std=gnu11 -g3 -DDEBUG -DUSE_HAL_DRIVER -DSTM32F303xC -c -I../Core/Inc -I../Drivers/STM32F3xx_HAL_Driver/Inc/Legacy -I../Drivers/STM32F3xx_HAL_Driver/Inc -I../Drivers/CMSIS/Device/ST/STM32F3xx/Include -I../Drivers/CMSIS/Include -O0 -ffunction-sections -fdata-sections -Wall -fstack-usage -fcyclomatic-complexity -MMD -MP -MF"Drivers/STM32F3xx_HAL_Driver/Src/stm32f3xx_hal_uart_ex.d" -MT"Drivers/STM32F3xx_HAL_Driver/Src/stm32f3xx_hal_uart_ex.o" --specs=nano.specs -mfpu=fpv4-sp-d16 -mfloat-abi=hard -mthumb -o "Drivers/STM32F3xx_HAL_Driver/Src/stm32f3xx_hal_uart_ex.o"
arm-none-eabi-gcc -mcpu=cortex-m4 -g3 -DDEBUG -c -x assembler-with-cpp -MMD -MP -MF"Core/Startup/startup_stm32f303cctx.d" -MT"Core/Startup/startup_stm32f303cctx.o" --specs=nano.specs -mfpu=fpv4-sp-d16 -mfloat-abi=hard -mthumb -o "Core/Startup/startup_stm32f303cctx.o" "../Core/Startup/startup_stm32f303cctx.s"
arm-none-eabi-gcc "../Core/Src/i2c_user.c" -mcpu=cortex-m4 -std=gnu11 -g3 -DDEBUG -DUSE_HAL_DRIVER -DSTM32F303xC -c -I../Core/Inc -I../Drivers/STM32F3xx_HAL_Driver/Inc/Legacy -I../Drivers/STM32F3xx_HAL_Driver/Inc -I../Drivers/CMSIS/Device/ST/STM32F3xx/Include -I../Drivers/CMSIS/Include -O0 -ffunction-sections -fdata-sections -Wall -fstack-usage -fcyclomatic-complexity -MMD -MP -MF"Core/Src/i2c_user.d" -MT"Core/Src/i2c_user.o" --specs=nano.specs -mfpu=fpv4-sp-d16 -mfloat-abi=hard -mthumb -o "Core/Src/i2c_user.o"
arm-none-eabi-gcc "../Core/Src/main.c" -mcpu=cortex-m4 -std=gnu11 -g3 -DDEBUG -DUSE_HAL_DRIVER -DSTM32F303xC -c -I../Core/Inc -I../Drivers/STM32F3xx_HAL_Driver/Inc/Legacy -I../Drivers/STM32F3xx_HAL_Driver/Inc -I../Drivers/CMSIS/Device/ST/STM32F3xx/Include -I../Drivers/CMSIS/Include -O0 -ffunction-sections -fdata-sections -Wall -fstack-usage -fcyclomatic-complexity -MMD -MP -MF"Core/Src/main.d" -MT"Core/Src/main.o" --specs=nano.specs -mfpu=fpv4-sp-d16 -mfloat-abi=hard -mthumb -o "Core/Src/main.o"
arm-none-eabi-gcc "../Core/Src/stm32f3xx_hal_msp.c" -mcpu=cortex-m4 -std=gnu11 -g3 -DDEBUG -DUSE_HAL_DRIVER -DSTM32F303xC -c -I../Core/Inc -I../Drivers/STM32F3xx_HAL_Driver/Inc/Legacy -I../Drivers/STM32F3xx_HAL_Driver/Inc -I../Drivers/CMSIS/Device/ST/STM32F3xx/Include -I../Drivers/CMSIS/Include -O0 -ffunction-sections -fdata-sections -Wall -fstack-usage -fcyclomatic-complexity -MMD -MP -MF"Core/Src/stm32f3xx_hal_msp.d" -MT"Core/Src/stm32f3xx_hal_msp.o" --specs=nano.specs -mfpu=fpv4-sp-d16 -mfloat-abi=hard -mthumb -o "Core/Src/stm32f3xx_hal_msp.o"
arm-none-eabi-gcc "../Core/Src/stm32f3xx_it.c" -mcpu=cortex-m4 -std=gnu11 -g3 -DDEBUG -DUSE_HAL_DRIVER -DSTM32F303xC -c -I../Core/Inc -I../Drivers/STM32F3xx_HAL_Driver/Inc/Legacy -I../Drivers/STM32F3xx_HAL_Driver/Inc -I../Drivers/CMSIS/Device/ST/STM32F3xx/Include -I../Drivers/CMSIS/Include -O0 -ffunction-sections -fdata-sections -Wall -fstack-usage -fcyclomatic-complexity -MMD -MP -MF"Core/Src/stm32f3xx_it.d" -MT"Core/Src/stm32f3xx_it.o" --specs=nano.specs -mfpu=fpv4-sp-d16 -mfloat-abi=hard -mthumb -o "Core/Src/stm32f3xx_it.o"
arm-none-eabi-gcc "../Core/Src/syscalls.c" -mcpu=cortex-m4 -std=gnu11 -g3 -DDEBUG -DUSE_HAL_DRIVER -DSTM32F303xC -c -I../Core/Inc -I../Drivers/STM32F3xx_HAL_Driver/Inc/Legacy -I../Drivers/STM32F3xx_HAL_Driver/Inc -I../Drivers/CMSIS/Device/ST/STM32F3xx/Include -I../Drivers/CMSIS/Include -O0 -ffunction-sections -fdata-sections -Wall -fstack-usage -fcyclomatic-complexity -MMD -MP -MF"Core/Src/syscalls.d" -MT"Core/Src/syscalls.o" --specs=nano.specs -mfpu=fpv4-sp-d16 -mfloat-abi=hard -mthumb -o "Core/Src/syscalls.o"
arm-none-eabi-gcc "../Core/Src/sysmem.c" -mcpu=cortex-m4 -std=gnu11 -g3 -DDEBUG -DUSE_HAL_DRIVER -DSTM32F303xC -c -I../Core/Inc -I../Drivers/STM32F3xx_HAL_Driver/Inc/Legacy -I../Drivers/STM32F3xx_HAL_Driver/Inc -I../Drivers/CMSIS/Device/ST/STM32F3xx/Include -I../Drivers/CMSIS/Include -O0 -ffunction-sections -fdata-sections -Wall -fstack-usage -fcyclomatic-complexity -MMD -MP -MF"Core/Src/sysmem.d" -MT"Core/Src/sysmem.o" --specs=nano.specs -mfpu=fpv4-sp-d16 -mfloat-abi=hard -mthumb -o "Core/Src/sysmem.o"
arm-none-eabi-gcc "../Core/Src/system_stm32f3xx.c" -mcpu=cortex-m4 -std=gnu11 -g3 -DDEBUG -DUSE_HAL_DRIVER -DSTM32F303xC -c -I../Core/Inc -I../Drivers/STM32F3xx_HAL_Driver/Inc/Legacy -I../Drivers/STM32F3xx_HAL_Driver/Inc -I../Drivers/CMSIS/Device/ST/STM32F3xx/Include -I../Drivers/CMSIS/Include -O0 -ffunction-sections -fdata-sections -Wall -fstack-usage -fcyclomatic-complexity -MMD -MP -MF"Core/Src/system_stm32f3xx.d" -MT"Core/Src/system_stm32f3xx.o" --specs=nano.specs -mfpu=fpv4-sp-d16 -mfloat-abi=hard -mthumb -o "Core/Src/system_stm32f3xx.o"
../Core/Src/main.c:134:2: error: unknown type name 'uint'; did you mean 'int'?
  134 |  uint period=0;
      |  ^~~~
      |  int
../Core/Src/main.c:136:2: error: unknown type name 'uint'; did you mean 'int'?
  136 |  uint rpm=0;
      |  ^~~~
      |  int
../Core/Src/main.c: In function 'main':
../Core/Src/main.c:606:33: warning: passing argument 2 of 'HAL_ADC_Start_DMA' from incompatible pointer type [-Wincompatible-pointer-types]
  606 |       HAL_ADC_Start_DMA(&hadc2, (uint16_t*)hall_sens, 5);
      |                                 ^~~~~~~~~~~~~~~~~~~~
      |                                 |
      |                                 uint16_t * {aka short unsigned int *}
In file included from ../Core/Inc/stm32f3xx_hal_conf.h:219,
                 from ../Drivers/STM32F3xx_HAL_Driver/Inc/stm32f3xx_hal.h:29,
                 from ../Core/Inc/main.h:30,
                 from ../Core/Src/main.c:20:
../Drivers/STM32F3xx_HAL_Driver/Inc/stm32f3xx_hal_adc.h:216:78: note: expected 'uint32_t *' {aka 'long unsigned int *'} but argument is of type 'uint16_t *' {aka 'short unsigned int *'}
  216 | HAL_StatusTypeDef       HAL_ADC_Start_DMA(ADC_HandleTypeDef* hadc, uint32_t* pData, uint32_t Length);
      |                                                                    ~~~~~~~~~~^~~~~
../Core/Src/main.c:761:43: warning: passing argument 2 of 'HAL_ADC_Start_DMA' from incompatible pointer type [-Wincompatible-pointer-types]
  761 |                 HAL_ADC_Start_DMA(&hadc2, (uint16_t*)hall_sens, 5);
      |                                           ^~~~~~~~~~~~~~~~~~~~
      |                                           |
      |                                           uint16_t * {aka short unsigned int *}
In file included from ../Core/Inc/stm32f3xx_hal_conf.h:219,
                 from ../Drivers/STM32F3xx_HAL_Driver/Inc/stm32f3xx_hal.h:29,
                 from ../Core/Inc/main.h:30,
                 from ../Core/Src/main.c:20:
../Drivers/STM32F3xx_HAL_Driver/Inc/stm32f3xx_hal_adc.h:216:78: note: expected 'uint32_t *' {aka 'long unsigned int *'} but argument is of type 'uint16_t *' {aka 'short unsigned int *'}
  216 | HAL_StatusTypeDef       HAL_ADC_Start_DMA(ADC_HandleTypeDef* hadc, uint32_t* pData, uint32_t Length);
      |                                                                    ~~~~~~~~~~^~~~~
../Core/Src/main.c:654:87: warning: ' t/min     ' directive writing 11 bytes into a region of size between 0 and 1 [-Wformat-overflow=]
  654 |                                                         sprintf(int_to_str, "RPM-%05d t/min     ",rpm);
      |                                                                                      ~^~~~~~~~~~
../Core/Src/main.c:654:57: note: 'sprintf' output between 21 and 27 bytes into a destination of size 10
  654 |                                                         sprintf(int_to_str, "RPM-%05d t/min     ",rpm);
      |                                                         ^~~~~~~~~~~~~~~~~~~~~~~~~~~~~~~~~~~~~~~~~~~~~~
../Core/Src/main.c:658:82: warning: '%05d' directive writing 5 bytes into a region of size 2 [-Wformat-overflow=]
  658 |                                                     sprintf(int_to_str, "PWM_CMD-%05d/%03d%% ",pwm_n,pwm_n/20);
      |                                                                                  ^~~~
../Core/Src/main.c:658:53: note: 'sprintf' output between 20 and 22 bytes into a destination of size 10
  658 |                                                     sprintf(int_to_str, "PWM_CMD-%05d/%03d%% ",pwm_n,pwm_n/20);
      |                                                     ^~~~~~~~~~~~~~~~~~~~~~~~~~~~~~~~~~~~~~~~~~~~~~~~~~~~~~~~~~
../Core/Src/main.c:662:82: warning: '%05d' directive writing 5 bytes into a region of size 2 [-Wformat-overflow=]
  662 |                                                     sprintf(int_to_str, "ADC_avg-%05d ",current_avg);
      |                                                                                  ^~~~
../Core/Src/main.c:662:53: note: 'sprintf' output 15 bytes into a destination of size 10
  662 |                                                     sprintf(int_to_str, "ADC_avg-%05d ",current_avg);
      |                                                     ^~~~~~~~~~~~~~~~~~~~~~~~~~~~~~~~~~~~~~~~~~~~~~~~
../Core/Src/main.c:666:79: warning: 'sprintf' writing a terminating nul past the end of the destination [-Wformat-overflow=]
  666 |                                                 sprintf(int_to_str, "F=%05dHz ",f);
      |                                                                               ^
../Core/Src/main.c:666:49: note: 'sprintf' output 11 bytes into a destination of size 10
  666 |                                                 sprintf(int_to_str, "F=%05dHz ",f);
      |                                                 ^~~~~~~~~~~~~~~~~~~~~~~~~~~~~~~~~~
../Core/Src/main.c:675:92: warning: 'START_TIME:' directive writing 11 bytes into a region of size 10 [-Wformat-overflow=]
  675 |                                                             sprintf(int_to_str, "START_TIME:%02d:%02d:%02d",hour,min,sec);
      |                                                                                  ~~~~~~~~~~^
../Core/Src/main.c:675:61: note: 'sprintf' output between 20 and 23 bytes into a destination of size 10
  675 |                                                             sprintf(int_to_str, "START_TIME:%02d:%02d:%02d",hour,min,sec);
      |                                                             ^~~~~~~~~~~~~~~~~~~~~~~~~~~~~~~~~~~~~~~~~~~~~~~~~~~~~~~~~~~~~
../Core/Src/main.c:679:124: warning: ':' directive writing 1 byte into a region of size 0 [-Wformat-overflow=]
  679 |                                                                                         sprintf(int_to_str, "TIME:%02d:%02d:%02d",sTime.Hours,sTime.Minutes,sTime.Seconds);
      |                                                                                                                            ^
../Core/Src/main.c:679:89: note: 'sprintf' output between 14 and 17 bytes into a destination of size 10
  679 |                                                                                         sprintf(int_to_str, "TIME:%02d:%02d:%02d",sTime.Hours,sTime.Minutes,sTime.Seconds);
      |                                                                                         ^~~~~~~~~~~~~~~~~~~~~~~~~~~~~~~~~~~~~~~~~~~~~~~~~~~~~~~~~~~~~~~~~~~~~~~~~~~~~~~~~~
../Core/Src/main.c:699:113: warning: '%04d' directive writing between 4 and 5 bytes into a region of size between 0 and 2 [-Wformat-overflow=]
  699 |                                                                                 sprintf(int_to_str, "PWM-%02d%%/%04d",pwm[0]/20,pwm[0]);
      |                                                                                                                 ^~~~
../Core/Src/main.c:699:81: note: 'sprintf' output between 13 and 17 bytes into a destination of size 10
  699 |                                                                                 sprintf(int_to_str, "PWM-%02d%%/%04d",pwm[0]/20,pwm[0]);
      |                                                                                 ^~~~~~~~~~~~~~~~~~~~~~~~~~~~~~~~~~~~~~~~~~~~~~~~~~~~~~~
../Core/Src/main.c:703:105: warning: '%04d' directive writing between 4 and 5 bytes into a region of size between 0 and 2 [-Wformat-overflow=]
  703 |                                                                         sprintf(int_to_str, "PWM-%02d%%/%04d",pwm[1]/20,pwm[1]);
      |                                                                                                         ^~~~
../Core/Src/main.c:703:73: note: 'sprintf' output between 13 and 17 bytes into a destination of size 10
  703 |                                                                         sprintf(int_to_str, "PWM-%02d%%/%04d",pwm[1]/20,pwm[1]);
      |                                                                         ^~~~~~~~~~~~~~~~~~~~~~~~~~~~~~~~~~~~~~~~~~~~~~~~~~~~~~~
../Core/Src/main.c:707:109: warning: '%04d' directive writing between 4 and 5 bytes into a region of size between 0 and 2 [-Wformat-overflow=]
  707 |                                                                             sprintf(int_to_str, "PWM-%02d%%/%04d",pwm[2]/20,pwm[2]);
      |                                                                                                             ^~~~
../Core/Src/main.c:707:77: note: 'sprintf' output between 13 and 17 bytes into a destination of size 10
  707 |                                                                             sprintf(int_to_str, "PWM-%02d%%/%04d",pwm[2]/20,pwm[2]);
      |                                                                             ^~~~~~~~~~~~~~~~~~~~~~~~~~~~~~~~~~~~~~~~~~~~~~~~~~~~~~~
../Core/Src/main.c:711:105: warning: '%04d' directive writing between 4 and 5 bytes into a region of size between 0 and 2 [-Wformat-overflow=]
  711 |                                                                         sprintf(int_to_str, "PWM-%02d%%/%04d",pwm[3]/20,pwm[3]);
      |                                                                                                         ^~~~
../Core/Src/main.c:711:73: note: 'sprintf' output between 13 and 17 bytes into a destination of size 10
  711 |                                                                         sprintf(int_to_str, "PWM-%02d%%/%04d",pwm[3]/20,pwm[3]);
      |                                                                         ^~~~~~~~~~~~~~~~~~~~~~~~~~~~~~~~~~~~~~~~~~~~~~~~~~~~~~~
At top level:
../Core/Src/main.c:476:13: warning: 'I2C_Init' defined but not used [-Wunused-function]
  476 | static void I2C_Init(void)
      |             ^~~~~~~~
make: *** [Core/Src/subdir.mk:37: Core/Src/main.o] Error 1
make: *** Waiting for unfinished jobs....
"make -j16 all" terminated with exit code 2. Build might be incomplete.
15:08:17 **** Incremental Build of configuration Debug for project PWM_STEP_Driver ****
make -j16 all 
arm-none-eabi-gcc "../Core/Src/main.c" -mcpu=cortex-m4 -std=gnu11 -g3 -DDEBUG -DUSE_HAL_DRIVER -DSTM32F303xC -c -I../Core/Inc -I../Drivers/STM32F3xx_HAL_Driver/Inc/Legacy -I../Drivers/STM32F3xx_HAL_Driver/Inc -I../Drivers/CMSIS/Device/ST/STM32F3xx/Include -I../Drivers/CMSIS/Include -O0 -ffunction-sections -fdata-sections -Wall -fstack-usage -fcyclomatic-complexity -MMD -MP -MF"Core/Src/main.d" -MT"Core/Src/main.o" --specs=nano.specs -mfpu=fpv4-sp-d16 -mfloat-abi=hard -mthumb -o "Core/Src/main.o"
../Core/Src/main.c:134:2: error: unknown type name 'uint'; did you mean 'int'?
  134 |  uint period=0;
      |  ^~~~
      |  int
../Core/Src/main.c:136:2: error: unknown type name 'uint'; did you mean 'int'?
  136 |  uint rpm=0;
      |  ^~~~
      |  int
../Core/Src/main.c: In function 'main':
../Core/Src/main.c:606:33: warning: passing argument 2 of 'HAL_ADC_Start_DMA' from incompatible pointer type [-Wincompatible-pointer-types]
  606 |       HAL_ADC_Start_DMA(&hadc2, (uint16_t*)hall_sens, 5);
      |                                 ^~~~~~~~~~~~~~~~~~~~
      |                                 |
      |                                 uint16_t * {aka short unsigned int *}
In file included from ../Core/Inc/stm32f3xx_hal_conf.h:219,
                 from ../Drivers/STM32F3xx_HAL_Driver/Inc/stm32f3xx_hal.h:29,
                 from ../Core/Inc/main.h:30,
                 from ../Core/Src/main.c:20:
../Drivers/STM32F3xx_HAL_Driver/Inc/stm32f3xx_hal_adc.h:216:78: note: expected 'uint32_t *' {aka 'long unsigned int *'} but argument is of type 'uint16_t *' {aka 'short unsigned int *'}
  216 | HAL_StatusTypeDef       HAL_ADC_Start_DMA(ADC_HandleTypeDef* hadc, uint32_t* pData, uint32_t Length);
      |                                                                    ~~~~~~~~~~^~~~~
../Core/Src/main.c:761:43: warning: passing argument 2 of 'HAL_ADC_Start_DMA' from incompatible pointer type [-Wincompatible-pointer-types]
  761 |                 HAL_ADC_Start_DMA(&hadc2, (uint16_t*)hall_sens, 5);
      |                                           ^~~~~~~~~~~~~~~~~~~~
      |                                           |
      |                                           uint16_t * {aka short unsigned int *}
In file included from ../Core/Inc/stm32f3xx_hal_conf.h:219,
                 from ../Drivers/STM32F3xx_HAL_Driver/Inc/stm32f3xx_hal.h:29,
                 from ../Core/Inc/main.h:30,
                 from ../Core/Src/main.c:20:
../Drivers/STM32F3xx_HAL_Driver/Inc/stm32f3xx_hal_adc.h:216:78: note: expected 'uint32_t *' {aka 'long unsigned int *'} but argument is of type 'uint16_t *' {aka 'short unsigned int *'}
  216 | HAL_StatusTypeDef       HAL_ADC_Start_DMA(ADC_HandleTypeDef* hadc, uint32_t* pData, uint32_t Length);
      |                                                                    ~~~~~~~~~~^~~~~
../Core/Src/main.c:654:87: warning: ' t/min     ' directive writing 11 bytes into a region of size between 0 and 1 [-Wformat-overflow=]
  654 |                                                         sprintf(int_to_str, "RPM-%05d t/min     ",rpm);
      |                                                                                      ~^~~~~~~~~~
../Core/Src/main.c:654:57: note: 'sprintf' output between 21 and 27 bytes into a destination of size 10
  654 |                                                         sprintf(int_to_str, "RPM-%05d t/min     ",rpm);
      |                                                         ^~~~~~~~~~~~~~~~~~~~~~~~~~~~~~~~~~~~~~~~~~~~~~
../Core/Src/main.c:658:82: warning: '%05d' directive writing 5 bytes into a region of size 2 [-Wformat-overflow=]
  658 |                                                     sprintf(int_to_str, "PWM_CMD-%05d/%03d%% ",pwm_n,pwm_n/20);
      |                                                                                  ^~~~
../Core/Src/main.c:658:53: note: 'sprintf' output between 20 and 22 bytes into a destination of size 10
  658 |                                                     sprintf(int_to_str, "PWM_CMD-%05d/%03d%% ",pwm_n,pwm_n/20);
      |                                                     ^~~~~~~~~~~~~~~~~~~~~~~~~~~~~~~~~~~~~~~~~~~~~~~~~~~~~~~~~~
../Core/Src/main.c:662:82: warning: '%05d' directive writing 5 bytes into a region of size 2 [-Wformat-overflow=]
  662 |                                                     sprintf(int_to_str, "ADC_avg-%05d ",current_avg);
      |                                                                                  ^~~~
../Core/Src/main.c:662:53: note: 'sprintf' output 15 bytes into a destination of size 10
  662 |                                                     sprintf(int_to_str, "ADC_avg-%05d ",current_avg);
      |                                                     ^~~~~~~~~~~~~~~~~~~~~~~~~~~~~~~~~~~~~~~~~~~~~~~~
../Core/Src/main.c:666:79: warning: 'sprintf' writing a terminating nul past the end of the destination [-Wformat-overflow=]
  666 |                                                 sprintf(int_to_str, "F=%05dHz ",f);
      |                                                                               ^
../Core/Src/main.c:666:49: note: 'sprintf' output 11 bytes into a destination of size 10
  666 |                                                 sprintf(int_to_str, "F=%05dHz ",f);
      |                                                 ^~~~~~~~~~~~~~~~~~~~~~~~~~~~~~~~~~
../Core/Src/main.c:675:92: warning: 'START_TIME:' directive writing 11 bytes into a region of size 10 [-Wformat-overflow=]
  675 |                                                             sprintf(int_to_str, "START_TIME:%02d:%02d:%02d",hour,min,sec);
      |                                                                                  ~~~~~~~~~~^
../Core/Src/main.c:675:61: note: 'sprintf' output between 20 and 23 bytes into a destination of size 10
  675 |                                                             sprintf(int_to_str, "START_TIME:%02d:%02d:%02d",hour,min,sec);
      |                                                             ^~~~~~~~~~~~~~~~~~~~~~~~~~~~~~~~~~~~~~~~~~~~~~~~~~~~~~~~~~~~~
../Core/Src/main.c:679:124: warning: ':' directive writing 1 byte into a region of size 0 [-Wformat-overflow=]
  679 |                                                                                         sprintf(int_to_str, "TIME:%02d:%02d:%02d",sTime.Hours,sTime.Minutes,sTime.Seconds);
      |                                                                                                                            ^
../Core/Src/main.c:679:89: note: 'sprintf' output between 14 and 17 bytes into a destination of size 10
  679 |                                                                                         sprintf(int_to_str, "TIME:%02d:%02d:%02d",sTime.Hours,sTime.Minutes,sTime.Seconds);
      |                                                                                         ^~~~~~~~~~~~~~~~~~~~~~~~~~~~~~~~~~~~~~~~~~~~~~~~~~~~~~~~~~~~~~~~~~~~~~~~~~~~~~~~~~
../Core/Src/main.c:699:113: warning: '%04d' directive writing between 4 and 5 bytes into a region of size between 0 and 2 [-Wformat-overflow=]
  699 |                                                                                 sprintf(int_to_str, "PWM-%02d%%/%04d",pwm[0]/20,pwm[0]);
      |                                                                                                                 ^~~~
../Core/Src/main.c:699:81: note: 'sprintf' output between 13 and 17 bytes into a destination of size 10
  699 |                                                                                 sprintf(int_to_str, "PWM-%02d%%/%04d",pwm[0]/20,pwm[0]);
      |                                                                                 ^~~~~~~~~~~~~~~~~~~~~~~~~~~~~~~~~~~~~~~~~~~~~~~~~~~~~~~
../Core/Src/main.c:703:105: warning: '%04d' directive writing between 4 and 5 bytes into a region of size between 0 and 2 [-Wformat-overflow=]
  703 |                                                                         sprintf(int_to_str, "PWM-%02d%%/%04d",pwm[1]/20,pwm[1]);
      |                                                                                                         ^~~~
../Core/Src/main.c:703:73: note: 'sprintf' output between 13 and 17 bytes into a destination of size 10
  703 |                                                                         sprintf(int_to_str, "PWM-%02d%%/%04d",pwm[1]/20,pwm[1]);
      |                                                                         ^~~~~~~~~~~~~~~~~~~~~~~~~~~~~~~~~~~~~~~~~~~~~~~~~~~~~~~
../Core/Src/main.c:707:109: warning: '%04d' directive writing between 4 and 5 bytes into a region of size between 0 and 2 [-Wformat-overflow=]
  707 |                                                                             sprintf(int_to_str, "PWM-%02d%%/%04d",pwm[2]/20,pwm[2]);
      |                                                                                                             ^~~~
../Core/Src/main.c:707:77: note: 'sprintf' output between 13 and 17 bytes into a destination of size 10
  707 |                                                                             sprintf(int_to_str, "PWM-%02d%%/%04d",pwm[2]/20,pwm[2]);
      |                                                                             ^~~~~~~~~~~~~~~~~~~~~~~~~~~~~~~~~~~~~~~~~~~~~~~~~~~~~~~
../Core/Src/main.c:711:105: warning: '%04d' directive writing between 4 and 5 bytes into a region of size between 0 and 2 [-Wformat-overflow=]
  711 |                                                                         sprintf(int_to_str, "PWM-%02d%%/%04d",pwm[3]/20,pwm[3]);
      |                                                                                                         ^~~~
../Core/Src/main.c:711:73: note: 'sprintf' output between 13 and 17 bytes into a destination of size 10
  711 |                                                                         sprintf(int_to_str, "PWM-%02d%%/%04d",pwm[3]/20,pwm[3]);
      |                                                                         ^~~~~~~~~~~~~~~~~~~~~~~~~~~~~~~~~~~~~~~~~~~~~~~~~~~~~~~
At top level:
../Core/Src/main.c:476:13: warning: 'I2C_Init' defined but not used [-Wunused-function]
  476 | static void I2C_Init(void)
      |             ^~~~~~~~
make: *** [Core/Src/subdir.mk:37: Core/Src/main.o] Error 1
"make -j16 all" terminated with exit code 2. Build might be incomplete.
15:08:39 **** Incremental Build of configuration Debug for project PWM_STEP_Driver ****
make -j16 all 
arm-none-eabi-gcc "../Core/Src/main.c" -mcpu=cortex-m4 -std=gnu11 -g3 -DDEBUG -DUSE_HAL_DRIVER -DSTM32F303xC -c -I../Core/Inc -I../Drivers/STM32F3xx_HAL_Driver/Inc/Legacy -I../Drivers/STM32F3xx_HAL_Driver/Inc -I../Drivers/CMSIS/Device/ST/STM32F3xx/Include -I../Drivers/CMSIS/Include -O0 -ffunction-sections -fdata-sections -Wall -fstack-usage -fcyclomatic-complexity -MMD -MP -MF"Core/Src/main.d" -MT"Core/Src/main.o" --specs=nano.specs -mfpu=fpv4-sp-d16 -mfloat-abi=hard -mthumb -o "Core/Src/main.o"
../Core/Src/main.c: In function 'main':
../Core/Src/main.c:606:33: warning: passing argument 2 of 'HAL_ADC_Start_DMA' from incompatible pointer type [-Wincompatible-pointer-types]
  606 |       HAL_ADC_Start_DMA(&hadc2, (uint16_t*)hall_sens, 5);
      |                                 ^~~~~~~~~~~~~~~~~~~~
      |                                 |
      |                                 uint16_t * {aka short unsigned int *}
In file included from ../Core/Inc/stm32f3xx_hal_conf.h:219,
                 from ../Drivers/STM32F3xx_HAL_Driver/Inc/stm32f3xx_hal.h:29,
                 from ../Core/Inc/main.h:30,
                 from ../Core/Src/main.c:20:
../Drivers/STM32F3xx_HAL_Driver/Inc/stm32f3xx_hal_adc.h:216:78: note: expected 'uint32_t *' {aka 'long unsigned int *'} but argument is of type 'uint16_t *' {aka 'short unsigned int *'}
  216 | HAL_StatusTypeDef       HAL_ADC_Start_DMA(ADC_HandleTypeDef* hadc, uint32_t* pData, uint32_t Length);
      |                                                                    ~~~~~~~~~~^~~~~
../Core/Src/main.c:761:43: warning: passing argument 2 of 'HAL_ADC_Start_DMA' from incompatible pointer type [-Wincompatible-pointer-types]
  761 |                 HAL_ADC_Start_DMA(&hadc2, (uint16_t*)hall_sens, 5);
      |                                           ^~~~~~~~~~~~~~~~~~~~
      |                                           |
      |                                           uint16_t * {aka short unsigned int *}
In file included from ../Core/Inc/stm32f3xx_hal_conf.h:219,
                 from ../Drivers/STM32F3xx_HAL_Driver/Inc/stm32f3xx_hal.h:29,
                 from ../Core/Inc/main.h:30,
                 from ../Core/Src/main.c:20:
../Drivers/STM32F3xx_HAL_Driver/Inc/stm32f3xx_hal_adc.h:216:78: note: expected 'uint32_t *' {aka 'long unsigned int *'} but argument is of type 'uint16_t *' {aka 'short unsigned int *'}
  216 | HAL_StatusTypeDef       HAL_ADC_Start_DMA(ADC_HandleTypeDef* hadc, uint32_t* pData, uint32_t Length);
      |                                                                    ~~~~~~~~~~^~~~~
../Core/Src/main.c:654:87: warning: ' t/min     ' directive writing 11 bytes into a region of size between 0 and 1 [-Wformat-overflow=]
  654 |                                                         sprintf(int_to_str, "RPM-%05d t/min     ",rpm);
      |                                                                                      ~^~~~~~~~~~
../Core/Src/main.c:654:57: note: 'sprintf' output between 21 and 27 bytes into a destination of size 10
  654 |                                                         sprintf(int_to_str, "RPM-%05d t/min     ",rpm);
      |                                                         ^~~~~~~~~~~~~~~~~~~~~~~~~~~~~~~~~~~~~~~~~~~~~~
../Core/Src/main.c:658:82: warning: '%05d' directive writing 5 bytes into a region of size 2 [-Wformat-overflow=]
  658 |                                                     sprintf(int_to_str, "PWM_CMD-%05d/%03d%% ",pwm_n,pwm_n/20);
      |                                                                                  ^~~~
../Core/Src/main.c:658:53: note: 'sprintf' output between 20 and 22 bytes into a destination of size 10
  658 |                                                     sprintf(int_to_str, "PWM_CMD-%05d/%03d%% ",pwm_n,pwm_n/20);
      |                                                     ^~~~~~~~~~~~~~~~~~~~~~~~~~~~~~~~~~~~~~~~~~~~~~~~~~~~~~~~~~
../Core/Src/main.c:662:82: warning: '%05d' directive writing 5 bytes into a region of size 2 [-Wformat-overflow=]
  662 |                                                     sprintf(int_to_str, "ADC_avg-%05d ",current_avg);
      |                                                                                  ^~~~
../Core/Src/main.c:662:53: note: 'sprintf' output 15 bytes into a destination of size 10
  662 |                                                     sprintf(int_to_str, "ADC_avg-%05d ",current_avg);
      |                                                     ^~~~~~~~~~~~~~~~~~~~~~~~~~~~~~~~~~~~~~~~~~~~~~~~
../Core/Src/main.c:666:79: warning: 'sprintf' writing a terminating nul past the end of the destination [-Wformat-overflow=]
  666 |                                                 sprintf(int_to_str, "F=%05dHz ",f);
      |                                                                               ^
../Core/Src/main.c:666:49: note: 'sprintf' output 11 bytes into a destination of size 10
  666 |                                                 sprintf(int_to_str, "F=%05dHz ",f);
      |                                                 ^~~~~~~~~~~~~~~~~~~~~~~~~~~~~~~~~~
../Core/Src/main.c:675:92: warning: 'START_TIME:' directive writing 11 bytes into a region of size 10 [-Wformat-overflow=]
  675 |                                                             sprintf(int_to_str, "START_TIME:%02d:%02d:%02d",hour,min,sec);
      |                                                                                  ~~~~~~~~~~^
../Core/Src/main.c:675:61: note: 'sprintf' output between 20 and 23 bytes into a destination of size 10
  675 |                                                             sprintf(int_to_str, "START_TIME:%02d:%02d:%02d",hour,min,sec);
      |                                                             ^~~~~~~~~~~~~~~~~~~~~~~~~~~~~~~~~~~~~~~~~~~~~~~~~~~~~~~~~~~~~
../Core/Src/main.c:679:124: warning: ':' directive writing 1 byte into a region of size 0 [-Wformat-overflow=]
  679 |                                                                                         sprintf(int_to_str, "TIME:%02d:%02d:%02d",sTime.Hours,sTime.Minutes,sTime.Seconds);
      |                                                                                                                            ^
../Core/Src/main.c:679:89: note: 'sprintf' output between 14 and 17 bytes into a destination of size 10
  679 |                                                                                         sprintf(int_to_str, "TIME:%02d:%02d:%02d",sTime.Hours,sTime.Minutes,sTime.Seconds);
      |                                                                                         ^~~~~~~~~~~~~~~~~~~~~~~~~~~~~~~~~~~~~~~~~~~~~~~~~~~~~~~~~~~~~~~~~~~~~~~~~~~~~~~~~~
../Core/Src/main.c:699:113: warning: '%04d' directive writing between 4 and 5 bytes into a region of size between 0 and 2 [-Wformat-overflow=]
  699 |                                                                                 sprintf(int_to_str, "PWM-%02d%%/%04d",pwm[0]/20,pwm[0]);
      |                                                                                                                 ^~~~
../Core/Src/main.c:699:81: note: 'sprintf' output between 13 and 17 bytes into a destination of size 10
  699 |                                                                                 sprintf(int_to_str, "PWM-%02d%%/%04d",pwm[0]/20,pwm[0]);
      |                                                                                 ^~~~~~~~~~~~~~~~~~~~~~~~~~~~~~~~~~~~~~~~~~~~~~~~~~~~~~~
../Core/Src/main.c:703:105: warning: '%04d' directive writing between 4 and 5 bytes into a region of size between 0 and 2 [-Wformat-overflow=]
  703 |                                                                         sprintf(int_to_str, "PWM-%02d%%/%04d",pwm[1]/20,pwm[1]);
      |                                                                                                         ^~~~
../Core/Src/main.c:703:73: note: 'sprintf' output between 13 and 17 bytes into a destination of size 10
  703 |                                                                         sprintf(int_to_str, "PWM-%02d%%/%04d",pwm[1]/20,pwm[1]);
      |                                                                         ^~~~~~~~~~~~~~~~~~~~~~~~~~~~~~~~~~~~~~~~~~~~~~~~~~~~~~~
../Core/Src/main.c:707:109: warning: '%04d' directive writing between 4 and 5 bytes into a region of size between 0 and 2 [-Wformat-overflow=]
  707 |                                                                             sprintf(int_to_str, "PWM-%02d%%/%04d",pwm[2]/20,pwm[2]);
      |                                                                                                             ^~~~
../Core/Src/main.c:707:77: note: 'sprintf' output between 13 and 17 bytes into a destination of size 10
  707 |                                                                             sprintf(int_to_str, "PWM-%02d%%/%04d",pwm[2]/20,pwm[2]);
      |                                                                             ^~~~~~~~~~~~~~~~~~~~~~~~~~~~~~~~~~~~~~~~~~~~~~~~~~~~~~~
../Core/Src/main.c:711:105: warning: '%04d' directive writing between 4 and 5 bytes into a region of size between 0 and 2 [-Wformat-overflow=]
  711 |                                                                         sprintf(int_to_str, "PWM-%02d%%/%04d",pwm[3]/20,pwm[3]);
      |                                                                                                         ^~~~
../Core/Src/main.c:711:73: note: 'sprintf' output between 13 and 17 bytes into a destination of size 10
  711 |                                                                         sprintf(int_to_str, "PWM-%02d%%/%04d",pwm[3]/20,pwm[3]);
      |                                                                         ^~~~~~~~~~~~~~~~~~~~~~~~~~~~~~~~~~~~~~~~~~~~~~~~~~~~~~~
At top level:
../Core/Src/main.c:476:13: warning: 'I2C_Init' defined but not used [-Wunused-function]
  476 | static void I2C_Init(void)
      |             ^~~~~~~~
arm-none-eabi-gcc -o "PWM_STEP_Driver.elf" @"objects.list"   -mcpu=cortex-m4 -T"C:\Users\chipi\Documents\GitHub\STEP_driver\PWM_STEP_Driver\STM32F303CCTX_FLASH.ld" --specs=nosys.specs -Wl,-Map="PWM_STEP_Driver.map" -Wl,--gc-sections -static --specs=nano.specs -mfpu=fpv4-sp-d16 -mfloat-abi=hard -mthumb -Wl,--start-group -lc -lm -Wl,--end-group
Finished building target: PWM_STEP_Driver.elf
 
arm-none-eabi-size   PWM_STEP_Driver.elf 
arm-none-eabi-objdump -h -S  PWM_STEP_Driver.elf  > "PWM_STEP_Driver.list"
   text	   data	    bss	    dec	    hex	filename
  48536	    112	   3160	  51808	   ca60	PWM_STEP_Driver.elf
arm-none-eabi-objcopy  -O ihex  PWM_STEP_Driver.elf  "PWM_STEP_Driver.hex"
Finished building: default.size.stdout
arm-none-eabi-objcopy  -O binary  PWM_STEP_Driver.elf  "PWM_STEP_Driver.bin"
 
Finished building: PWM_STEP_Driver.list
Finished building: PWM_STEP_Driver.hex
Finished building: PWM_STEP_Driver.bin
 
 
 
15:08:47 **** Incremental Build of configuration Debug for project PWM_STEP_Driver ****
make -j16 all 
arm-none-eabi-size   PWM_STEP_Driver.elf 
   text	   data	    bss	    dec	    hex	filename
  48536	    112	   3160	  51808	   ca60	PWM_STEP_Driver.elf
Finished building: default.size.stdout
 
15:09:13 **** Incremental Build of configuration Debug for project PWM_STEP_Driver ****
make -j16 all 
arm-none-eabi-size   PWM_STEP_Driver.elf 
   text	   data	    bss	    dec	    hex	filename
  48536	    112	   3160	  51808	   ca60	PWM_STEP_Driver.elf
Finished building: default.size.stdout
 
15:14:25 **** Incremental Build of configuration Debug for project PWM_STEP_Driver ****
make -j16 all 
arm-none-eabi-gcc "../Drivers/STM32F3xx_HAL_Driver/Src/stm32f3xx_hal.c" -mcpu=cortex-m4 -std=gnu11 -g3 -DDEBUG -DUSE_HAL_DRIVER -DSTM32F303xC -c -I../Core/Inc -I../Drivers/STM32F3xx_HAL_Driver/Inc/Legacy -I../Drivers/STM32F3xx_HAL_Driver/Inc -I../Drivers/CMSIS/Device/ST/STM32F3xx/Include -I../Drivers/CMSIS/Include -O0 -ffunction-sections -fdata-sections -Wall -fstack-usage -fcyclomatic-complexity -MMD -MP -MF"Drivers/STM32F3xx_HAL_Driver/Src/stm32f3xx_hal.d" -MT"Drivers/STM32F3xx_HAL_Driver/Src/stm32f3xx_hal.o" --specs=nano.specs -mfpu=fpv4-sp-d16 -mfloat-abi=hard -mthumb -o "Drivers/STM32F3xx_HAL_Driver/Src/stm32f3xx_hal.o"
arm-none-eabi-gcc "../Drivers/STM32F3xx_HAL_Driver/Src/stm32f3xx_hal_adc.c" -mcpu=cortex-m4 -std=gnu11 -g3 -DDEBUG -DUSE_HAL_DRIVER -DSTM32F303xC -c -I../Core/Inc -I../Drivers/STM32F3xx_HAL_Driver/Inc/Legacy -I../Drivers/STM32F3xx_HAL_Driver/Inc -I../Drivers/CMSIS/Device/ST/STM32F3xx/Include -I../Drivers/CMSIS/Include -O0 -ffunction-sections -fdata-sections -Wall -fstack-usage -fcyclomatic-complexity -MMD -MP -MF"Drivers/STM32F3xx_HAL_Driver/Src/stm32f3xx_hal_adc.d" -MT"Drivers/STM32F3xx_HAL_Driver/Src/stm32f3xx_hal_adc.o" --specs=nano.specs -mfpu=fpv4-sp-d16 -mfloat-abi=hard -mthumb -o "Drivers/STM32F3xx_HAL_Driver/Src/stm32f3xx_hal_adc.o"
arm-none-eabi-gcc "../Drivers/STM32F3xx_HAL_Driver/Src/stm32f3xx_hal_adc_ex.c" -mcpu=cortex-m4 -std=gnu11 -g3 -DDEBUG -DUSE_HAL_DRIVER -DSTM32F303xC -c -I../Core/Inc -I../Drivers/STM32F3xx_HAL_Driver/Inc/Legacy -I../Drivers/STM32F3xx_HAL_Driver/Inc -I../Drivers/CMSIS/Device/ST/STM32F3xx/Include -I../Drivers/CMSIS/Include -O0 -ffunction-sections -fdata-sections -Wall -fstack-usage -fcyclomatic-complexity -MMD -MP -MF"Drivers/STM32F3xx_HAL_Driver/Src/stm32f3xx_hal_adc_ex.d" -MT"Drivers/STM32F3xx_HAL_Driver/Src/stm32f3xx_hal_adc_ex.o" --specs=nano.specs -mfpu=fpv4-sp-d16 -mfloat-abi=hard -mthumb -o "Drivers/STM32F3xx_HAL_Driver/Src/stm32f3xx_hal_adc_ex.o"
arm-none-eabi-gcc "../Drivers/STM32F3xx_HAL_Driver/Src/stm32f3xx_hal_cortex.c" -mcpu=cortex-m4 -std=gnu11 -g3 -DDEBUG -DUSE_HAL_DRIVER -DSTM32F303xC -c -I../Core/Inc -I../Drivers/STM32F3xx_HAL_Driver/Inc/Legacy -I../Drivers/STM32F3xx_HAL_Driver/Inc -I../Drivers/CMSIS/Device/ST/STM32F3xx/Include -I../Drivers/CMSIS/Include -O0 -ffunction-sections -fdata-sections -Wall -fstack-usage -fcyclomatic-complexity -MMD -MP -MF"Drivers/STM32F3xx_HAL_Driver/Src/stm32f3xx_hal_cortex.d" -MT"Drivers/STM32F3xx_HAL_Driver/Src/stm32f3xx_hal_cortex.o" --specs=nano.specs -mfpu=fpv4-sp-d16 -mfloat-abi=hard -mthumb -o "Drivers/STM32F3xx_HAL_Driver/Src/stm32f3xx_hal_cortex.o"
arm-none-eabi-gcc "../Drivers/STM32F3xx_HAL_Driver/Src/stm32f3xx_hal_dma.c" -mcpu=cortex-m4 -std=gnu11 -g3 -DDEBUG -DUSE_HAL_DRIVER -DSTM32F303xC -c -I../Core/Inc -I../Drivers/STM32F3xx_HAL_Driver/Inc/Legacy -I../Drivers/STM32F3xx_HAL_Driver/Inc -I../Drivers/CMSIS/Device/ST/STM32F3xx/Include -I../Drivers/CMSIS/Include -O0 -ffunction-sections -fdata-sections -Wall -fstack-usage -fcyclomatic-complexity -MMD -MP -MF"Drivers/STM32F3xx_HAL_Driver/Src/stm32f3xx_hal_dma.d" -MT"Drivers/STM32F3xx_HAL_Driver/Src/stm32f3xx_hal_dma.o" --specs=nano.specs -mfpu=fpv4-sp-d16 -mfloat-abi=hard -mthumb -o "Drivers/STM32F3xx_HAL_Driver/Src/stm32f3xx_hal_dma.o"
arm-none-eabi-gcc "../Drivers/STM32F3xx_HAL_Driver/Src/stm32f3xx_hal_exti.c" -mcpu=cortex-m4 -std=gnu11 -g3 -DDEBUG -DUSE_HAL_DRIVER -DSTM32F303xC -c -I../Core/Inc -I../Drivers/STM32F3xx_HAL_Driver/Inc/Legacy -I../Drivers/STM32F3xx_HAL_Driver/Inc -I../Drivers/CMSIS/Device/ST/STM32F3xx/Include -I../Drivers/CMSIS/Include -O0 -ffunction-sections -fdata-sections -Wall -fstack-usage -fcyclomatic-complexity -MMD -MP -MF"Drivers/STM32F3xx_HAL_Driver/Src/stm32f3xx_hal_exti.d" -MT"Drivers/STM32F3xx_HAL_Driver/Src/stm32f3xx_hal_exti.o" --specs=nano.specs -mfpu=fpv4-sp-d16 -mfloat-abi=hard -mthumb -o "Drivers/STM32F3xx_HAL_Driver/Src/stm32f3xx_hal_exti.o"
arm-none-eabi-gcc "../Drivers/STM32F3xx_HAL_Driver/Src/stm32f3xx_hal_flash.c" -mcpu=cortex-m4 -std=gnu11 -g3 -DDEBUG -DUSE_HAL_DRIVER -DSTM32F303xC -c -I../Core/Inc -I../Drivers/STM32F3xx_HAL_Driver/Inc/Legacy -I../Drivers/STM32F3xx_HAL_Driver/Inc -I../Drivers/CMSIS/Device/ST/STM32F3xx/Include -I../Drivers/CMSIS/Include -O0 -ffunction-sections -fdata-sections -Wall -fstack-usage -fcyclomatic-complexity -MMD -MP -MF"Drivers/STM32F3xx_HAL_Driver/Src/stm32f3xx_hal_flash.d" -MT"Drivers/STM32F3xx_HAL_Driver/Src/stm32f3xx_hal_flash.o" --specs=nano.specs -mfpu=fpv4-sp-d16 -mfloat-abi=hard -mthumb -o "Drivers/STM32F3xx_HAL_Driver/Src/stm32f3xx_hal_flash.o"
arm-none-eabi-gcc "../Drivers/STM32F3xx_HAL_Driver/Src/stm32f3xx_hal_flash_ex.c" -mcpu=cortex-m4 -std=gnu11 -g3 -DDEBUG -DUSE_HAL_DRIVER -DSTM32F303xC -c -I../Core/Inc -I../Drivers/STM32F3xx_HAL_Driver/Inc/Legacy -I../Drivers/STM32F3xx_HAL_Driver/Inc -I../Drivers/CMSIS/Device/ST/STM32F3xx/Include -I../Drivers/CMSIS/Include -O0 -ffunction-sections -fdata-sections -Wall -fstack-usage -fcyclomatic-complexity -MMD -MP -MF"Drivers/STM32F3xx_HAL_Driver/Src/stm32f3xx_hal_flash_ex.d" -MT"Drivers/STM32F3xx_HAL_Driver/Src/stm32f3xx_hal_flash_ex.o" --specs=nano.specs -mfpu=fpv4-sp-d16 -mfloat-abi=hard -mthumb -o "Drivers/STM32F3xx_HAL_Driver/Src/stm32f3xx_hal_flash_ex.o"
arm-none-eabi-gcc "../Drivers/STM32F3xx_HAL_Driver/Src/stm32f3xx_hal_gpio.c" -mcpu=cortex-m4 -std=gnu11 -g3 -DDEBUG -DUSE_HAL_DRIVER -DSTM32F303xC -c -I../Core/Inc -I../Drivers/STM32F3xx_HAL_Driver/Inc/Legacy -I../Drivers/STM32F3xx_HAL_Driver/Inc -I../Drivers/CMSIS/Device/ST/STM32F3xx/Include -I../Drivers/CMSIS/Include -O0 -ffunction-sections -fdata-sections -Wall -fstack-usage -fcyclomatic-complexity -MMD -MP -MF"Drivers/STM32F3xx_HAL_Driver/Src/stm32f3xx_hal_gpio.d" -MT"Drivers/STM32F3xx_HAL_Driver/Src/stm32f3xx_hal_gpio.o" --specs=nano.specs -mfpu=fpv4-sp-d16 -mfloat-abi=hard -mthumb -o "Drivers/STM32F3xx_HAL_Driver/Src/stm32f3xx_hal_gpio.o"
arm-none-eabi-gcc "../Drivers/STM32F3xx_HAL_Driver/Src/stm32f3xx_hal_i2c.c" -mcpu=cortex-m4 -std=gnu11 -g3 -DDEBUG -DUSE_HAL_DRIVER -DSTM32F303xC -c -I../Core/Inc -I../Drivers/STM32F3xx_HAL_Driver/Inc/Legacy -I../Drivers/STM32F3xx_HAL_Driver/Inc -I../Drivers/CMSIS/Device/ST/STM32F3xx/Include -I../Drivers/CMSIS/Include -O0 -ffunction-sections -fdata-sections -Wall -fstack-usage -fcyclomatic-complexity -MMD -MP -MF"Drivers/STM32F3xx_HAL_Driver/Src/stm32f3xx_hal_i2c.d" -MT"Drivers/STM32F3xx_HAL_Driver/Src/stm32f3xx_hal_i2c.o" --specs=nano.specs -mfpu=fpv4-sp-d16 -mfloat-abi=hard -mthumb -o "Drivers/STM32F3xx_HAL_Driver/Src/stm32f3xx_hal_i2c.o"
arm-none-eabi-gcc "../Drivers/STM32F3xx_HAL_Driver/Src/stm32f3xx_hal_i2c_ex.c" -mcpu=cortex-m4 -std=gnu11 -g3 -DDEBUG -DUSE_HAL_DRIVER -DSTM32F303xC -c -I../Core/Inc -I../Drivers/STM32F3xx_HAL_Driver/Inc/Legacy -I../Drivers/STM32F3xx_HAL_Driver/Inc -I../Drivers/CMSIS/Device/ST/STM32F3xx/Include -I../Drivers/CMSIS/Include -O0 -ffunction-sections -fdata-sections -Wall -fstack-usage -fcyclomatic-complexity -MMD -MP -MF"Drivers/STM32F3xx_HAL_Driver/Src/stm32f3xx_hal_i2c_ex.d" -MT"Drivers/STM32F3xx_HAL_Driver/Src/stm32f3xx_hal_i2c_ex.o" --specs=nano.specs -mfpu=fpv4-sp-d16 -mfloat-abi=hard -mthumb -o "Drivers/STM32F3xx_HAL_Driver/Src/stm32f3xx_hal_i2c_ex.o"
arm-none-eabi-gcc "../Drivers/STM32F3xx_HAL_Driver/Src/stm32f3xx_hal_pwr.c" -mcpu=cortex-m4 -std=gnu11 -g3 -DDEBUG -DUSE_HAL_DRIVER -DSTM32F303xC -c -I../Core/Inc -I../Drivers/STM32F3xx_HAL_Driver/Inc/Legacy -I../Drivers/STM32F3xx_HAL_Driver/Inc -I../Drivers/CMSIS/Device/ST/STM32F3xx/Include -I../Drivers/CMSIS/Include -O0 -ffunction-sections -fdata-sections -Wall -fstack-usage -fcyclomatic-complexity -MMD -MP -MF"Drivers/STM32F3xx_HAL_Driver/Src/stm32f3xx_hal_pwr.d" -MT"Drivers/STM32F3xx_HAL_Driver/Src/stm32f3xx_hal_pwr.o" --specs=nano.specs -mfpu=fpv4-sp-d16 -mfloat-abi=hard -mthumb -o "Drivers/STM32F3xx_HAL_Driver/Src/stm32f3xx_hal_pwr.o"
arm-none-eabi-gcc "../Drivers/STM32F3xx_HAL_Driver/Src/stm32f3xx_hal_pwr_ex.c" -mcpu=cortex-m4 -std=gnu11 -g3 -DDEBUG -DUSE_HAL_DRIVER -DSTM32F303xC -c -I../Core/Inc -I../Drivers/STM32F3xx_HAL_Driver/Inc/Legacy -I../Drivers/STM32F3xx_HAL_Driver/Inc -I../Drivers/CMSIS/Device/ST/STM32F3xx/Include -I../Drivers/CMSIS/Include -O0 -ffunction-sections -fdata-sections -Wall -fstack-usage -fcyclomatic-complexity -MMD -MP -MF"Drivers/STM32F3xx_HAL_Driver/Src/stm32f3xx_hal_pwr_ex.d" -MT"Drivers/STM32F3xx_HAL_Driver/Src/stm32f3xx_hal_pwr_ex.o" --specs=nano.specs -mfpu=fpv4-sp-d16 -mfloat-abi=hard -mthumb -o "Drivers/STM32F3xx_HAL_Driver/Src/stm32f3xx_hal_pwr_ex.o"
arm-none-eabi-gcc "../Drivers/STM32F3xx_HAL_Driver/Src/stm32f3xx_hal_rcc.c" -mcpu=cortex-m4 -std=gnu11 -g3 -DDEBUG -DUSE_HAL_DRIVER -DSTM32F303xC -c -I../Core/Inc -I../Drivers/STM32F3xx_HAL_Driver/Inc/Legacy -I../Drivers/STM32F3xx_HAL_Driver/Inc -I../Drivers/CMSIS/Device/ST/STM32F3xx/Include -I../Drivers/CMSIS/Include -O0 -ffunction-sections -fdata-sections -Wall -fstack-usage -fcyclomatic-complexity -MMD -MP -MF"Drivers/STM32F3xx_HAL_Driver/Src/stm32f3xx_hal_rcc.d" -MT"Drivers/STM32F3xx_HAL_Driver/Src/stm32f3xx_hal_rcc.o" --specs=nano.specs -mfpu=fpv4-sp-d16 -mfloat-abi=hard -mthumb -o "Drivers/STM32F3xx_HAL_Driver/Src/stm32f3xx_hal_rcc.o"
arm-none-eabi-gcc "../Drivers/STM32F3xx_HAL_Driver/Src/stm32f3xx_hal_rcc_ex.c" -mcpu=cortex-m4 -std=gnu11 -g3 -DDEBUG -DUSE_HAL_DRIVER -DSTM32F303xC -c -I../Core/Inc -I../Drivers/STM32F3xx_HAL_Driver/Inc/Legacy -I../Drivers/STM32F3xx_HAL_Driver/Inc -I../Drivers/CMSIS/Device/ST/STM32F3xx/Include -I../Drivers/CMSIS/Include -O0 -ffunction-sections -fdata-sections -Wall -fstack-usage -fcyclomatic-complexity -MMD -MP -MF"Drivers/STM32F3xx_HAL_Driver/Src/stm32f3xx_hal_rcc_ex.d" -MT"Drivers/STM32F3xx_HAL_Driver/Src/stm32f3xx_hal_rcc_ex.o" --specs=nano.specs -mfpu=fpv4-sp-d16 -mfloat-abi=hard -mthumb -o "Drivers/STM32F3xx_HAL_Driver/Src/stm32f3xx_hal_rcc_ex.o"
arm-none-eabi-gcc "../Drivers/STM32F3xx_HAL_Driver/Src/stm32f3xx_hal_rtc.c" -mcpu=cortex-m4 -std=gnu11 -g3 -DDEBUG -DUSE_HAL_DRIVER -DSTM32F303xC -c -I../Core/Inc -I../Drivers/STM32F3xx_HAL_Driver/Inc/Legacy -I../Drivers/STM32F3xx_HAL_Driver/Inc -I../Drivers/CMSIS/Device/ST/STM32F3xx/Include -I../Drivers/CMSIS/Include -O0 -ffunction-sections -fdata-sections -Wall -fstack-usage -fcyclomatic-complexity -MMD -MP -MF"Drivers/STM32F3xx_HAL_Driver/Src/stm32f3xx_hal_rtc.d" -MT"Drivers/STM32F3xx_HAL_Driver/Src/stm32f3xx_hal_rtc.o" --specs=nano.specs -mfpu=fpv4-sp-d16 -mfloat-abi=hard -mthumb -o "Drivers/STM32F3xx_HAL_Driver/Src/stm32f3xx_hal_rtc.o"
arm-none-eabi-gcc "../Drivers/STM32F3xx_HAL_Driver/Src/stm32f3xx_hal_rtc_ex.c" -mcpu=cortex-m4 -std=gnu11 -g3 -DDEBUG -DUSE_HAL_DRIVER -DSTM32F303xC -c -I../Core/Inc -I../Drivers/STM32F3xx_HAL_Driver/Inc/Legacy -I../Drivers/STM32F3xx_HAL_Driver/Inc -I../Drivers/CMSIS/Device/ST/STM32F3xx/Include -I../Drivers/CMSIS/Include -O0 -ffunction-sections -fdata-sections -Wall -fstack-usage -fcyclomatic-complexity -MMD -MP -MF"Drivers/STM32F3xx_HAL_Driver/Src/stm32f3xx_hal_rtc_ex.d" -MT"Drivers/STM32F3xx_HAL_Driver/Src/stm32f3xx_hal_rtc_ex.o" --specs=nano.specs -mfpu=fpv4-sp-d16 -mfloat-abi=hard -mthumb -o "Drivers/STM32F3xx_HAL_Driver/Src/stm32f3xx_hal_rtc_ex.o"
arm-none-eabi-gcc "../Drivers/STM32F3xx_HAL_Driver/Src/stm32f3xx_hal_tim.c" -mcpu=cortex-m4 -std=gnu11 -g3 -DDEBUG -DUSE_HAL_DRIVER -DSTM32F303xC -c -I../Core/Inc -I../Drivers/STM32F3xx_HAL_Driver/Inc/Legacy -I../Drivers/STM32F3xx_HAL_Driver/Inc -I../Drivers/CMSIS/Device/ST/STM32F3xx/Include -I../Drivers/CMSIS/Include -O0 -ffunction-sections -fdata-sections -Wall -fstack-usage -fcyclomatic-complexity -MMD -MP -MF"Drivers/STM32F3xx_HAL_Driver/Src/stm32f3xx_hal_tim.d" -MT"Drivers/STM32F3xx_HAL_Driver/Src/stm32f3xx_hal_tim.o" --specs=nano.specs -mfpu=fpv4-sp-d16 -mfloat-abi=hard -mthumb -o "Drivers/STM32F3xx_HAL_Driver/Src/stm32f3xx_hal_tim.o"
arm-none-eabi-gcc "../Drivers/STM32F3xx_HAL_Driver/Src/stm32f3xx_hal_tim_ex.c" -mcpu=cortex-m4 -std=gnu11 -g3 -DDEBUG -DUSE_HAL_DRIVER -DSTM32F303xC -c -I../Core/Inc -I../Drivers/STM32F3xx_HAL_Driver/Inc/Legacy -I../Drivers/STM32F3xx_HAL_Driver/Inc -I../Drivers/CMSIS/Device/ST/STM32F3xx/Include -I../Drivers/CMSIS/Include -O0 -ffunction-sections -fdata-sections -Wall -fstack-usage -fcyclomatic-complexity -MMD -MP -MF"Drivers/STM32F3xx_HAL_Driver/Src/stm32f3xx_hal_tim_ex.d" -MT"Drivers/STM32F3xx_HAL_Driver/Src/stm32f3xx_hal_tim_ex.o" --specs=nano.specs -mfpu=fpv4-sp-d16 -mfloat-abi=hard -mthumb -o "Drivers/STM32F3xx_HAL_Driver/Src/stm32f3xx_hal_tim_ex.o"
arm-none-eabi-gcc "../Drivers/STM32F3xx_HAL_Driver/Src/stm32f3xx_hal_uart.c" -mcpu=cortex-m4 -std=gnu11 -g3 -DDEBUG -DUSE_HAL_DRIVER -DSTM32F303xC -c -I../Core/Inc -I../Drivers/STM32F3xx_HAL_Driver/Inc/Legacy -I../Drivers/STM32F3xx_HAL_Driver/Inc -I../Drivers/CMSIS/Device/ST/STM32F3xx/Include -I../Drivers/CMSIS/Include -O0 -ffunction-sections -fdata-sections -Wall -fstack-usage -fcyclomatic-complexity -MMD -MP -MF"Drivers/STM32F3xx_HAL_Driver/Src/stm32f3xx_hal_uart.d" -MT"Drivers/STM32F3xx_HAL_Driver/Src/stm32f3xx_hal_uart.o" --specs=nano.specs -mfpu=fpv4-sp-d16 -mfloat-abi=hard -mthumb -o "Drivers/STM32F3xx_HAL_Driver/Src/stm32f3xx_hal_uart.o"
arm-none-eabi-gcc "../Drivers/STM32F3xx_HAL_Driver/Src/stm32f3xx_hal_uart_ex.c" -mcpu=cortex-m4 -std=gnu11 -g3 -DDEBUG -DUSE_HAL_DRIVER -DSTM32F303xC -c -I../Core/Inc -I../Drivers/STM32F3xx_HAL_Driver/Inc/Legacy -I../Drivers/STM32F3xx_HAL_Driver/Inc -I../Drivers/CMSIS/Device/ST/STM32F3xx/Include -I../Drivers/CMSIS/Include -O0 -ffunction-sections -fdata-sections -Wall -fstack-usage -fcyclomatic-complexity -MMD -MP -MF"Drivers/STM32F3xx_HAL_Driver/Src/stm32f3xx_hal_uart_ex.d" -MT"Drivers/STM32F3xx_HAL_Driver/Src/stm32f3xx_hal_uart_ex.o" --specs=nano.specs -mfpu=fpv4-sp-d16 -mfloat-abi=hard -mthumb -o "Drivers/STM32F3xx_HAL_Driver/Src/stm32f3xx_hal_uart_ex.o"
arm-none-eabi-gcc "../Core/Src/i2c_user.c" -mcpu=cortex-m4 -std=gnu11 -g3 -DDEBUG -DUSE_HAL_DRIVER -DSTM32F303xC -c -I../Core/Inc -I../Drivers/STM32F3xx_HAL_Driver/Inc/Legacy -I../Drivers/STM32F3xx_HAL_Driver/Inc -I../Drivers/CMSIS/Device/ST/STM32F3xx/Include -I../Drivers/CMSIS/Include -O0 -ffunction-sections -fdata-sections -Wall -fstack-usage -fcyclomatic-complexity -MMD -MP -MF"Core/Src/i2c_user.d" -MT"Core/Src/i2c_user.o" --specs=nano.specs -mfpu=fpv4-sp-d16 -mfloat-abi=hard -mthumb -o "Core/Src/i2c_user.o"
arm-none-eabi-gcc "../Core/Src/main.c" -mcpu=cortex-m4 -std=gnu11 -g3 -DDEBUG -DUSE_HAL_DRIVER -DSTM32F303xC -c -I../Core/Inc -I../Drivers/STM32F3xx_HAL_Driver/Inc/Legacy -I../Drivers/STM32F3xx_HAL_Driver/Inc -I../Drivers/CMSIS/Device/ST/STM32F3xx/Include -I../Drivers/CMSIS/Include -O0 -ffunction-sections -fdata-sections -Wall -fstack-usage -fcyclomatic-complexity -MMD -MP -MF"Core/Src/main.d" -MT"Core/Src/main.o" --specs=nano.specs -mfpu=fpv4-sp-d16 -mfloat-abi=hard -mthumb -o "Core/Src/main.o"
arm-none-eabi-gcc "../Core/Src/stm32f3xx_hal_msp.c" -mcpu=cortex-m4 -std=gnu11 -g3 -DDEBUG -DUSE_HAL_DRIVER -DSTM32F303xC -c -I../Core/Inc -I../Drivers/STM32F3xx_HAL_Driver/Inc/Legacy -I../Drivers/STM32F3xx_HAL_Driver/Inc -I../Drivers/CMSIS/Device/ST/STM32F3xx/Include -I../Drivers/CMSIS/Include -O0 -ffunction-sections -fdata-sections -Wall -fstack-usage -fcyclomatic-complexity -MMD -MP -MF"Core/Src/stm32f3xx_hal_msp.d" -MT"Core/Src/stm32f3xx_hal_msp.o" --specs=nano.specs -mfpu=fpv4-sp-d16 -mfloat-abi=hard -mthumb -o "Core/Src/stm32f3xx_hal_msp.o"
arm-none-eabi-gcc "../Core/Src/stm32f3xx_it.c" -mcpu=cortex-m4 -std=gnu11 -g3 -DDEBUG -DUSE_HAL_DRIVER -DSTM32F303xC -c -I../Core/Inc -I../Drivers/STM32F3xx_HAL_Driver/Inc/Legacy -I../Drivers/STM32F3xx_HAL_Driver/Inc -I../Drivers/CMSIS/Device/ST/STM32F3xx/Include -I../Drivers/CMSIS/Include -O0 -ffunction-sections -fdata-sections -Wall -fstack-usage -fcyclomatic-complexity -MMD -MP -MF"Core/Src/stm32f3xx_it.d" -MT"Core/Src/stm32f3xx_it.o" --specs=nano.specs -mfpu=fpv4-sp-d16 -mfloat-abi=hard -mthumb -o "Core/Src/stm32f3xx_it.o"
arm-none-eabi-gcc "../Core/Src/system_stm32f3xx.c" -mcpu=cortex-m4 -std=gnu11 -g3 -DDEBUG -DUSE_HAL_DRIVER -DSTM32F303xC -c -I../Core/Inc -I../Drivers/STM32F3xx_HAL_Driver/Inc/Legacy -I../Drivers/STM32F3xx_HAL_Driver/Inc -I../Drivers/CMSIS/Device/ST/STM32F3xx/Include -I../Drivers/CMSIS/Include -O0 -ffunction-sections -fdata-sections -Wall -fstack-usage -fcyclomatic-complexity -MMD -MP -MF"Core/Src/system_stm32f3xx.d" -MT"Core/Src/system_stm32f3xx.o" --specs=nano.specs -mfpu=fpv4-sp-d16 -mfloat-abi=hard -mthumb -o "Core/Src/system_stm32f3xx.o"
../Core/Src/main.c: In function 'main':
../Core/Src/main.c:606:33: warning: passing argument 2 of 'HAL_ADC_Start_DMA' from incompatible pointer type [-Wincompatible-pointer-types]
  606 |       HAL_ADC_Start_DMA(&hadc2, (uint16_t*)hall_sens, 5);
      |                                 ^~~~~~~~~~~~~~~~~~~~
      |                                 |
      |                                 uint16_t * {aka short unsigned int *}
In file included from ../Core/Inc/stm32f3xx_hal_conf.h:219,
                 from ../Drivers/STM32F3xx_HAL_Driver/Inc/stm32f3xx_hal.h:29,
                 from ../Core/Inc/main.h:30,
                 from ../Core/Src/main.c:20:
../Drivers/STM32F3xx_HAL_Driver/Inc/stm32f3xx_hal_adc.h:216:78: note: expected 'uint32_t *' {aka 'long unsigned int *'} but argument is of type 'uint16_t *' {aka 'short unsigned int *'}
  216 | HAL_StatusTypeDef       HAL_ADC_Start_DMA(ADC_HandleTypeDef* hadc, uint32_t* pData, uint32_t Length);
      |                                                                    ~~~~~~~~~~^~~~~
../Core/Src/main.c:761:43: warning: passing argument 2 of 'HAL_ADC_Start_DMA' from incompatible pointer type [-Wincompatible-pointer-types]
  761 |                 HAL_ADC_Start_DMA(&hadc2, (uint16_t*)hall_sens, 5);
      |                                           ^~~~~~~~~~~~~~~~~~~~
      |                                           |
      |                                           uint16_t * {aka short unsigned int *}
In file included from ../Core/Inc/stm32f3xx_hal_conf.h:219,
                 from ../Drivers/STM32F3xx_HAL_Driver/Inc/stm32f3xx_hal.h:29,
                 from ../Core/Inc/main.h:30,
                 from ../Core/Src/main.c:20:
../Drivers/STM32F3xx_HAL_Driver/Inc/stm32f3xx_hal_adc.h:216:78: note: expected 'uint32_t *' {aka 'long unsigned int *'} but argument is of type 'uint16_t *' {aka 'short unsigned int *'}
  216 | HAL_StatusTypeDef       HAL_ADC_Start_DMA(ADC_HandleTypeDef* hadc, uint32_t* pData, uint32_t Length);
      |                                                                    ~~~~~~~~~~^~~~~
../Core/Src/main.c:654:87: warning: ' t/min     ' directive writing 11 bytes into a region of size between 0 and 1 [-Wformat-overflow=]
  654 |                                                         sprintf(int_to_str, "RPM-%05d t/min     ",rpm);
      |                                                                                      ~^~~~~~~~~~
../Core/Src/main.c:654:57: note: 'sprintf' output between 21 and 27 bytes into a destination of size 10
  654 |                                                         sprintf(int_to_str, "RPM-%05d t/min     ",rpm);
      |                                                         ^~~~~~~~~~~~~~~~~~~~~~~~~~~~~~~~~~~~~~~~~~~~~~
../Core/Src/main.c:658:82: warning: '%05d' directive writing 5 bytes into a region of size 2 [-Wformat-overflow=]
  658 |                                                     sprintf(int_to_str, "PWM_CMD-%05d/%03d%% ",pwm_n,pwm_n/20);
      |                                                                                  ^~~~
../Core/Src/main.c:658:53: note: 'sprintf' output between 20 and 22 bytes into a destination of size 10
  658 |                                                     sprintf(int_to_str, "PWM_CMD-%05d/%03d%% ",pwm_n,pwm_n/20);
      |                                                     ^~~~~~~~~~~~~~~~~~~~~~~~~~~~~~~~~~~~~~~~~~~~~~~~~~~~~~~~~~
../Core/Src/main.c:662:82: warning: '%05d' directive writing 5 bytes into a region of size 2 [-Wformat-overflow=]
  662 |                                                     sprintf(int_to_str, "ADC_avg-%05d ",current_avg);
      |                                                                                  ^~~~
../Core/Src/main.c:662:53: note: 'sprintf' output 15 bytes into a destination of size 10
  662 |                                                     sprintf(int_to_str, "ADC_avg-%05d ",current_avg);
      |                                                     ^~~~~~~~~~~~~~~~~~~~~~~~~~~~~~~~~~~~~~~~~~~~~~~~
../Core/Src/main.c:666:79: warning: 'sprintf' writing a terminating nul past the end of the destination [-Wformat-overflow=]
  666 |                                                 sprintf(int_to_str, "F=%05dHz ",f);
      |                                                                               ^
../Core/Src/main.c:666:49: note: 'sprintf' output 11 bytes into a destination of size 10
  666 |                                                 sprintf(int_to_str, "F=%05dHz ",f);
      |                                                 ^~~~~~~~~~~~~~~~~~~~~~~~~~~~~~~~~~
../Core/Src/main.c:675:92: warning: 'START_TIME:' directive writing 11 bytes into a region of size 10 [-Wformat-overflow=]
  675 |                                                             sprintf(int_to_str, "START_TIME:%02d:%02d:%02d",hour,min,sec);
      |                                                                                  ~~~~~~~~~~^
../Core/Src/main.c:675:61: note: 'sprintf' output between 20 and 23 bytes into a destination of size 10
  675 |                                                             sprintf(int_to_str, "START_TIME:%02d:%02d:%02d",hour,min,sec);
      |                                                             ^~~~~~~~~~~~~~~~~~~~~~~~~~~~~~~~~~~~~~~~~~~~~~~~~~~~~~~~~~~~~
../Core/Src/main.c:679:124: warning: ':' directive writing 1 byte into a region of size 0 [-Wformat-overflow=]
  679 |                                                                                         sprintf(int_to_str, "TIME:%02d:%02d:%02d",sTime.Hours,sTime.Minutes,sTime.Seconds);
      |                                                                                                                            ^
../Core/Src/main.c:679:89: note: 'sprintf' output between 14 and 17 bytes into a destination of size 10
  679 |                                                                                         sprintf(int_to_str, "TIME:%02d:%02d:%02d",sTime.Hours,sTime.Minutes,sTime.Seconds);
      |                                                                                         ^~~~~~~~~~~~~~~~~~~~~~~~~~~~~~~~~~~~~~~~~~~~~~~~~~~~~~~~~~~~~~~~~~~~~~~~~~~~~~~~~~
../Core/Src/main.c:699:113: warning: '%04d' directive writing between 4 and 5 bytes into a region of size between 0 and 2 [-Wformat-overflow=]
  699 |                                                                                 sprintf(int_to_str, "PWM-%02d%%/%04d",pwm[0]/20,pwm[0]);
      |                                                                                                                 ^~~~
../Core/Src/main.c:699:81: note: 'sprintf' output between 13 and 17 bytes into a destination of size 10
  699 |                                                                                 sprintf(int_to_str, "PWM-%02d%%/%04d",pwm[0]/20,pwm[0]);
      |                                                                                 ^~~~~~~~~~~~~~~~~~~~~~~~~~~~~~~~~~~~~~~~~~~~~~~~~~~~~~~
../Core/Src/main.c:703:105: warning: '%04d' directive writing between 4 and 5 bytes into a region of size between 0 and 2 [-Wformat-overflow=]
  703 |                                                                         sprintf(int_to_str, "PWM-%02d%%/%04d",pwm[1]/20,pwm[1]);
      |                                                                                                         ^~~~
[...]
      |                                                                                  ~~~~~~~~~~^
../Core/Src/main.c:689:61: note: 'sprintf' output between 20 and 23 bytes into a destination of size 10
  689 |                                                             sprintf(int_to_str, "START_TIME:%02d:%02d:%02d",hour,min,sec);
      |                                                             ^~~~~~~~~~~~~~~~~~~~~~~~~~~~~~~~~~~~~~~~~~~~~~~~~~~~~~~~~~~~~
../Core/Src/main.c:693:124: warning: ':' directive writing 1 byte into a region of size 0 [-Wformat-overflow=]
  693 |                                                                                         sprintf(int_to_str, "TIME:%02d:%02d:%02d",sTime.Hours,sTime.Minutes,sTime.Seconds);
      |                                                                                                                            ^
../Core/Src/main.c:693:89: note: 'sprintf' output between 14 and 17 bytes into a destination of size 10
  693 |                                                                                         sprintf(int_to_str, "TIME:%02d:%02d:%02d",sTime.Hours,sTime.Minutes,sTime.Seconds);
      |                                                                                         ^~~~~~~~~~~~~~~~~~~~~~~~~~~~~~~~~~~~~~~~~~~~~~~~~~~~~~~~~~~~~~~~~~~~~~~~~~~~~~~~~~
../Core/Src/main.c:698:120: warning: 'ADC_filter:' directive writing 11 bytes into a region of size 10 [-Wformat-overflow=]
  698 |                                                                                         sprintf(int_to_str, "ADC_filter:%02d",adc_filter[0]);
      |                                                                                                              ~~~~~~~~~~^
../Core/Src/main.c:698:89: note: 'sprintf' output between 14 and 15 bytes into a destination of size 10
  698 |                                                                                         sprintf(int_to_str, "ADC_filter:%02d",adc_filter[0]);
      |                                                                                         ^~~~~~~~~~~~~~~~~~~~~~~~~~~~~~~~~~~~~~~~~~~~~~~~~~~~
../Core/Src/main.c:713:113: warning: '%04d' directive writing between 4 and 5 bytes into a region of size between 0 and 2 [-Wformat-overflow=]
  713 |                                                                                 sprintf(int_to_str, "PWM-%02d%%/%04d",pwm[0]/20,pwm[0]);
      |                                                                                                                 ^~~~
../Core/Src/main.c:713:81: note: 'sprintf' output between 13 and 17 bytes into a destination of size 10
  713 |                                                                                 sprintf(int_to_str, "PWM-%02d%%/%04d",pwm[0]/20,pwm[0]);
      |                                                                                 ^~~~~~~~~~~~~~~~~~~~~~~~~~~~~~~~~~~~~~~~~~~~~~~~~~~~~~~
../Core/Src/main.c:717:105: warning: '%04d' directive writing between 4 and 5 bytes into a region of size between 0 and 2 [-Wformat-overflow=]
  717 |                                                                         sprintf(int_to_str, "PWM-%02d%%/%04d",pwm[1]/20,pwm[1]);
      |                                                                                                         ^~~~
../Core/Src/main.c:717:73: note: 'sprintf' output between 13 and 17 bytes into a destination of size 10
  717 |                                                                         sprintf(int_to_str, "PWM-%02d%%/%04d",pwm[1]/20,pwm[1]);
      |                                                                         ^~~~~~~~~~~~~~~~~~~~~~~~~~~~~~~~~~~~~~~~~~~~~~~~~~~~~~~
../Core/Src/main.c:721:109: warning: '%04d' directive writing between 4 and 5 bytes into a region of size between 0 and 2 [-Wformat-overflow=]
  721 |                                                                             sprintf(int_to_str, "PWM-%02d%%/%04d",pwm[2]/20,pwm[2]);
      |                                                                                                             ^~~~
../Core/Src/main.c:721:77: note: 'sprintf' output between 13 and 17 bytes into a destination of size 10
  721 |                                                                             sprintf(int_to_str, "PWM-%02d%%/%04d",pwm[2]/20,pwm[2]);
      |                                                                             ^~~~~~~~~~~~~~~~~~~~~~~~~~~~~~~~~~~~~~~~~~~~~~~~~~~~~~~
../Core/Src/main.c:725:105: warning: '%04d' directive writing between 4 and 5 bytes into a region of size between 0 and 2 [-Wformat-overflow=]
  725 |                                                                         sprintf(int_to_str, "PWM-%02d%%/%04d",pwm[3]/20,pwm[3]);
      |                                                                                                         ^~~~
../Core/Src/main.c:725:73: note: 'sprintf' output between 13 and 17 bytes into a destination of size 10
  725 |                                                                         sprintf(int_to_str, "PWM-%02d%%/%04d",pwm[3]/20,pwm[3]);
      |                                                                         ^~~~~~~~~~~~~~~~~~~~~~~~~~~~~~~~~~~~~~~~~~~~~~~~~~~~~~~
arm-none-eabi-gcc -o "PWM_STEP_Driver.elf" @"objects.list"   -mcpu=cortex-m4 -T"C:\Users\chipi\Documents\GitHub\STEP_driver\PWM_STEP_Driver\STM32F303CCTX_FLASH.ld" --specs=nosys.specs -Wl,-Map="PWM_STEP_Driver.map" -Wl,--gc-sections -static --specs=nano.specs -mfpu=fpv4-sp-d16 -mfloat-abi=hard -mthumb -Wl,--start-group -lc -lm -Wl,--end-group
Finished building target: PWM_STEP_Driver.elf
 
arm-none-eabi-size   PWM_STEP_Driver.elf 
arm-none-eabi-objdump -h -S  PWM_STEP_Driver.elf  > "PWM_STEP_Driver.list"
   text	   data	    bss	    dec	    hex	filename
  48752	    112	   3144	  52008	   cb28	PWM_STEP_Driver.elf
arm-none-eabi-objcopy  -O ihex  PWM_STEP_Driver.elf  "PWM_STEP_Driver.hex"
Finished building: default.size.stdout
arm-none-eabi-objcopy  -O binary  PWM_STEP_Driver.elf  "PWM_STEP_Driver.bin"
 
Finished building: PWM_STEP_Driver.hex
Finished building: PWM_STEP_Driver.list
Finished building: PWM_STEP_Driver.bin
 
 
 
16:13:33 **** Incremental Build of configuration Debug for project PWM_STEP_Driver ****
make -j16 all 
arm-none-eabi-size   PWM_STEP_Driver.elf 
   text	   data	    bss	    dec	    hex	filename
  48752	    112	   3144	  52008	   cb28	PWM_STEP_Driver.elf
Finished building: default.size.stdout
 
16:39:32 **** Incremental Build of configuration Debug for project PWM_STEP_Driver ****
make -j16 all 
arm-none-eabi-gcc "../Core/Src/main.c" -mcpu=cortex-m4 -std=gnu11 -g3 -DDEBUG -DUSE_HAL_DRIVER -DSTM32F303xC -c -I../Core/Inc -I../Drivers/STM32F3xx_HAL_Driver/Inc/Legacy -I../Drivers/STM32F3xx_HAL_Driver/Inc -I../Drivers/CMSIS/Device/ST/STM32F3xx/Include -I../Drivers/CMSIS/Include -O0 -ffunction-sections -fdata-sections -Wall -fstack-usage -fcyclomatic-complexity -MMD -MP -MF"Core/Src/main.d" -MT"Core/Src/main.o" --specs=nano.specs -mfpu=fpv4-sp-d16 -mfloat-abi=hard -mthumb -o "Core/Src/main.o"
arm-none-eabi-gcc "../Core/Src/stm32f3xx_hal_msp.c" -mcpu=cortex-m4 -std=gnu11 -g3 -DDEBUG -DUSE_HAL_DRIVER -DSTM32F303xC -c -I../Core/Inc -I../Drivers/STM32F3xx_HAL_Driver/Inc/Legacy -I../Drivers/STM32F3xx_HAL_Driver/Inc -I../Drivers/CMSIS/Device/ST/STM32F3xx/Include -I../Drivers/CMSIS/Include -O0 -ffunction-sections -fdata-sections -Wall -fstack-usage -fcyclomatic-complexity -MMD -MP -MF"Core/Src/stm32f3xx_hal_msp.d" -MT"Core/Src/stm32f3xx_hal_msp.o" --specs=nano.specs -mfpu=fpv4-sp-d16 -mfloat-abi=hard -mthumb -o "Core/Src/stm32f3xx_hal_msp.o"
arm-none-eabi-gcc "../Core/Src/stm32f3xx_it.c" -mcpu=cortex-m4 -std=gnu11 -g3 -DDEBUG -DUSE_HAL_DRIVER -DSTM32F303xC -c -I../Core/Inc -I../Drivers/STM32F3xx_HAL_Driver/Inc/Legacy -I../Drivers/STM32F3xx_HAL_Driver/Inc -I../Drivers/CMSIS/Device/ST/STM32F3xx/Include -I../Drivers/CMSIS/Include -O0 -ffunction-sections -fdata-sections -Wall -fstack-usage -fcyclomatic-complexity -MMD -MP -MF"Core/Src/stm32f3xx_it.d" -MT"Core/Src/stm32f3xx_it.o" --specs=nano.specs -mfpu=fpv4-sp-d16 -mfloat-abi=hard -mthumb -o "Core/Src/stm32f3xx_it.o"
../Core/Src/main.c: In function 'main':
../Core/Src/main.c:621:32: warning: passing argument 2 of 'HAL_ADC_Start_DMA' from incompatible pointer type [-Wincompatible-pointer-types]
  621 |      HAL_ADC_Start_DMA(&hadc2, (uint16_t*)hall_sens, 5);
      |                                ^~~~~~~~~~~~~~~~~~~~
      |                                |
      |                                uint16_t * {aka short unsigned int *}
In file included from ../Core/Inc/stm32f3xx_hal_conf.h:219,
                 from ../Drivers/STM32F3xx_HAL_Driver/Inc/stm32f3xx_hal.h:29,
                 from ../Core/Inc/main.h:30,
                 from ../Core/Src/main.c:20:
../Drivers/STM32F3xx_HAL_Driver/Inc/stm32f3xx_hal_adc.h:216:78: note: expected 'uint32_t *' {aka 'long unsigned int *'} but argument is of type 'uint16_t *' {aka 'short unsigned int *'}
  216 | HAL_StatusTypeDef       HAL_ADC_Start_DMA(ADC_HandleTypeDef* hadc, uint32_t* pData, uint32_t Length);
      |                                                                    ~~~~~~~~~~^~~~~
../Core/Src/main.c:777:43: warning: passing argument 2 of 'HAL_ADC_Start_DMA' from incompatible pointer type [-Wincompatible-pointer-types]
  777 |                 HAL_ADC_Start_DMA(&hadc2, (uint16_t*)hall_sens, 5);
      |                                           ^~~~~~~~~~~~~~~~~~~~
      |                                           |
      |                                           uint16_t * {aka short unsigned int *}
In file included from ../Core/Inc/stm32f3xx_hal_conf.h:219,
                 from ../Drivers/STM32F3xx_HAL_Driver/Inc/stm32f3xx_hal.h:29,
                 from ../Core/Inc/main.h:30,
                 from ../Core/Src/main.c:20:
../Drivers/STM32F3xx_HAL_Driver/Inc/stm32f3xx_hal_adc.h:216:78: note: expected 'uint32_t *' {aka 'long unsigned int *'} but argument is of type 'uint16_t *' {aka 'short unsigned int *'}
  216 | HAL_StatusTypeDef       HAL_ADC_Start_DMA(ADC_HandleTypeDef* hadc, uint32_t* pData, uint32_t Length);
      |                                                                    ~~~~~~~~~~^~~~~
../Core/Src/main.c:601:11: warning: unused variable 'text' [-Wunused-variable]
  601 |     char *text = " ";
      |           ^~~~
../Core/Src/main.c:614:39: warning: ' t/min     ' directive writing 11 bytes into a region of size 1 [-Wformat-overflow=]
  614 |         sprintf(int_to_str, "RPM-%05d t/min     ",rpm);
      |                                      ~^~~~~~~~~~
../Core/Src/main.c:614:9: note: 'sprintf' output 21 bytes into a destination of size 10
  614 |         sprintf(int_to_str, "RPM-%05d t/min     ",rpm);
      |         ^~~~~~~~~~~~~~~~~~~~~~~~~~~~~~~~~~~~~~~~~~~~~~
../Core/Src/main.c:670:87: warning: ' t/min     ' directive writing 11 bytes into a region of size 1 [-Wformat-overflow=]
  670 |                                                         sprintf(int_to_str, "RPM-%05d t/min     ",rpm);
      |                                                                                      ~^~~~~~~~~~
../Core/Src/main.c:670:57: note: 'sprintf' output 21 bytes into a destination of size 10
  670 |                                                         sprintf(int_to_str, "RPM-%05d t/min     ",rpm);
      |                                                         ^~~~~~~~~~~~~~~~~~~~~~~~~~~~~~~~~~~~~~~~~~~~~~
../Core/Src/main.c:674:82: warning: '%05d' directive writing 5 bytes into a region of size 2 [-Wformat-overflow=]
  674 |                                                     sprintf(int_to_str, "PWM_CMD-%05d/%03d%% ",pwm_n,pwm_n/20);
      |                                                                                  ^~~~
../Core/Src/main.c:674:53: note: 'sprintf' output between 20 and 22 bytes into a destination of size 10
  674 |                                                     sprintf(int_to_str, "PWM_CMD-%05d/%03d%% ",pwm_n,pwm_n/20);
      |                                                     ^~~~~~~~~~~~~~~~~~~~~~~~~~~~~~~~~~~~~~~~~~~~~~~~~~~~~~~~~~
../Core/Src/main.c:678:82: warning: '%05d' directive writing 5 bytes into a region of size 2 [-Wformat-overflow=]
  678 |                                                     sprintf(int_to_str, "ADC_avg-%05d ",current_avg);
      |                                                                                  ^~~~
../Core/Src/main.c:678:53: note: 'sprintf' output 15 bytes into a destination of size 10
  678 |                                                     sprintf(int_to_str, "ADC_avg-%05d ",current_avg);
      |                                                     ^~~~~~~~~~~~~~~~~~~~~~~~~~~~~~~~~~~~~~~~~~~~~~~~
../Core/Src/main.c:682:79: warning: 'sprintf' writing a terminating nul past the end of the destination [-Wformat-overflow=]
  682 |                                                 sprintf(int_to_str, "F=%05dHz ",f);
      |                                                                               ^
../Core/Src/main.c:682:49: note: 'sprintf' output 11 bytes into a destination of size 10
  682 |                                                 sprintf(int_to_str, "F=%05dHz ",f);
      |                                                 ^~~~~~~~~~~~~~~~~~~~~~~~~~~~~~~~~~
../Core/Src/main.c:691:92: warning: 'START_TIME:' directive writing 11 bytes into a region of size 10 [-Wformat-overflow=]
  691 |                                                             sprintf(int_to_str, "START_TIME:%02d:%02d:%02d",hour,min,sec);
      |                                                                                  ~~~~~~~~~~^
../Core/Src/main.c:691:61: note: 'sprintf' output between 20 and 23 bytes into a destination of size 10
  691 |                                                             sprintf(int_to_str, "START_TIME:%02d:%02d:%02d",hour,min,sec);
      |                                                             ^~~~~~~~~~~~~~~~~~~~~~~~~~~~~~~~~~~~~~~~~~~~~~~~~~~~~~~~~~~~~
../Core/Src/main.c:695:124: warning: ':' directive writing 1 byte into a region of size 0 [-Wformat-overflow=]
  695 |                                                                                         sprintf(int_to_str, "TIME:%02d:%02d:%02d",sTime.Hours,sTime.Minutes,sTime.Seconds);
      |                                                                                                                            ^
../Core/Src/main.c:695:89: note: 'sprintf' output between 14 and 17 bytes into a destination of size 10
  695 |                                                                                         sprintf(int_to_str, "TIME:%02d:%02d:%02d",sTime.Hours,sTime.Minutes,sTime.Seconds);
      |                                                                                         ^~~~~~~~~~~~~~~~~~~~~~~~~~~~~~~~~~~~~~~~~~~~~~~~~~~~~~~~~~~~~~~~~~~~~~~~~~~~~~~~~~
../Core/Src/main.c:700:120: warning: 'ADC_filter:' directive writing 11 bytes into a region of size 10 [-Wformat-overflow=]
  700 |                                                                                         sprintf(int_to_str, "ADC_filter:%02d",adc_filter[0]);
      |                                                                                                              ~~~~~~~~~~^
../Core/Src/main.c:700:89: note: 'sprintf' output between 14 and 15 bytes into a destination of size 10
  700 |                                                                                         sprintf(int_to_str, "ADC_filter:%02d",adc_filter[0]);
      |                                                                                         ^~~~~~~~~~~~~~~~~~~~~~~~~~~~~~~~~~~~~~~~~~~~~~~~~~~~
../Core/Src/main.c:715:113: warning: '%04d' directive writing between 4 and 5 bytes into a region of size between 0 and 2 [-Wformat-overflow=]
  715 |                                                                                 sprintf(int_to_str, "PWM-%02d%%/%04d",pwm[0]/20,pwm[0]);
      |                                                                                                                 ^~~~
../Core/Src/main.c:715:81: note: 'sprintf' output between 13 and 17 bytes into a destination of size 10
  715 |                                                                                 sprintf(int_to_str, "PWM-%02d%%/%04d",pwm[0]/20,pwm[0]);
      |                                                                                 ^~~~~~~~~~~~~~~~~~~~~~~~~~~~~~~~~~~~~~~~~~~~~~~~~~~~~~~
../Core/Src/main.c:719:105: warning: '%04d' directive writing between 4 and 5 bytes into a region of size between 0 and 2 [-Wformat-overflow=]
  719 |                                                                         sprintf(int_to_str, "PWM-%02d%%/%04d",pwm[1]/20,pwm[1]);
      |                                                                                                         ^~~~
../Core/Src/main.c:719:73: note: 'sprintf' output between 13 and 17 bytes into a destination of size 10
  719 |                                                                         sprintf(int_to_str, "PWM-%02d%%/%04d",pwm[1]/20,pwm[1]);
      |                                                                         ^~~~~~~~~~~~~~~~~~~~~~~~~~~~~~~~~~~~~~~~~~~~~~~~~~~~~~~
../Core/Src/main.c:723:109: warning: '%04d' directive writing between 4 and 5 bytes into a region of size between 0 and 2 [-Wformat-overflow=]
  723 |                                                                             sprintf(int_to_str, "PWM-%02d%%/%04d",pwm[2]/20,pwm[2]);
      |                                                                                                             ^~~~
../Core/Src/main.c:723:77: note: 'sprintf' output between 13 and 17 bytes into a destination of size 10
  723 |                                                                             sprintf(int_to_str, "PWM-%02d%%/%04d",pwm[2]/20,pwm[2]);
      |                                                                             ^~~~~~~~~~~~~~~~~~~~~~~~~~~~~~~~~~~~~~~~~~~~~~~~~~~~~~~
../Core/Src/main.c:727:105: warning: '%04d' directive writing between 4 and 5 bytes into a region of size between 0 and 2 [-Wformat-overflow=]
  727 |                                                                         sprintf(int_to_str, "PWM-%02d%%/%04d",pwm[3]/20,pwm[3]);
      |                                                                                                         ^~~~
../Core/Src/main.c:727:73: note: 'sprintf' output between 13 and 17 bytes into a destination of size 10
  727 |                                                                         sprintf(int_to_str, "PWM-%02d%%/%04d",pwm[3]/20,pwm[3]);
      |                                                                         ^~~~~~~~~~~~~~~~~~~~~~~~~~~~~~~~~~~~~~~~~~~~~~~~~~~~~~~
arm-none-eabi-gcc -o "PWM_STEP_Driver.elf" @"objects.list"   -mcpu=cortex-m4 -T"C:\Users\chipi\Documents\GitHub\STEP_driver\PWM_STEP_Driver\STM32F303CCTX_FLASH.ld" --specs=nosys.specs -Wl,-Map="PWM_STEP_Driver.map" -Wl,--gc-sections -static --specs=nano.specs -mfpu=fpv4-sp-d16 -mfloat-abi=hard -mthumb -Wl,--start-group -lc -lm -Wl,--end-group
Finished building target: PWM_STEP_Driver.elf
 
arm-none-eabi-size   PWM_STEP_Driver.elf 
arm-none-eabi-objdump -h -S  PWM_STEP_Driver.elf  > "PWM_STEP_Driver.list"
   text	   data	    bss	    dec	    hex	filename
  49020	    112	   3280	  52412	   ccbc	PWM_STEP_Driver.elf
arm-none-eabi-objcopy  -O ihex  PWM_STEP_Driver.elf  "PWM_STEP_Driver.hex"
Finished building: default.size.stdout
arm-none-eabi-objcopy  -O binary  PWM_STEP_Driver.elf  "PWM_STEP_Driver.bin"
 
Finished building: PWM_STEP_Driver.hex
 
Finished building: PWM_STEP_Driver.list
Finished building: PWM_STEP_Driver.bin
 
 
