../Core/Src/main.c:185:6:ADC_reset_ch	32	static
../Core/Src/main.c:198:6:ADC_Select_CH1	32	static
../Core/Src/main.c:209:6:ADC_Select_CH12	32	static
../Core/Src/main.c:222:10:ADC_read_1	16	static
../Core/Src/main.c:238:10:ADC_read_12	16	static
../Core/Src/main.c:255:6:PWM_correction	32	static
../Core/Src/main.c:296:6:I2C_send	32	static
../Core/Src/main.c:324:6:LCD_SendString	8	static
../Core/Src/main.c:335:6:lcd_write_nibble	32	static
../Core/Src/main.c:348:6:lcd_send_cmd	8	static
../Core/Src/main.c:360:6:lcd_send_data	8	static
../Core/Src/main.c:369:6:lcd_init	8	static
../Core/Src/main.c:387:6:lcd_write_string	8	static
../Core/Src/main.c:394:6:lcd_set_cursor	0	static
../Core/Src/main.c:421:6:lcd_clear	8	static
../Core/Src/main.c:428:6:lcd_backlight	0	static
../Core/Src/main.c:438:5:filter	16	static
../Core/Src/main.c:450:6:page	8	static
../Core/Src/main.c:786:6:SystemClock_Config	128	static,ignoring_inline_asm
../Core/Src/main.c:513:5:main	152	static,ignoring_inline_asm
../Core/Src/main.c:1698:6:HAL_TIM_IC_CaptureCallback	16	static
../Core/Src/main.c:1753:6:HAL_GPIO_EXTI_Callback	24	static
../Core/Src/main.c:1819:6:HAL_UART_TxCpltCallback	0	static
../Core/Src/main.c:1828:6:HAL_ADC_ConvCpltCallback	0	static
../Core/Src/main.c:1841:6:Error_Handler	0	static,ignoring_inline_asm
