../Core/Src/stm32f3xx_it.c:78:6:NMI_Handler	0	static
../Core/Src/stm32f3xx_it.c:93:6:HardFault_Handler	0	static
../Core/Src/stm32f3xx_it.c:108:6:MemManage_Handler	0	static
../Core/Src/stm32f3xx_it.c:123:6:BusFault_Handler	0	static
../Core/Src/stm32f3xx_it.c:138:6:UsageFault_Handler	0	static
../Core/Src/stm32f3xx_it.c:153:6:SVC_Handler	0	static
../Core/Src/stm32f3xx_it.c:166:6:DebugMon_Handler	0	static
../Core/Src/stm32f3xx_it.c:179:6:PendSV_Handler	0	static
../Core/Src/stm32f3xx_it.c:192:6:SysTick_Handler	0	static
../Core/Src/stm32f3xx_it.c:213:6:RCC_IRQHandler	0	static
../Core/Src/stm32f3xx_it.c:226:6:EXTI1_IRQHandler	0	static
../Core/Src/stm32f3xx_it.c:240:6:ADC1_2_IRQHandler	8	static
../Core/Src/stm32f3xx_it.c:255:6:TIM1_BRK_TIM15_IRQHandler	8	static
../Core/Src/stm32f3xx_it.c:270:6:TIM2_IRQHandler	0	static
../Core/Src/stm32f3xx_it.c:284:6:TIM3_IRQHandler	0	static
../Core/Src/stm32f3xx_it.c:298:6:I2C1_EV_IRQHandler	0	static
../Core/Src/stm32f3xx_it.c:312:6:I2C1_ER_IRQHandler	0	static
../Core/Src/stm32f3xx_it.c:326:6:USART2_IRQHandler	0	static
../Core/Src/stm32f3xx_it.c:340:6:EXTI15_10_IRQHandler	8	static
../Core/Src/stm32f3xx_it.c:355:6:TIM8_BRK_IRQHandler	0	static
../Core/Src/stm32f3xx_it.c:369:6:DMA2_Channel1_IRQHandler	0	static
