../Core/Src/main.c:194:6:ADC_reset_ch	32	static
../Core/Src/main.c:207:6:ADC_Select_CH1	32	static
../Core/Src/main.c:218:6:ADC_Select_CH12	32	static
../Core/Src/main.c:231:10:ADC_read_1	8	static
../Core/Src/main.c:247:10:ADC_read_12	8	static
../Core/Src/main.c:264:6:PWM_correction	16	static
../Core/Src/main.c:305:6:I2C_send	32	static
../Core/Src/main.c:333:6:LCD_SendString	16	static
../Core/Src/main.c:344:6:lcd_write_nibble	32	static
../Core/Src/main.c:357:6:lcd_send_cmd	24	static
../Core/Src/main.c:369:6:lcd_send_data	24	static
../Core/Src/main.c:378:6:lcd_init	8	static
../Core/Src/main.c:396:6:lcd_write_string	16	static
../Core/Src/main.c:403:6:lcd_set_cursor	24	static
../Core/Src/main.c:430:6:lcd_clear	8	static
../Core/Src/main.c:437:6:lcd_backlight	16	static
../Core/Src/main.c:447:5:filter	16	static
../Core/Src/main.c:479:6:HAL_UARTEx_RxEventCallback	24	static
../Core/Src/main.c:549:13:I2C_Init	4	static
../Core/Src/main.c:588:5:main	32	static
../Core/Src/main.c:875:6:SystemClock_Config	128	static
../Core/Src/main.c:932:13:MX_ADC1_Init	48	static
../Core/Src/main.c:998:13:MX_ADC2_Init	32	static
../Core/Src/main.c:1091:13:MX_ADC3_Init	48	static
../Core/Src/main.c:1157:13:MX_I2C1_Init	8	static
../Core/Src/main.c:1205:13:MX_RTC_Init	32	static
../Core/Src/main.c:1268:13:MX_TIM1_Init	112	static
../Core/Src/main.c:1352:13:MX_TIM2_Init	56	static
../Core/Src/main.c:1417:13:MX_TIM3_Init	40	static
../Core/Src/main.c:1462:13:MX_TIM8_Init	112	static
../Core/Src/main.c:1542:13:MX_TIM15_Init	112	static
../Core/Src/main.c:1618:13:MX_USART1_UART_Init	8	static
../Core/Src/main.c:1653:13:MX_USART2_UART_Init	8	static
../Core/Src/main.c:1686:13:MX_DMA_Init	16	static
../Core/Src/main.c:1711:13:MX_GPIO_Init	48	static
../Core/Src/main.c:1797:6:HAL_TIM_IC_CaptureCallback	16	static
../Core/Src/main.c:1850:6:HAL_GPIO_EXTI_Callback	16	static
../Core/Src/main.c:1940:6:HAL_UART_TxCpltCallback	16	static
../Core/Src/main.c:1950:6:HAL_ADC_ConvCpltCallback	16	static
../Core/Src/main.c:1963:6:Error_Handler	4	static,ignoring_inline_asm
