../Core/Src/main.c:185:6:ADC_reset_ch	32	static
../Core/Src/main.c:198:6:ADC_Select_CH1	32	static
../Core/Src/main.c:209:6:ADC_Select_CH12	32	static
../Core/Src/main.c:222:10:ADC_read_1	8	static
../Core/Src/main.c:238:10:ADC_read_12	8	static
../Core/Src/main.c:255:6:PWM_correction	16	static
../Core/Src/main.c:296:6:I2C_send	32	static
../Core/Src/main.c:324:6:LCD_SendString	16	static
../Core/Src/main.c:335:6:lcd_write_nibble	32	static
../Core/Src/main.c:348:6:lcd_send_cmd	24	static
../Core/Src/main.c:360:6:lcd_send_data	24	static
../Core/Src/main.c:369:6:lcd_init	8	static
../Core/Src/main.c:387:6:lcd_write_string	16	static
../Core/Src/main.c:394:6:lcd_set_cursor	24	static
../Core/Src/main.c:421:6:lcd_clear	8	static
../Core/Src/main.c:428:6:lcd_backlight	16	static
../Core/Src/main.c:438:5:filter	16	static
../Core/Src/main.c:450:6:page	8	static
../Core/Src/main.c:476:13:I2C_Init	4	static
../Core/Src/main.c:513:5:main	32	static
../Core/Src/main.c:786:6:SystemClock_Config	128	static
../Core/Src/main.c:843:13:MX_ADC1_Init	48	static
../Core/Src/main.c:909:13:MX_ADC2_Init	32	static
../Core/Src/main.c:1002:13:MX_ADC3_Init	48	static
../Core/Src/main.c:1068:13:MX_I2C1_Init	8	static
../Core/Src/main.c:1116:13:MX_RTC_Init	32	static
../Core/Src/main.c:1179:13:MX_TIM1_Init	112	static
../Core/Src/main.c:1263:13:MX_TIM2_Init	56	static
../Core/Src/main.c:1328:13:MX_TIM3_Init	40	static
../Core/Src/main.c:1373:13:MX_TIM8_Init	112	static
../Core/Src/main.c:1453:13:MX_TIM15_Init	112	static
../Core/Src/main.c:1529:13:MX_USART1_UART_Init	8	static
../Core/Src/main.c:1564:13:MX_USART2_UART_Init	8	static
../Core/Src/main.c:1597:13:MX_DMA_Init	16	static
../Core/Src/main.c:1615:13:MX_GPIO_Init	48	static
../Core/Src/main.c:1698:6:HAL_TIM_IC_CaptureCallback	16	static
../Core/Src/main.c:1753:6:HAL_GPIO_EXTI_Callback	16	static
../Core/Src/main.c:1819:6:HAL_UART_TxCpltCallback	16	static
../Core/Src/main.c:1828:6:HAL_ADC_ConvCpltCallback	16	static
../Core/Src/main.c:1841:6:Error_Handler	4	static,ignoring_inline_asm
