Archive member included to satisfy reference by file (symbol)

c:/st/stm32cubeide_1.12.1/stm32cubeide/plugins/com.st.stm32cube.ide.mcu.externaltools.gnu-tools-for-stm32.10.3-2021.10.win32_1.0.200.202301161003/tools/bin/../lib/gcc/arm-none-eabi/10.3.1/../../../../arm-none-eabi/lib/thumb/v7e-m+fp/hard\libc_nano.a(lib_a-errno.o)
                              ./Core/Src/syscalls.o (__errno)
c:/st/stm32cubeide_1.12.1/stm32cubeide/plugins/com.st.stm32cube.ide.mcu.externaltools.gnu-tools-for-stm32.10.3-2021.10.win32_1.0.200.202301161003/tools/bin/../lib/gcc/arm-none-eabi/10.3.1/../../../../arm-none-eabi/lib/thumb/v7e-m+fp/hard\libc_nano.a(lib_a-exit.o)
                              c:/st/stm32cubeide_1.12.1/stm32cubeide/plugins/com.st.stm32cube.ide.mcu.externaltools.gnu-tools-for-stm32.10.3-2021.10.win32_1.0.200.202301161003/tools/bin/../lib/gcc/arm-none-eabi/10.3.1/../../../../arm-none-eabi/lib/thumb/v7e-m+fp/hard/crt0.o (exit)
c:/st/stm32cubeide_1.12.1/stm32cubeide/plugins/com.st.stm32cube.ide.mcu.externaltools.gnu-tools-for-stm32.10.3-2021.10.win32_1.0.200.202301161003/tools/bin/../lib/gcc/arm-none-eabi/10.3.1/../../../../arm-none-eabi/lib/thumb/v7e-m+fp/hard\libc_nano.a(lib_a-impure.o)
                              c:/st/stm32cubeide_1.12.1/stm32cubeide/plugins/com.st.stm32cube.ide.mcu.externaltools.gnu-tools-for-stm32.10.3-2021.10.win32_1.0.200.202301161003/tools/bin/../lib/gcc/arm-none-eabi/10.3.1/../../../../arm-none-eabi/lib/thumb/v7e-m+fp/hard\libc_nano.a(lib_a-exit.o) (_global_impure_ptr)
c:/st/stm32cubeide_1.12.1/stm32cubeide/plugins/com.st.stm32cube.ide.mcu.externaltools.gnu-tools-for-stm32.10.3-2021.10.win32_1.0.200.202301161003/tools/bin/../lib/gcc/arm-none-eabi/10.3.1/../../../../arm-none-eabi/lib/thumb/v7e-m+fp/hard\libc_nano.a(lib_a-init.o)
                              c:/st/stm32cubeide_1.12.1/stm32cubeide/plugins/com.st.stm32cube.ide.mcu.externaltools.gnu-tools-for-stm32.10.3-2021.10.win32_1.0.200.202301161003/tools/bin/../lib/gcc/arm-none-eabi/10.3.1/../../../../arm-none-eabi/lib/thumb/v7e-m+fp/hard/crt0.o (__libc_init_array)
c:/st/stm32cubeide_1.12.1/stm32cubeide/plugins/com.st.stm32cube.ide.mcu.externaltools.gnu-tools-for-stm32.10.3-2021.10.win32_1.0.200.202301161003/tools/bin/../lib/gcc/arm-none-eabi/10.3.1/../../../../arm-none-eabi/lib/thumb/v7e-m+fp/hard\libc_nano.a(lib_a-memcpy-stub.o)
                              ./Core/Src/i2c_slave.o (memcpy)
c:/st/stm32cubeide_1.12.1/stm32cubeide/plugins/com.st.stm32cube.ide.mcu.externaltools.gnu-tools-for-stm32.10.3-2021.10.win32_1.0.200.202301161003/tools/bin/../lib/gcc/arm-none-eabi/10.3.1/../../../../arm-none-eabi/lib/thumb/v7e-m+fp/hard\libc_nano.a(lib_a-memset.o)
                              c:/st/stm32cubeide_1.12.1/stm32cubeide/plugins/com.st.stm32cube.ide.mcu.externaltools.gnu-tools-for-stm32.10.3-2021.10.win32_1.0.200.202301161003/tools/bin/../lib/gcc/arm-none-eabi/10.3.1/../../../../arm-none-eabi/lib/thumb/v7e-m+fp/hard/crt0.o (memset)
c:/st/stm32cubeide_1.12.1/stm32cubeide/plugins/com.st.stm32cube.ide.mcu.externaltools.gnu-tools-for-stm32.10.3-2021.10.win32_1.0.200.202301161003/tools/bin/../lib/gcc/arm-none-eabi/10.3.1/../../../../arm-none-eabi/lib/thumb/v7e-m+fp/hard\libc_nano.a(lib_a-sprintf.o)
                              ./Core/Src/main.o (sprintf)
c:/st/stm32cubeide_1.12.1/stm32cubeide/plugins/com.st.stm32cube.ide.mcu.externaltools.gnu-tools-for-stm32.10.3-2021.10.win32_1.0.200.202301161003/tools/bin/../lib/gcc/arm-none-eabi/10.3.1/../../../../arm-none-eabi/lib/thumb/v7e-m+fp/hard\libc_nano.a(lib_a-nano-svfprintf.o)
                              c:/st/stm32cubeide_1.12.1/stm32cubeide/plugins/com.st.stm32cube.ide.mcu.externaltools.gnu-tools-for-stm32.10.3-2021.10.win32_1.0.200.202301161003/tools/bin/../lib/gcc/arm-none-eabi/10.3.1/../../../../arm-none-eabi/lib/thumb/v7e-m+fp/hard\libc_nano.a(lib_a-sprintf.o) (_svfprintf_r)
c:/st/stm32cubeide_1.12.1/stm32cubeide/plugins/com.st.stm32cube.ide.mcu.externaltools.gnu-tools-for-stm32.10.3-2021.10.win32_1.0.200.202301161003/tools/bin/../lib/gcc/arm-none-eabi/10.3.1/../../../../arm-none-eabi/lib/thumb/v7e-m+fp/hard\libc_nano.a(lib_a-nano-vfprintf_i.o)
                              c:/st/stm32cubeide_1.12.1/stm32cubeide/plugins/com.st.stm32cube.ide.mcu.externaltools.gnu-tools-for-stm32.10.3-2021.10.win32_1.0.200.202301161003/tools/bin/../lib/gcc/arm-none-eabi/10.3.1/../../../../arm-none-eabi/lib/thumb/v7e-m+fp/hard\libc_nano.a(lib_a-nano-svfprintf.o) (_printf_i)
c:/st/stm32cubeide_1.12.1/stm32cubeide/plugins/com.st.stm32cube.ide.mcu.externaltools.gnu-tools-for-stm32.10.3-2021.10.win32_1.0.200.202301161003/tools/bin/../lib/gcc/arm-none-eabi/10.3.1/../../../../arm-none-eabi/lib/thumb/v7e-m+fp/hard\libc_nano.a(lib_a-memchr.o)
[...]
Memory Configuration

Name             Origin             Length             Attributes
CCMRAM           0x0000000010000000 0x0000000000002000 xrw
RAM              0x0000000020000000 0x000000000000a000 xrw
FLASH            0x0000000008000000 0x0000000000040000 xr
*default*        0x0000000000000000 0xffffffffffffffff

Linker script and memory map

LOAD c:/st/stm32cubeide_1.12.1/stm32cubeide/plugins/com.st.stm32cube.ide.mcu.externaltools.gnu-tools-for-stm32.10.3-2021.10.win32_1.0.200.202301161003/tools/bin/../lib/gcc/arm-none-eabi/10.3.1/thumb/v7e-m+fp/hard/crti.o
LOAD c:/st/stm32cubeide_1.12.1/stm32cubeide/plugins/com.st.stm32cube.ide.mcu.externaltools.gnu-tools-for-stm32.10.3-2021.10.win32_1.0.200.202301161003/tools/bin/../lib/gcc/arm-none-eabi/10.3.1/thumb/v7e-m+fp/hard/crtbegin.o
LOAD c:/st/stm32cubeide_1.12.1/stm32cubeide/plugins/com.st.stm32cube.ide.mcu.externaltools.gnu-tools-for-stm32.10.3-2021.10.win32_1.0.200.202301161003/tools/bin/../lib/gcc/arm-none-eabi/10.3.1/../../../../arm-none-eabi/lib/thumb/v7e-m+fp/hard/crt0.o
LOAD ./Core/Src/i2c_slave.o
LOAD ./Core/Src/main.o
LOAD ./Core/Src/stm32f3xx_hal_msp.o
LOAD ./Core/Src/stm32f3xx_it.o
LOAD ./Core/Src/syscalls.o
LOAD ./Core/Src/sysmem.o
LOAD ./Core/Src/system_stm32f3xx.o
LOAD ./Core/Startup/startup_stm32f303cctx.o
LOAD ./Drivers/STM32F3xx_HAL_Driver/Src/stm32f3xx_hal.o
LOAD ./Drivers/STM32F3xx_HAL_Driver/Src/stm32f3xx_hal_adc.o
LOAD ./Drivers/STM32F3xx_HAL_Driver/Src/stm32f3xx_hal_adc_ex.o
LOAD ./Drivers/STM32F3xx_HAL_Driver/Src/stm32f3xx_hal_cortex.o
LOAD ./Drivers/STM32F3xx_HAL_Driver/Src/stm32f3xx_hal_dma.o
LOAD ./Drivers/STM32F3xx_HAL_Driver/Src/stm32f3xx_hal_exti.o
LOAD ./Drivers/STM32F3xx_HAL_Driver/Src/stm32f3xx_hal_flash.o
LOAD ./Drivers/STM32F3xx_HAL_Driver/Src/stm32f3xx_hal_flash_ex.o
LOAD ./Drivers/STM32F3xx_HAL_Driver/Src/stm32f3xx_hal_gpio.o
LOAD ./Drivers/STM32F3xx_HAL_Driver/Src/stm32f3xx_hal_i2c.o
LOAD ./Drivers/STM32F3xx_HAL_Driver/Src/stm32f3xx_hal_i2c_ex.o
LOAD ./Drivers/STM32F3xx_HAL_Driver/Src/stm32f3xx_hal_pwr.o
LOAD ./Drivers/STM32F3xx_HAL_Driver/Src/stm32f3xx_hal_pwr_ex.o
LOAD ./Drivers/STM32F3xx_HAL_Driver/Src/stm32f3xx_hal_rcc.o
LOAD ./Drivers/STM32F3xx_HAL_Driver/Src/stm32f3xx_hal_rcc_ex.o
LOAD ./Drivers/STM32F3xx_HAL_Driver/Src/stm32f3xx_hal_rtc.o
LOAD ./Drivers/STM32F3xx_HAL_Driver/Src/stm32f3xx_hal_rtc_ex.o
LOAD ./Drivers/STM32F3xx_HAL_Driver/Src/stm32f3xx_hal_tim.o
LOAD ./Drivers/STM32F3xx_HAL_Driver/Src/stm32f3xx_hal_tim_ex.o
LOAD ./Drivers/STM32F3xx_HAL_Driver/Src/stm32f3xx_hal_uart.o
LOAD ./Drivers/STM32F3xx_HAL_Driver/Src/stm32f3xx_hal_uart_ex.o
START GROUP
LOAD c:/st/stm32cubeide_1.12.1/stm32cubeide/plugins/com.st.stm32cube.ide.mcu.externaltools.gnu-tools-for-stm32.10.3-2021.10.win32_1.0.200.202301161003/tools/bin/../lib/gcc/arm-none-eabi/10.3.1/../../../../arm-none-eabi/lib/thumb/v7e-m+fp/hard\libc_nano.a
LOAD c:/st/stm32cubeide_1.12.1/stm32cubeide/plugins/com.st.stm32cube.ide.mcu.externaltools.gnu-tools-for-stm32.10.3-2021.10.win32_1.0.200.202301161003/tools/bin/../lib/gcc/arm-none-eabi/10.3.1/../../../../arm-none-eabi/lib/thumb/v7e-m+fp/hard\libm.a
END GROUP
START GROUP
LOAD c:/st/stm32cubeide_1.12.1/stm32cubeide/plugins/com.st.stm32cube.ide.mcu.externaltools.gnu-tools-for-stm32.10.3-2021.10.win32_1.0.200.202301161003/tools/bin/../lib/gcc/arm-none-eabi/10.3.1/thumb/v7e-m+fp/hard\libgcc.a
LOAD c:/st/stm32cubeide_1.12.1/stm32cubeide/plugins/com.st.stm32cube.ide.mcu.externaltools.gnu-tools-for-stm32.10.3-2021.10.win32_1.0.200.202301161003/tools/bin/../lib/gcc/arm-none-eabi/10.3.1/../../../../arm-none-eabi/lib/thumb/v7e-m+fp/hard\libc_nano.a
END GROUP
START GROUP
LOAD c:/st/stm32cubeide_1.12.1/stm32cubeide/plugins/com.st.stm32cube.ide.mcu.externaltools.gnu-tools-for-stm32.10.3-2021.10.win32_1.0.200.202301161003/tools/bin/../lib/gcc/arm-none-eabi/10.3.1/thumb/v7e-m+fp/hard\libgcc.a
LOAD c:/st/stm32cubeide_1.12.1/stm32cubeide/plugins/com.st.stm32cube.ide.mcu.externaltools.gnu-tools-for-stm32.10.3-2021.10.win32_1.0.200.202301161003/tools/bin/../lib/gcc/arm-none-eabi/10.3.1/../../../../arm-none-eabi/lib/thumb/v7e-m+fp/hard\libc_nano.a
LOAD c:/st/stm32cubeide_1.12.1/stm32cubeide/plugins/com.st.stm32cube.ide.mcu.externaltools.gnu-tools-for-stm32.10.3-2021.10.win32_1.0.200.202301161003/tools/bin/../lib/gcc/arm-none-eabi/10.3.1/../../../../arm-none-eabi/lib/thumb/v7e-m+fp/hard\libnosys.a
END GROUP
START GROUP
LOAD c:/st/stm32cubeide_1.12.1/stm32cubeide/plugins/com.st.stm32cube.ide.mcu.externaltools.gnu-tools-for-stm32.10.3-2021.10.win32_1.0.200.202301161003/tools/bin/../lib/gcc/arm-none-eabi/10.3.1/thumb/v7e-m+fp/hard\libgcc.a
LOAD c:/st/stm32cubeide_1.12.1/stm32cubeide/plugins/com.st.stm32cube.ide.mcu.externaltools.gnu-tools-for-stm32.10.3-2021.10.win32_1.0.200.202301161003/tools/bin/../lib/gcc/arm-none-eabi/10.3.1/../../../../arm-none-eabi/lib/thumb/v7e-m+fp/hard\libc_nano.a
LOAD c:/st/stm32cubeide_1.12.1/stm32cubeide/plugins/com.st.stm32cube.ide.mcu.externaltools.gnu-tools-for-stm32.10.3-2021.10.win32_1.0.200.202301161003/tools/bin/../lib/gcc/arm-none-eabi/10.3.1/../../../../arm-none-eabi/lib/thumb/v7e-m+fp/hard\libnosys.a
END GROUP
LOAD c:/st/stm32cubeide_1.12.1/stm32cubeide/plugins/com.st.stm32cube.ide.mcu.externaltools.gnu-tools-for-stm32.10.3-2021.10.win32_1.0.200.202301161003/tools/bin/../lib/gcc/arm-none-eabi/10.3.1/thumb/v7e-m+fp/hard/crtend.o
LOAD c:/st/stm32cubeide_1.12.1/stm32cubeide/plugins/com.st.stm32cube.ide.mcu.externaltools.gnu-tools-for-stm32.10.3-2021.10.win32_1.0.200.202301161003/tools/bin/../lib/gcc/arm-none-eabi/10.3.1/thumb/v7e-m+fp/hard/crtn.o
                0x000000002000a000                _estack = (ORIGIN (RAM) + LENGTH (RAM))
                0x0000000000000200                _Min_Heap_Size = 0x200
                0x0000000000000400                _Min_Stack_Size = 0x400

.isr_vector     0x0000000008000000      0x188
                0x0000000008000000                . = ALIGN (0x4)
 *(.isr_vector)
 .isr_vector    0x0000000008000000      0x188 ./Core/Startup/startup_stm32f303cctx.o
                0x0000000008000000                g_pfnVectors
                0x0000000008000188                . = ALIGN (0x4)

.text           0x0000000008000190     0x7478
                0x0000000008000190                . = ALIGN (0x4)
 *(.text)
 .text          0x0000000008000190       0x40 c:/st/stm32cubeide_1.12.1/stm32cubeide/plugins/com.st.stm32cube.ide.mcu.externaltools.gnu-tools-for-stm32.10.3-2021.10.win32_1.0.200.202301161003/tools/bin/../lib/gcc/arm-none-eabi/10.3.1/thumb/v7e-m+fp/hard/crtbegin.o
 .text          0x00000000080001d0       0xa0 c:/st/stm32cubeide_1.12.1/stm32cubeide/plugins/com.st.stm32cube.ide.mcu.externaltools.gnu-tools-for-stm32.10.3-2021.10.win32_1.0.200.202301161003/tools/bin/../lib/gcc/arm-none-eabi/10.3.1/../../../../arm-none-eabi/lib/thumb/v7e-m+fp/hard\libc_nano.a(lib_a-memchr.o)
                0x00000000080001d0                memchr
 *(.text*)
 .text.process_data
                0x0000000008000270       0x40 ./Core/Src/i2c_slave.o
                0x0000000008000270                process_data
 .text.HAL_I2C_ListenCpltCallback
                0x00000000080002b0        0x4 ./Core/Src/i2c_slave.o
                0x00000000080002b0                HAL_I2C_ListenCpltCallback
 .text.HAL_I2C_AddrCallback
                0x00000000080002b4       0x48 ./Core/Src/i2c_slave.o
                0x00000000080002b4                HAL_I2C_AddrCallback
 .text.HAL_I2C_SlaveTxCpltCallback
                0x00000000080002fc       0x30 ./Core/Src/i2c_slave.o
                0x00000000080002fc                HAL_I2C_SlaveTxCpltCallback
 .text.HAL_I2C_SlaveRxCpltCallback
                0x000000000800032c       0x48 ./Core/Src/i2c_slave.o
                0x000000000800032c                HAL_I2C_SlaveRxCpltCallback
 .text.HAL_I2C_ErrorCallback
                0x0000000008000374       0x6c ./Core/Src/i2c_slave.o
                0x0000000008000374                HAL_I2C_ErrorCallback
 .text.ADC_Select_CH1
                0x00000000080003e0       0x28 ./Core/Src/main.o
                0x00000000080003e0                ADC_Select_CH1
 .text.ADC_Select_CH12
                0x0000000008000408       0x28 ./Core/Src/main.o
                0x0000000008000408                ADC_Select_CH12
 .text.ADC_read_1
                0x0000000008000430       0x38 ./Core/Src/main.o
                0x0000000008000430                ADC_read_1
 .text.ADC_read_12
                0x0000000008000468       0x38 ./Core/Src/main.o
                0x0000000008000468                ADC_read_12
 .text.PWM_correction
                0x00000000080004a0      0x100 ./Core/Src/main.o
                0x00000000080004a0                PWM_correction
 .text.I2C_send
                0x00000000080005a0       0x68 ./Core/Src/main.o
                0x00000000080005a0                I2C_send
 .text.lcd_write_nibble
                0x0000000008000608       0x5c ./Core/Src/main.o
                0x0000000008000608                lcd_write_nibble
 .text.lcd_send_cmd
                0x0000000008000664       0x28 ./Core/Src/main.o
                0x0000000008000664                lcd_send_cmd
 .text.lcd_send_data
                0x000000000800068c       0x1a ./Core/Src/main.o
                0x000000000800068c                lcd_send_data
 .text.lcd_init
                0x00000000080006a6       0x5c ./Core/Src/main.o
                0x00000000080006a6                lcd_init
 .text.lcd_write_string
                0x0000000008000702       0x12 ./Core/Src/main.o
                0x0000000008000702                lcd_write_string
 .text.lcd_set_cursor
                0x0000000008000714       0x20 ./Core/Src/main.o
                0x0000000008000714                lcd_set_cursor
 .text.lcd_clear
                0x0000000008000734       0x12 ./Core/Src/main.o
                0x0000000008000734                lcd_clear
 *fill*         0x0000000008000746        0x2 
 .text.filter   0x0000000008000748       0x3c ./Core/Src/main.o
                0x0000000008000748                filter
 .text.page     0x0000000008000784       0x68 ./Core/Src/main.o
                0x0000000008000784                page
 .text.SystemClock_Config
                0x00000000080007ec       0x9c ./Core/Src/main.o
                0x00000000080007ec                SystemClock_Config
 .text.startup.main
                0x0000000008000888      0xcc0 ./Core/Src/main.o
                0x0000000008000888                main
 .text.HAL_TIM_IC_CaptureCallback
                0x0000000008001548      0x114 ./Core/Src/main.o
                0x0000000008001548                HAL_TIM_IC_CaptureCallback
 .text.HAL_GPIO_EXTI_Callback
                0x000000000800165c      0x130 ./Core/Src/main.o
                0x000000000800165c                HAL_GPIO_EXTI_Callback
 .text.HAL_UART_TxCpltCallback
                0x000000000800178c        0xe ./Core/Src/main.o
                0x000000000800178c                HAL_UART_TxCpltCallback
 *fill*         0x000000000800179a        0x2 
 .text.HAL_ADC_ConvCpltCallback
                0x000000000800179c       0x18 ./Core/Src/main.o
                0x000000000800179c                HAL_ADC_ConvCpltCallback
 .text.Error_Handler
                0x00000000080017b4        0x4 ./Core/Src/main.o
                0x00000000080017b4                Error_Handler
 .text.HAL_MspInit
                0x00000000080017b8       0x44 ./Core/Src/stm32f3xx_hal_msp.o
                0x00000000080017b8                HAL_MspInit
 .text.HAL_ADC_MspInit
                0x00000000080017fc      0x16c ./Core/Src/stm32f3xx_hal_msp.o
                0x00000000080017fc                HAL_ADC_MspInit
 .text.HAL_I2C_MspInit
                0x0000000008001968       0x88 ./Core/Src/stm32f3xx_hal_msp.o
                0x0000000008001968                HAL_I2C_MspInit
 .text.HAL_I2C_MspDeInit
                0x00000000080019f0       0x48 ./Core/Src/stm32f3xx_hal_msp.o
                0x00000000080019f0                HAL_I2C_MspDeInit
 .text.HAL_RTC_MspInit
                0x0000000008001a38       0x28 ./Core/Src/stm32f3xx_hal_msp.o
                0x0000000008001a38                HAL_RTC_MspInit
 .text.HAL_TIM_Base_MspInit
                0x0000000008001a60      0x110 ./Core/Src/stm32f3xx_hal_msp.o
                0x0000000008001a60                HAL_TIM_Base_MspInit
 .text.HAL_TIM_MspPostInit
                0x0000000008001b70       0xf8 ./Core/Src/stm32f3xx_hal_msp.o
                0x0000000008001b70                HAL_TIM_MspPostInit
 .text.HAL_UART_MspInit
                0x0000000008001c68      0x154 ./Core/Src/stm32f3xx_hal_msp.o
                0x0000000008001c68                HAL_UART_MspInit
 .text.NMI_Handler
                0x0000000008001dbc        0x2 ./Core/Src/stm32f3xx_it.o
                0x0000000008001dbc                NMI_Handler
 .text.HardFault_Handler
                0x0000000008001dbe        0x2 ./Core/Src/stm32f3xx_it.o
                0x0000000008001dbe                HardFault_Handler
 .text.MemManage_Handler
                0x0000000008001dc0        0x2 ./Core/Src/stm32f3xx_it.o
                0x0000000008001dc0                MemManage_Handler
 .text.BusFault_Handler
                0x0000000008001dc2        0x2 ./Core/Src/stm32f3xx_it.o
                0x0000000008001dc2                BusFault_Handler
 .text.UsageFault_Handler
                0x0000000008001dc4        0x2 ./Core/Src/stm32f3xx_it.o
                0x0000000008001dc4                UsageFault_Handler
 .text.SVC_Handler
                0x0000000008001dc6        0x2 ./Core/Src/stm32f3xx_it.o
                0x0000000008001dc6                SVC_Handler
 .text.DebugMon_Handler
                0x0000000008001dc8        0x2 ./Core/Src/stm32f3xx_it.o
                0x0000000008001dc8                DebugMon_Handler
 .text.PendSV_Handler
                0x0000000008001dca        0x2 ./Core/Src/stm32f3xx_it.o
                0x0000000008001dca                PendSV_Handler
 .text.SysTick_Handler
                0x0000000008001dcc        0x4 ./Core/Src/stm32f3xx_it.o
                0x0000000008001dcc                SysTick_Handler
 .text.RCC_IRQHandler
                0x0000000008001dd0        0x2 ./Core/Src/stm32f3xx_it.o
                0x0000000008001dd0                RCC_IRQHandler
 .text.EXTI1_IRQHandler
                0x0000000008001dd2        0x6 ./Core/Src/stm32f3xx_it.o
                0x0000000008001dd2                EXTI1_IRQHandler
 .text.DMA1_Channel6_IRQHandler
                0x0000000008001dd8        0xc ./Core/Src/stm32f3xx_it.o
                0x0000000008001dd8                DMA1_Channel6_IRQHandler
 .text.DMA1_Channel7_IRQHandler
                0x0000000008001de4        0xc ./Core/Src/stm32f3xx_it.o
                0x0000000008001de4                DMA1_Channel7_IRQHandler
 .text.ADC1_2_IRQHandler
                0x0000000008001df0       0x1c ./Core/Src/stm32f3xx_it.o
                0x0000000008001df0                ADC1_2_IRQHandler
 .text.TIM1_BRK_TIM15_IRQHandler
                0x0000000008001e0c       0x1c ./Core/Src/stm32f3xx_it.o
                0x0000000008001e0c                TIM1_BRK_TIM15_IRQHandler
 .text.TIM2_IRQHandler
                0x0000000008001e28        0xc ./Core/Src/stm32f3xx_it.o
                0x0000000008001e28                TIM2_IRQHandler
 .text.TIM3_IRQHandler
                0x0000000008001e34        0xc ./Core/Src/stm32f3xx_it.o
                0x0000000008001e34                TIM3_IRQHandler
 .text.I2C1_EV_IRQHandler
                0x0000000008001e40        0xc ./Core/Src/stm32f3xx_it.o
                0x0000000008001e40                I2C1_EV_IRQHandler
 .text.I2C1_ER_IRQHandler
                0x0000000008001e4c        0xc ./Core/Src/stm32f3xx_it.o
                0x0000000008001e4c                I2C1_ER_IRQHandler
 .text.USART2_IRQHandler
                0x0000000008001e58        0xc ./Core/Src/stm32f3xx_it.o
                0x0000000008001e58                USART2_IRQHandler
 .text.EXTI15_10_IRQHandler
                0x0000000008001e64       0x16 ./Core/Src/stm32f3xx_it.o
                0x0000000008001e64                EXTI15_10_IRQHandler
 *fill*         0x0000000008001e7a        0x2 
 .text.TIM8_BRK_IRQHandler
                0x0000000008001e7c        0xc ./Core/Src/stm32f3xx_it.o
                0x0000000008001e7c                TIM8_BRK_IRQHandler
 .text.DMA2_Channel1_IRQHandler
                0x0000000008001e88        0xc ./Core/Src/stm32f3xx_it.o
                0x0000000008001e88                DMA2_Channel1_IRQHandler
 .text._sbrk    0x0000000008001e94       0x40 ./Core/Src/sysmem.o
                0x0000000008001e94                _sbrk
 .text.SystemInit
                0x0000000008001ed4       0x14 ./Core/Src/system_stm32f3xx.o
                0x0000000008001ed4                SystemInit
 .text.Reset_Handler
                0x0000000008001ee8       0x50 ./Core/Startup/startup_stm32f303cctx.o
                0x0000000008001ee8                Reset_Handler
 .text.Default_Handler
                0x0000000008001f38        0x2 ./Core/Startup/startup_stm32f303cctx.o
                0x0000000008001f38                RTC_Alarm_IRQHandler
                0x0000000008001f38                TIM8_TRG_COM_IRQHandler
                0x0000000008001f38                TIM8_CC_IRQHandler
                0x0000000008001f38                TIM1_CC_IRQHandler
                0x0000000008001f38                USB_HP_IRQHandler
                0x0000000008001f38                PVD_IRQHandler
                0x0000000008001f38                TAMP_STAMP_IRQHandler
                0x0000000008001f38                EXTI3_IRQHandler
                0x0000000008001f38                USB_HP_CAN_TX_IRQHandler
                0x0000000008001f38                EXTI0_IRQHandler
                0x0000000008001f38                I2C2_EV_IRQHandler
                0x0000000008001f38                FPU_IRQHandler
                0x0000000008001f38                TIM1_UP_TIM16_IRQHandler
                0x0000000008001f38                SPI1_IRQHandler
                0x0000000008001f38                CAN_SCE_IRQHandler
                0x0000000008001f38                TIM6_DAC_IRQHandler
                0x0000000008001f38                TIM8_UP_IRQHandler
                0x0000000008001f38                DMA2_Channel2_IRQHandler
                0x0000000008001f38                DMA1_Channel4_IRQHandler
                0x0000000008001f38                USART3_IRQHandler
                0x0000000008001f38                UART5_IRQHandler
                0x0000000008001f38                ADC3_IRQHandler
                0x0000000008001f38                TIM4_IRQHandler
                0x0000000008001f38                CAN_RX1_IRQHandler
                0x0000000008001f38                UART4_IRQHandler
                0x0000000008001f38                DMA2_Channel4_IRQHandler
                0x0000000008001f38                DMA1_Channel1_IRQHandler
                0x0000000008001f38                Default_Handler
                0x0000000008001f38                USBWakeUp_RMP_IRQHandler
                0x0000000008001f38                TIM7_IRQHandler
                0x0000000008001f38                EXTI9_5_IRQHandler
                0x0000000008001f38                RTC_WKUP_IRQHandler
                0x0000000008001f38                SPI2_IRQHandler
                0x0000000008001f38                USB_LP_CAN_RX0_IRQHandler
                0x0000000008001f38                DMA2_Channel5_IRQHandler
                0x0000000008001f38                DMA1_Channel5_IRQHandler
                0x0000000008001f38                USB_LP_IRQHandler
                0x0000000008001f38                EXTI4_IRQHandler
                0x0000000008001f38                TIM1_TRG_COM_TIM17_IRQHandler
                0x0000000008001f38                DMA1_Channel3_IRQHandler
                0x0000000008001f38                ADC4_IRQHandler
                0x0000000008001f38                WWDG_IRQHandler
                0x0000000008001f38                COMP7_IRQHandler
                0x0000000008001f38                COMP1_2_3_IRQHandler
                0x0000000008001f38                COMP4_5_6_IRQHandler
                0x0000000008001f38                I2C2_ER_IRQHandler
                0x0000000008001f38                DMA1_Channel2_IRQHandler
                0x0000000008001f38                FLASH_IRQHandler
                0x0000000008001f38                USART1_IRQHandler
                0x0000000008001f38                SPI3_IRQHandler
                0x0000000008001f38                USBWakeUp_IRQHandler
                0x0000000008001f38                DMA2_Channel3_IRQHandler
                0x0000000008001f38                EXTI2_TSC_IRQHandler
 *fill*         0x0000000008001f3a        0x2 
 .text.HAL_InitTick
                0x0000000008001f3c       0x48 ./Drivers/STM32F3xx_HAL_Driver/Src/stm32f3xx_hal.o
                0x0000000008001f3c                HAL_InitTick
 .text.HAL_Init
                0x0000000008001f84       0x24 ./Drivers/STM32F3xx_HAL_Driver/Src/stm32f3xx_hal.o
                0x0000000008001f84                HAL_Init
 .text.HAL_IncTick
                0x0000000008001fa8       0x18 ./Drivers/STM32F3xx_HAL_Driver/Src/stm32f3xx_hal.o
                0x0000000008001fa8                HAL_IncTick
 .text.HAL_GetTick
                0x0000000008001fc0        0xc ./Drivers/STM32F3xx_HAL_Driver/Src/stm32f3xx_hal.o
                0x0000000008001fc0                HAL_GetTick
 .text.HAL_Delay
                0x0000000008001fcc       0x28 ./Drivers/STM32F3xx_HAL_Driver/Src/stm32f3xx_hal.o
                0x0000000008001fcc                HAL_Delay
 .text.HAL_ADC_ConvHalfCpltCallback
                0x0000000008001ff4        0x2 ./Drivers/STM32F3xx_HAL_Driver/Src/stm32f3xx_hal_adc.o
                0x0000000008001ff4                HAL_ADC_ConvHalfCpltCallback
 .text.HAL_ADC_LevelOutOfWindowCallback
                0x0000000008001ff6        0x2 ./Drivers/STM32F3xx_HAL_Driver/Src/stm32f3xx_hal_adc.o
                0x0000000008001ff6                HAL_ADC_LevelOutOfWindowCallback
 .text.HAL_ADC_ErrorCallback
                0x0000000008001ff8        0x2 ./Drivers/STM32F3xx_HAL_Driver/Src/stm32f3xx_hal_adc.o
                0x0000000008001ff8                HAL_ADC_ErrorCallback
 .text.ADC_Disable
                0x0000000008001ffa       0x76 ./Drivers/STM32F3xx_HAL_Driver/Src/stm32f3xx_hal_adc_ex.o
 .text.ADC_ConversionStop
                0x0000000008002070       0xb4 ./Drivers/STM32F3xx_HAL_Driver/Src/stm32f3xx_hal_adc_ex.o
 .text.ADC_Enable
                0x0000000008002124       0x64 ./Drivers/STM32F3xx_HAL_Driver/Src/stm32f3xx_hal_adc_ex.o
 .text.ADC_DMAError
                0x0000000008002188       0x16 ./Drivers/STM32F3xx_HAL_Driver/Src/stm32f3xx_hal_adc_ex.o
 .text.ADC_DMAHalfConvCplt
                0x000000000800219e        0x6 ./Drivers/STM32F3xx_HAL_Driver/Src/stm32f3xx_hal_adc_ex.o
 .text.ADC_DMAConvCplt
                0x00000000080021a4       0x42 ./Drivers/STM32F3xx_HAL_Driver/Src/stm32f3xx_hal_adc_ex.o
 *fill*         0x00000000080021e6        0x2 
 .text.HAL_ADC_Init
                0x00000000080021e8      0x238 ./Drivers/STM32F3xx_HAL_Driver/Src/stm32f3xx_hal_adc_ex.o
                0x00000000080021e8                HAL_ADC_Init
 .text.HAL_ADC_Start
                0x0000000008002420      0x150 ./Drivers/STM32F3xx_HAL_Driver/Src/stm32f3xx_hal_adc_ex.o
                0x0000000008002420                HAL_ADC_Start
 .text.HAL_ADC_Stop
                0x0000000008002570       0x3e ./Drivers/STM32F3xx_HAL_Driver/Src/stm32f3xx_hal_adc_ex.o
                0x0000000008002570                HAL_ADC_Stop
 *fill*         0x00000000080025ae        0x2 
 .text.HAL_ADC_PollForConversion
                0x00000000080025b0      0x140 ./Drivers/STM32F3xx_HAL_Driver/Src/stm32f3xx_hal_adc_ex.o
                0x00000000080025b0                HAL_ADC_PollForConversion
 .text.HAL_ADC_Start_DMA
                0x00000000080026f0      0x154 ./Drivers/STM32F3xx_HAL_Driver/Src/stm32f3xx_hal_adc_ex.o
                0x00000000080026f0                HAL_ADC_Start_DMA
 .text.HAL_ADC_Stop_DMA
                0x0000000008002844       0x7c ./Drivers/STM32F3xx_HAL_Driver/Src/stm32f3xx_hal_adc_ex.o
                0x0000000008002844                HAL_ADC_Stop_DMA
 .text.HAL_ADC_GetValue
                0x00000000080028c0        0x6 ./Drivers/STM32F3xx_HAL_Driver/Src/stm32f3xx_hal_adc_ex.o
                0x00000000080028c0                HAL_ADC_GetValue
 .text.HAL_ADCEx_Calibration_Start
                0x00000000080028c6       0x8c ./Drivers/STM32F3xx_HAL_Driver/Src/stm32f3xx_hal_adc_ex.o
                0x00000000080028c6                HAL_ADCEx_Calibration_Start
 .text.HAL_ADCEx_InjectedConvCpltCallback
                0x0000000008002952        0x2 ./Drivers/STM32F3xx_HAL_Driver/Src/stm32f3xx_hal_adc_ex.o
                0x0000000008002952                HAL_ADCEx_InjectedConvCpltCallback
 .text.HAL_ADCEx_InjectedQueueOverflowCallback
                0x0000000008002954        0x2 ./Drivers/STM32F3xx_HAL_Driver/Src/stm32f3xx_hal_adc_ex.o
                0x0000000008002954                HAL_ADCEx_InjectedQueueOverflowCallback
 .text.HAL_ADCEx_LevelOutOfWindow2Callback
                0x0000000008002956        0x2 ./Drivers/STM32F3xx_HAL_Driver/Src/stm32f3xx_hal_adc_ex.o
                0x0000000008002956                HAL_ADCEx_LevelOutOfWindow2Callback
 .text.HAL_ADCEx_LevelOutOfWindow3Callback
                0x0000000008002958        0x2 ./Drivers/STM32F3xx_HAL_Driver/Src/stm32f3xx_hal_adc_ex.o
                0x0000000008002958                HAL_ADCEx_LevelOutOfWindow3Callback
 *fill*         0x000000000800295a        0x2 
 .text.HAL_ADC_IRQHandler
                0x000000000800295c      0x3c4 ./Drivers/STM32F3xx_HAL_Driver/Src/stm32f3xx_hal_adc_ex.o
                0x000000000800295c                HAL_ADC_IRQHandler
 .text.HAL_ADC_ConfigChannel
                0x0000000008002d20      0x330 ./Drivers/STM32F3xx_HAL_Driver/Src/stm32f3xx_hal_adc_ex.o
                0x0000000008002d20                HAL_ADC_ConfigChannel
 .text.HAL_ADCEx_MultiModeConfigChannel
                0x0000000008003050      0x11c ./Drivers/STM32F3xx_HAL_Driver/Src/stm32f3xx_hal_adc_ex.o
                0x0000000008003050                HAL_ADCEx_MultiModeConfigChannel
 .text.HAL_NVIC_SetPriorityGrouping
                0x000000000800316c       0x24 ./Drivers/STM32F3xx_HAL_Driver/Src/stm32f3xx_hal_cortex.o
                0x000000000800316c                HAL_NVIC_SetPriorityGrouping
 .text.HAL_NVIC_SetPriority
                0x0000000008003190       0x64 ./Drivers/STM32F3xx_HAL_Driver/Src/stm32f3xx_hal_cortex.o
                0x0000000008003190                HAL_NVIC_SetPriority
 .text.HAL_NVIC_EnableIRQ
                0x00000000080031f4       0x1c ./Drivers/STM32F3xx_HAL_Driver/Src/stm32f3xx_hal_cortex.o
                0x00000000080031f4                HAL_NVIC_EnableIRQ
 .text.HAL_NVIC_DisableIRQ
                0x0000000008003210       0x28 ./Drivers/STM32F3xx_HAL_Driver/Src/stm32f3xx_hal_cortex.o
                0x0000000008003210                HAL_NVIC_DisableIRQ
 .text.HAL_SYSTICK_Config
                0x0000000008003238       0x28 ./Drivers/STM32F3xx_HAL_Driver/Src/stm32f3xx_hal_cortex.o
                0x0000000008003238                HAL_SYSTICK_Config
 .text.DMA_CalcBaseAndBitshift
                0x0000000008003260       0x44 ./Drivers/STM32F3xx_HAL_Driver/Src/stm32f3xx_hal_dma.o
 .text.HAL_DMA_Init
                0x00000000080032a4       0x4a ./Drivers/STM32F3xx_HAL_Driver/Src/stm32f3xx_hal_dma.o
                0x00000000080032a4                HAL_DMA_Init
 .text.HAL_DMA_Start_IT
                0x00000000080032ee       0x78 ./Drivers/STM32F3xx_HAL_Driver/Src/stm32f3xx_hal_dma.o
                0x00000000080032ee                HAL_DMA_Start_IT
 .text.HAL_DMA_Abort
                0x0000000008003366       0x3c ./Drivers/STM32F3xx_HAL_Driver/Src/stm32f3xx_hal_dma.o
                0x0000000008003366                HAL_DMA_Abort
 .text.HAL_DMA_Abort_IT
                0x00000000080033a2       0x42 ./Drivers/STM32F3xx_HAL_Driver/Src/stm32f3xx_hal_dma.o
                0x00000000080033a2                HAL_DMA_Abort_IT
 .text.HAL_DMA_IRQHandler
                0x00000000080033e4       0x8c ./Drivers/STM32F3xx_HAL_Driver/Src/stm32f3xx_hal_dma.o
                0x00000000080033e4                HAL_DMA_IRQHandler
 .text.HAL_DMA_GetState
                0x0000000008003470        0x6 ./Drivers/STM32F3xx_HAL_Driver/Src/stm32f3xx_hal_dma.o
                0x0000000008003470                HAL_DMA_GetState
 *fill*         0x0000000008003476        0x2 
 .text.HAL_GPIO_Init
                0x0000000008003478      0x188 ./Drivers/STM32F3xx_HAL_Driver/Src/stm32f3xx_hal_gpio.o
                0x0000000008003478                HAL_GPIO_Init
 .text.HAL_GPIO_DeInit
                0x0000000008003600       0xf4 ./Drivers/STM32F3xx_HAL_Driver/Src/stm32f3xx_hal_gpio.o
                0x0000000008003600                HAL_GPIO_DeInit
 .text.HAL_GPIO_ReadPin
                0x00000000080036f4        0xc ./Drivers/STM32F3xx_HAL_Driver/Src/stm32f3xx_hal_gpio.o
                0x00000000080036f4                HAL_GPIO_ReadPin
 .text.HAL_GPIO_WritePin
                0x0000000008003700        0xa ./Drivers/STM32F3xx_HAL_Driver/Src/stm32f3xx_hal_gpio.o
                0x0000000008003700                HAL_GPIO_WritePin
 .text.HAL_GPIO_TogglePin
                0x000000000800370a       0x12 ./Drivers/STM32F3xx_HAL_Driver/Src/stm32f3xx_hal_gpio.o
                0x000000000800370a                HAL_GPIO_TogglePin
 .text.HAL_GPIO_EXTI_IRQHandler
                0x000000000800371c       0x18 ./Drivers/STM32F3xx_HAL_Driver/Src/stm32f3xx_hal_gpio.o
                0x000000000800371c                HAL_GPIO_EXTI_IRQHandler
 .text.I2C_Flush_TXDR
                0x0000000008003734       0x1c ./Drivers/STM32F3xx_HAL_Driver/Src/stm32f3xx_hal_i2c.o
 .text.I2C_TransferConfig
                0x0000000008003750       0x2c ./Drivers/STM32F3xx_HAL_Driver/Src/stm32f3xx_hal_i2c.o
 .text.I2C_Enable_IRQ
                0x000000000800377c       0x90 ./Drivers/STM32F3xx_HAL_Driver/Src/stm32f3xx_hal_i2c.o
 .text.I2C_Disable_IRQ
                0x000000000800380c       0x42 ./Drivers/STM32F3xx_HAL_Driver/Src/stm32f3xx_hal_i2c.o
 .text.I2C_IsErrorOccurred
                0x000000000800384e      0x102 ./Drivers/STM32F3xx_HAL_Driver/Src/stm32f3xx_hal_i2c.o
 .text.I2C_WaitOnTXISFlagUntilTimeout
                0x0000000008003950       0x56 ./Drivers/STM32F3xx_HAL_Driver/Src/stm32f3xx_hal_i2c.o
 .text.I2C_WaitOnFlagUntilTimeout
                0x00000000080039a6       0x66 ./Drivers/STM32F3xx_HAL_Driver/Src/stm32f3xx_hal_i2c.o
 .text.I2C_WaitOnSTOPFlagUntilTimeout
                0x0000000008003a0c       0x52 ./Drivers/STM32F3xx_HAL_Driver/Src/stm32f3xx_hal_i2c.o
 .text.HAL_I2C_Init
                0x0000000008003a5e       0xa2 ./Drivers/STM32F3xx_HAL_Driver/Src/stm32f3xx_hal_i2c.o
                0x0000000008003a5e                HAL_I2C_Init
 .text.HAL_I2C_DeInit
                0x0000000008003b00       0x32 ./Drivers/STM32F3xx_HAL_Driver/Src/stm32f3xx_hal_i2c.o
                0x0000000008003b00                HAL_I2C_DeInit
 *fill*         0x0000000008003b32        0x2 
 .text.HAL_I2C_Master_Transmit
                0x0000000008003b34      0x12c ./Drivers/STM32F3xx_HAL_Driver/Src/stm32f3xx_hal_i2c.o
                0x0000000008003b34                HAL_I2C_Master_Transmit
 .text.HAL_I2C_IsDeviceReady
                0x0000000008003c60      0x13e ./Drivers/STM32F3xx_HAL_Driver/Src/stm32f3xx_hal_i2c.o
                0x0000000008003c60                HAL_I2C_IsDeviceReady
 *fill*         0x0000000008003d9e        0x2 
 .text.HAL_I2C_Slave_Seq_Transmit_IT
                0x0000000008003da0       0xc4 ./Drivers/STM32F3xx_HAL_Driver/Src/stm32f3xx_hal_i2c.o
                0x0000000008003da0                HAL_I2C_Slave_Seq_Transmit_IT
 .text.HAL_I2C_Slave_Seq_Receive_IT
                0x0000000008003e64       0xc4 ./Drivers/STM32F3xx_HAL_Driver/Src/stm32f3xx_hal_i2c.o
                0x0000000008003e64                HAL_I2C_Slave_Seq_Receive_IT
 .text.HAL_I2C_EnableListen_IT
                0x0000000008003f28       0x28 ./Drivers/STM32F3xx_HAL_Driver/Src/stm32f3xx_hal_i2c.o
                0x0000000008003f28                HAL_I2C_EnableListen_IT
 .text.HAL_I2C_EV_IRQHandler
                0x0000000008003f50        0xe ./Drivers/STM32F3xx_HAL_Driver/Src/stm32f3xx_hal_i2c.o
                0x0000000008003f50                HAL_I2C_EV_IRQHandler
 .text.HAL_I2C_MasterTxCpltCallback
                0x0000000008003f5e        0x2 ./Drivers/STM32F3xx_HAL_Driver/Src/stm32f3xx_hal_i2c.o
                0x0000000008003f5e                HAL_I2C_MasterTxCpltCallback
 .text.HAL_I2C_MasterRxCpltCallback
                0x0000000008003f60        0x2 ./Drivers/STM32F3xx_HAL_Driver/Src/stm32f3xx_hal_i2c.o
                0x0000000008003f60                HAL_I2C_MasterRxCpltCallback
 .text.I2C_ITMasterSeqCplt
                0x0000000008003f62       0x44 ./Drivers/STM32F3xx_HAL_Driver/Src/stm32f3xx_hal_i2c.o
 .text.I2C_ITSlaveSeqCplt
                0x0000000008003fa6       0x6c ./Drivers/STM32F3xx_HAL_Driver/Src/stm32f3xx_hal_i2c.o
 .text.I2C_ITAddrCplt.constprop.0
                0x0000000008004012       0x86 ./Drivers/STM32F3xx_HAL_Driver/Src/stm32f3xx_hal_i2c.o
 .text.I2C_ITListenCplt
                0x0000000008004098       0x60 ./Drivers/STM32F3xx_HAL_Driver/Src/stm32f3xx_hal_i2c.o
 .text.HAL_I2C_MemTxCpltCallback
                0x00000000080040f8        0x2 ./Drivers/STM32F3xx_HAL_Driver/Src/stm32f3xx_hal_i2c.o
                0x00000000080040f8                HAL_I2C_MemTxCpltCallback
 .text.HAL_I2C_MemRxCpltCallback
                0x00000000080040fa        0x2 ./Drivers/STM32F3xx_HAL_Driver/Src/stm32f3xx_hal_i2c.o
                0x00000000080040fa                HAL_I2C_MemRxCpltCallback
 .text.HAL_I2C_AbortCpltCallback
                0x00000000080040fc        0x2 ./Drivers/STM32F3xx_HAL_Driver/Src/stm32f3xx_hal_i2c.o
                0x00000000080040fc                HAL_I2C_AbortCpltCallback
 .text.I2C_TreatErrorCallback
                0x00000000080040fe       0x2c ./Drivers/STM32F3xx_HAL_Driver/Src/stm32f3xx_hal_i2c.o
 *fill*         0x000000000800412a        0x2 
 .text.I2C_ITError
                0x000000000800412c      0x108 ./Drivers/STM32F3xx_HAL_Driver/Src/stm32f3xx_hal_i2c.o
 .text.I2C_ITSlaveCplt
                0x0000000008004234      0x128 ./Drivers/STM32F3xx_HAL_Driver/Src/stm32f3xx_hal_i2c.o
 .text.I2C_Slave_ISR_IT
                0x000000000800435c      0x112 ./Drivers/STM32F3xx_HAL_Driver/Src/stm32f3xx_hal_i2c.o
 .text.I2C_ITMasterCplt
                0x000000000800446e       0xee ./Drivers/STM32F3xx_HAL_Driver/Src/stm32f3xx_hal_i2c.o
 .text.I2C_Mem_ISR_DMA
                0x000000000800455c      0x124 ./Drivers/STM32F3xx_HAL_Driver/Src/stm32f3xx_hal_i2c.o
 .text.I2C_Slave_ISR_DMA
                0x0000000008004680       0xf0 ./Drivers/STM32F3xx_HAL_Driver/Src/stm32f3xx_hal_i2c.o
 .text.I2C_Master_ISR_DMA
                0x0000000008004770      0x104 ./Drivers/STM32F3xx_HAL_Driver/Src/stm32f3xx_hal_i2c.o
 .text.HAL_I2C_ER_IRQHandler
                0x0000000008004874       0x60 ./Drivers/STM32F3xx_HAL_Driver/Src/stm32f3xx_hal_i2c.o
                0x0000000008004874                HAL_I2C_ER_IRQHandler
 .text.I2C_DMAAbort
                0x00000000080048d4       0x16 ./Drivers/STM32F3xx_HAL_Driver/Src/stm32f3xx_hal_i2c.o
 .text.HAL_I2C_GetError
                0x00000000080048ea        0x4 ./Drivers/STM32F3xx_HAL_Driver/Src/stm32f3xx_hal_i2c.o
                0x00000000080048ea                HAL_I2C_GetError
 .text.HAL_I2CEx_ConfigAnalogFilter
                0x00000000080048ee       0x4c ./Drivers/STM32F3xx_HAL_Driver/Src/stm32f3xx_hal_i2c_ex.o
                0x00000000080048ee                HAL_I2CEx_ConfigAnalogFilter
 .text.HAL_I2CEx_ConfigDigitalFilter
                0x000000000800493a       0x4a ./Drivers/STM32F3xx_HAL_Driver/Src/stm32f3xx_hal_i2c_ex.o
                0x000000000800493a                HAL_I2CEx_ConfigDigitalFilter
 .text.HAL_RCC_OscConfig
                0x0000000008004984      0x504 ./Drivers/STM32F3xx_HAL_Driver/Src/stm32f3xx_hal_rcc.o
                0x0000000008004984                HAL_RCC_OscConfig
 .text.HAL_RCC_GetSysClockFreq
                0x0000000008004e88       0x64 ./Drivers/STM32F3xx_HAL_Driver/Src/stm32f3xx_hal_rcc.o
                0x0000000008004e88                HAL_RCC_GetSysClockFreq
 .text.HAL_RCC_ClockConfig
                0x0000000008004eec      0x158 ./Drivers/STM32F3xx_HAL_Driver/Src/stm32f3xx_hal_rcc.o
                0x0000000008004eec                HAL_RCC_ClockConfig
 .text.HAL_RCC_GetPCLK1Freq
                0x0000000008005044       0x30 ./Drivers/STM32F3xx_HAL_Driver/Src/stm32f3xx_hal_rcc.o
                0x0000000008005044                HAL_RCC_GetPCLK1Freq
 .text.HAL_RCC_GetPCLK2Freq
                0x0000000008005074       0x30 ./Drivers/STM32F3xx_HAL_Driver/Src/stm32f3xx_hal_rcc.o
                0x0000000008005074                HAL_RCC_GetPCLK2Freq
 .text.HAL_RCCEx_PeriphCLKConfig
                0x00000000080050a4      0x20c ./Drivers/STM32F3xx_HAL_Driver/Src/stm32f3xx_hal_rcc_ex.o
                0x00000000080050a4                HAL_RCCEx_PeriphCLKConfig
 .text.HAL_RTC_WaitForSynchro
                0x00000000080052b0       0x30 ./Drivers/STM32F3xx_HAL_Driver/Src/stm32f3xx_hal_rtc.o
                0x00000000080052b0                HAL_RTC_WaitForSynchro
 .text.RTC_EnterInitMode
                0x00000000080052e0       0x42 ./Drivers/STM32F3xx_HAL_Driver/Src/stm32f3xx_hal_rtc.o
                0x00000000080052e0                RTC_EnterInitMode
 .text.RTC_ExitInitMode
                0x0000000008005322       0x28 ./Drivers/STM32F3xx_HAL_Driver/Src/stm32f3xx_hal_rtc.o
                0x0000000008005322                RTC_ExitInitMode
 .text.HAL_RTC_Init
                0x000000000800534a       0x90 ./Drivers/STM32F3xx_HAL_Driver/Src/stm32f3xx_hal_rtc.o
                0x000000000800534a                HAL_RTC_Init
 .text.RTC_ByteToBcd2
                0x00000000080053da       0x16 ./Drivers/STM32F3xx_HAL_Driver/Src/stm32f3xx_hal_rtc.o
                0x00000000080053da                RTC_ByteToBcd2
 .text.HAL_RTC_SetTime
                0x00000000080053f0       0xb8 ./Drivers/STM32F3xx_HAL_Driver/Src/stm32f3xx_hal_rtc.o
                0x00000000080053f0                HAL_RTC_SetTime
 .text.HAL_RTC_SetDate
                0x00000000080054a8       0x9a ./Drivers/STM32F3xx_HAL_Driver/Src/stm32f3xx_hal_rtc.o
                0x00000000080054a8                HAL_RTC_SetDate
 .text.RTC_Bcd2ToByte
                0x0000000008005542       0x12 ./Drivers/STM32F3xx_HAL_Driver/Src/stm32f3xx_hal_rtc.o
                0x0000000008005542                RTC_Bcd2ToByte
 .text.HAL_RTC_GetTime
                0x0000000008005554       0x46 ./Drivers/STM32F3xx_HAL_Driver/Src/stm32f3xx_hal_rtc.o
                0x0000000008005554                HAL_RTC_GetTime
 .text.HAL_RTC_GetDate
                0x000000000800559a       0x3a ./Drivers/STM32F3xx_HAL_Driver/Src/stm32f3xx_hal_rtc.o
                0x000000000800559a                HAL_RTC_GetDate
 .text.TIM_OC1_SetConfig
                0x00000000080055d4       0x98 ./Drivers/STM32F3xx_HAL_Driver/Src/stm32f3xx_hal_tim.o
 .text.TIM_OC3_SetConfig
                0x000000000800566c       0x88 ./Drivers/STM32F3xx_HAL_Driver/Src/stm32f3xx_hal_tim.o
 .text.TIM_OC4_SetConfig
                0x00000000080056f4       0x68 ./Drivers/STM32F3xx_HAL_Driver/Src/stm32f3xx_hal_tim.o
 .text.TIM_OC5_SetConfig
                0x000000000800575c       0x68 ./Drivers/STM32F3xx_HAL_Driver/Src/stm32f3xx_hal_tim.o
 .text.TIM_OC6_SetConfig
                0x00000000080057c4       0x68 ./Drivers/STM32F3xx_HAL_Driver/Src/stm32f3xx_hal_tim.o
 .text.HAL_TIM_PWM_MspInit
                0x000000000800582c        0x2 ./Drivers/STM32F3xx_HAL_Driver/Src/stm32f3xx_hal_tim.o
                0x000000000800582c                HAL_TIM_PWM_MspInit
 .text.HAL_TIM_IC_MspInit
                0x000000000800582e        0x2 ./Drivers/STM32F3xx_HAL_Driver/Src/stm32f3xx_hal_tim.o
                0x000000000800582e                HAL_TIM_IC_MspInit
 .text.HAL_TIM_ReadCapturedValue
                0x0000000008005830       0x2c ./Drivers/STM32F3xx_HAL_Driver/Src/stm32f3xx_hal_tim.o
                0x0000000008005830                HAL_TIM_ReadCapturedValue
 .text.HAL_TIM_PeriodElapsedCallback
                0x000000000800585c        0x2 ./Drivers/STM32F3xx_HAL_Driver/Src/stm32f3xx_hal_tim.o
                0x000000000800585c                HAL_TIM_PeriodElapsedCallback
 .text.HAL_TIM_OC_DelayElapsedCallback
                0x000000000800585e        0x2 ./Drivers/STM32F3xx_HAL_Driver/Src/stm32f3xx_hal_tim.o
                0x000000000800585e                HAL_TIM_OC_DelayElapsedCallback
 .text.HAL_TIM_PWM_PulseFinishedCallback
                0x0000000008005860        0x2 ./Drivers/STM32F3xx_HAL_Driver/Src/stm32f3xx_hal_tim.o
                0x0000000008005860                HAL_TIM_PWM_PulseFinishedCallback
 .text.HAL_TIM_TriggerCallback
                0x0000000008005862        0x2 ./Drivers/STM32F3xx_HAL_Driver/Src/stm32f3xx_hal_tim.o
                0x0000000008005862                HAL_TIM_TriggerCallback
 .text.HAL_TIM_IRQHandler
                0x0000000008005864      0x160 ./Drivers/STM32F3xx_HAL_Driver/Src/stm32f3xx_hal_tim.o
                0x0000000008005864                HAL_TIM_IRQHandler
 .text.TIM_Base_SetConfig
                0x00000000080059c4       0xbc ./Drivers/STM32F3xx_HAL_Driver/Src/stm32f3xx_hal_tim.o
                0x00000000080059c4                TIM_Base_SetConfig
 .text.HAL_TIM_Base_Init
                0x0000000008005a80       0x60 ./Drivers/STM32F3xx_HAL_Driver/Src/stm32f3xx_hal_tim.o
                0x0000000008005a80                HAL_TIM_Base_Init
 .text.HAL_TIM_PWM_Init
                0x0000000008005ae0       0x60 ./Drivers/STM32F3xx_HAL_Driver/Src/stm32f3xx_hal_tim.o
                0x0000000008005ae0                HAL_TIM_PWM_Init
 .text.HAL_TIM_IC_Init
                0x0000000008005b40       0x60 ./Drivers/STM32F3xx_HAL_Driver/Src/stm32f3xx_hal_tim.o
                0x0000000008005b40                HAL_TIM_IC_Init
 .text.TIM_OC2_SetConfig
                0x0000000008005ba0       0x8c ./Drivers/STM32F3xx_HAL_Driver/Src/stm32f3xx_hal_tim.o
                0x0000000008005ba0                TIM_OC2_SetConfig
 .text.HAL_TIM_PWM_ConfigChannel
                0x0000000008005c2c      0x104 ./Drivers/STM32F3xx_HAL_Driver/Src/stm32f3xx_hal_tim.o
                0x0000000008005c2c                HAL_TIM_PWM_ConfigChannel
 .text.TIM_TI1_SetConfig
                0x0000000008005d30       0x64 ./Drivers/STM32F3xx_HAL_Driver/Src/stm32f3xx_hal_tim.o
                0x0000000008005d30                TIM_TI1_SetConfig
 .text.HAL_TIM_IC_ConfigChannel
                0x0000000008005d94      0x126 ./Drivers/STM32F3xx_HAL_Driver/Src/stm32f3xx_hal_tim.o
                0x0000000008005d94                HAL_TIM_IC_ConfigChannel
 .text.TIM_ETR_SetConfig
                0x0000000008005eba       0x14 ./Drivers/STM32F3xx_HAL_Driver/Src/stm32f3xx_hal_tim.o
                0x0000000008005eba                TIM_ETR_SetConfig
 *fill*         0x0000000008005ece        0x2 
 .text.HAL_TIM_ConfigClockSource
                0x0000000008005ed0      0x138 ./Drivers/STM32F3xx_HAL_Driver/Src/stm32f3xx_hal_tim.o
                0x0000000008005ed0                HAL_TIM_ConfigClockSource
 .text.TIM_CCxChannelCmd
                0x0000000008006008       0x1c ./Drivers/STM32F3xx_HAL_Driver/Src/stm32f3xx_hal_tim.o
                0x0000000008006008                TIM_CCxChannelCmd
 .text.HAL_TIM_OC_Start
                0x0000000008006024      0x10c ./Drivers/STM32F3xx_HAL_Driver/Src/stm32f3xx_hal_tim.o
                0x0000000008006024                HAL_TIM_OC_Start
 .text.HAL_TIM_PWM_Start
                0x0000000008006130        0x4 ./Drivers/STM32F3xx_HAL_Driver/Src/stm32f3xx_hal_tim.o
                0x0000000008006130                HAL_TIM_PWM_Start
 .text.HAL_TIM_OC_Stop
                0x0000000008006134       0xac ./Drivers/STM32F3xx_HAL_Driver/Src/stm32f3xx_hal_tim.o
                0x0000000008006134                HAL_TIM_OC_Stop
 .text.HAL_TIM_PWM_Stop
                0x00000000080061e0        0x4 ./Drivers/STM32F3xx_HAL_Driver/Src/stm32f3xx_hal_tim.o
                0x00000000080061e0                HAL_TIM_PWM_Stop
 .text.HAL_TIM_IC_Start_IT
                0x00000000080061e4      0x128 ./Drivers/STM32F3xx_HAL_Driver/Src/stm32f3xx_hal_tim.o
                0x00000000080061e4                HAL_TIM_IC_Start_IT
 .text.TIM_CCxNChannelCmd
                0x000000000800630c       0x1c ./Drivers/STM32F3xx_HAL_Driver/Src/stm32f3xx_hal_tim_ex.o
 .text.HAL_TIMEx_OCN_Start
                0x0000000008006328       0xb4 ./Drivers/STM32F3xx_HAL_Driver/Src/stm32f3xx_hal_tim_ex.o
                0x0000000008006328                HAL_TIMEx_OCN_Start
 .text.HAL_TIMEx_OCN_Stop
                0x00000000080063dc       0x6c ./Drivers/STM32F3xx_HAL_Driver/Src/stm32f3xx_hal_tim_ex.o
                0x00000000080063dc                HAL_TIMEx_OCN_Stop
 .text.HAL_TIMEx_PWMN_Start
                0x0000000008006448        0x4 ./Drivers/STM32F3xx_HAL_Driver/Src/stm32f3xx_hal_tim_ex.o
                0x0000000008006448                HAL_TIMEx_PWMN_Start
 .text.HAL_TIMEx_PWMN_Stop
                0x000000000800644c        0x4 ./Drivers/STM32F3xx_HAL_Driver/Src/stm32f3xx_hal_tim_ex.o
                0x000000000800644c                HAL_TIMEx_PWMN_Stop
 .text.HAL_TIMEx_MasterConfigSynchronization
                0x0000000008006450       0x84 ./Drivers/STM32F3xx_HAL_Driver/Src/stm32f3xx_hal_tim_ex.o
                0x0000000008006450                HAL_TIMEx_MasterConfigSynchronization
 .text.HAL_TIMEx_ConfigBreakDeadTime
                0x00000000080064d4       0x84 ./Drivers/STM32F3xx_HAL_Driver/Src/stm32f3xx_hal_tim_ex.o
                0x00000000080064d4                HAL_TIMEx_ConfigBreakDeadTime
 .text.HAL_TIMEx_CommutCallback
                0x0000000008006558        0x2 ./Drivers/STM32F3xx_HAL_Driver/Src/stm32f3xx_hal_tim_ex.o
                0x0000000008006558                HAL_TIMEx_CommutCallback
 .text.HAL_TIMEx_BreakCallback
                0x000000000800655a        0x2 ./Drivers/STM32F3xx_HAL_Driver/Src/stm32f3xx_hal_tim_ex.o
                0x000000000800655a                HAL_TIMEx_BreakCallback
 .text.HAL_TIMEx_Break2Callback
                0x000000000800655c        0x2 ./Drivers/STM32F3xx_HAL_Driver/Src/stm32f3xx_hal_tim_ex.o
                0x000000000800655c                HAL_TIMEx_Break2Callback
 .text.UART_EndRxTransfer
                0x000000000800655e       0x50 ./Drivers/STM32F3xx_HAL_Driver/Src/stm32f3xx_hal_uart.o
 .text.HAL_UART_ErrorCallback
                0x00000000080065ae        0x2 ./Drivers/STM32F3xx_HAL_Driver/Src/stm32f3xx_hal_uart.o
                0x00000000080065ae                HAL_UART_ErrorCallback
 .text.UART_DMAAbortOnError
                0x00000000080065b0       0x14 ./Drivers/STM32F3xx_HAL_Driver/Src/stm32f3xx_hal_uart.o
 .text.HAL_UARTEx_RxEventCallback
                0x00000000080065c4        0x2 ./Drivers/STM32F3xx_HAL_Driver/Src/stm32f3xx_hal_uart.o
                0x00000000080065c4                HAL_UARTEx_RxEventCallback
 *fill*         0x00000000080065c6        0x2 
 .text.HAL_UART_IRQHandler
                0x00000000080065c8      0x2a0 ./Drivers/STM32F3xx_HAL_Driver/Src/stm32f3xx_hal_uart.o
                0x00000000080065c8                HAL_UART_IRQHandler
 .text.UART_SetConfig
                0x0000000008006868      0x204 ./Drivers/STM32F3xx_HAL_Driver/Src/stm32f3xx_hal_uart.o
                0x0000000008006868                UART_SetConfig
 .text.UART_AdvFeatureConfig
                0x0000000008006a6c       0xa8 ./Drivers/STM32F3xx_HAL_Driver/Src/stm32f3xx_hal_uart.o
                0x0000000008006a6c                UART_AdvFeatureConfig
 .text.UART_WaitOnFlagUntilTimeout
                0x0000000008006b14       0x88 ./Drivers/STM32F3xx_HAL_Driver/Src/stm32f3xx_hal_uart.o
                0x0000000008006b14                UART_WaitOnFlagUntilTimeout
 .text.UART_CheckIdleState
                0x0000000008006b9c       0xb6 ./Drivers/STM32F3xx_HAL_Driver/Src/stm32f3xx_hal_uart.o
                0x0000000008006b9c                UART_CheckIdleState
 .text.HAL_UART_Init
                0x0000000008006c52       0x5c ./Drivers/STM32F3xx_HAL_Driver/Src/stm32f3xx_hal_uart.o
                0x0000000008006c52                HAL_UART_Init
 .text.HAL_UARTEx_WakeupCallback
                0x0000000008006cae        0x2 ./Drivers/STM32F3xx_HAL_Driver/Src/stm32f3xx_hal_uart_ex.o
                0x0000000008006cae                HAL_UARTEx_WakeupCallback
 .text.__errno  0x0000000008006cb0        0xc c:/st/stm32cubeide_1.12.1/stm32cubeide/plugins/com.st.stm32cube.ide.mcu.externaltools.gnu-tools-for-stm32.10.3-2021.10.win32_1.0.200.202301161003/tools/bin/../lib/gcc/arm-none-eabi/10.3.1/../../../../arm-none-eabi/lib/thumb/v7e-m+fp/hard\libc_nano.a(lib_a-errno.o)
                0x0000000008006cb0                __errno
 .text.__libc_init_array
                0x0000000008006cbc       0x48 c:/st/stm32cubeide_1.12.1/stm32cubeide/plugins/com.st.stm32cube.ide.mcu.externaltools.gnu-tools-for-stm32.10.3-2021.10.win32_1.0.200.202301161003/tools/bin/../lib/gcc/arm-none-eabi/10.3.1/../../../../arm-none-eabi/lib/thumb/v7e-m+fp/hard\libc_nano.a(lib_a-init.o)
                0x0000000008006cbc                __libc_init_array
 .text.memcpy   0x0000000008006d04       0x1c c:/st/stm32cubeide_1.12.1/stm32cubeide/plugins/com.st.stm32cube.ide.mcu.externaltools.gnu-tools-for-stm32.10.3-2021.10.win32_1.0.200.202301161003/tools/bin/../lib/gcc/arm-none-eabi/10.3.1/../../../../arm-none-eabi/lib/thumb/v7e-m+fp/hard\libc_nano.a(lib_a-memcpy-stub.o)
                0x0000000008006d04                memcpy
 .text.memset   0x0000000008006d20       0x10 c:/st/stm32cubeide_1.12.1/stm32cubeide/plugins/com.st.stm32cube.ide.mcu.externaltools.gnu-tools-for-stm32.10.3-2021.10.win32_1.0.200.202301161003/tools/bin/../lib/gcc/arm-none-eabi/10.3.1/../../../../arm-none-eabi/lib/thumb/v7e-m+fp/hard\libc_nano.a(lib_a-memset.o)
                0x0000000008006d20                memset
 .text.sprintf  0x0000000008006d30       0x40 c:/st/stm32cubeide_1.12.1/stm32cubeide/plugins/com.st.stm32cube.ide.mcu.externaltools.gnu-tools-for-stm32.10.3-2021.10.win32_1.0.200.202301161003/tools/bin/../lib/gcc/arm-none-eabi/10.3.1/../../../../arm-none-eabi/lib/thumb/v7e-m+fp/hard\libc_nano.a(lib_a-sprintf.o)
                0x0000000008006d30                siprintf
                0x0000000008006d30                sprintf
 .text.__ssputs_r
                0x0000000008006d70       0xb6 c:/st/stm32cubeide_1.12.1/stm32cubeide/plugins/com.st.stm32cube.ide.mcu.externaltools.gnu-tools-for-stm32.10.3-2021.10.win32_1.0.200.202301161003/tools/bin/../lib/gcc/arm-none-eabi/10.3.1/../../../../arm-none-eabi/lib/thumb/v7e-m+fp/hard\libc_nano.a(lib_a-nano-svfprintf.o)
                0x0000000008006d70                __ssputs_r
 *fill*         0x0000000008006e26        0x2 
 .text._svfprintf_r
                0x0000000008006e28      0x200 c:/st/stm32cubeide_1.12.1/stm32cubeide/plugins/com.st.stm32cube.ide.mcu.externaltools.gnu-tools-for-stm32.10.3-2021.10.win32_1.0.200.202301161003/tools/bin/../lib/gcc/arm-none-eabi/10.3.1/../../../../arm-none-eabi/lib/thumb/v7e-m+fp/hard\libc_nano.a(lib_a-nano-svfprintf.o)
                0x0000000008006e28                _svfiprintf_r
                0x0000000008006e28                _svfprintf_r
 .text._printf_common
                0x0000000008007028       0xda c:/st/stm32cubeide_1.12.1/stm32cubeide/plugins/com.st.stm32cube.ide.mcu.externaltools.gnu-tools-for-stm32.10.3-2021.10.win32_1.0.200.202301161003/tools/bin/../lib/gcc/arm-none-eabi/10.3.1/../../../../arm-none-eabi/lib/thumb/v7e-m+fp/hard\libc_nano.a(lib_a-nano-vfprintf_i.o)
                0x0000000008007028                _printf_common
 *fill*         0x0000000008007102        0x2 
 .text._printf_i
                0x0000000008007104      0x24c c:/st/stm32cubeide_1.12.1/stm32cubeide/plugins/com.st.stm32cube.ide.mcu.externaltools.gnu-tools-for-stm32.10.3-2021.10.win32_1.0.200.202301161003/tools/bin/../lib/gcc/arm-none-eabi/10.3.1/../../../../arm-none-eabi/lib/thumb/v7e-m+fp/hard\libc_nano.a(lib_a-nano-vfprintf_i.o)
                0x0000000008007104                _printf_i
 .text.memmove  0x0000000008007350       0x34 c:/st/stm32cubeide_1.12.1/stm32cubeide/plugins/com.st.stm32cube.ide.mcu.externaltools.gnu-tools-for-stm32.10.3-2021.10.win32_1.0.200.202301161003/tools/bin/../lib/gcc/arm-none-eabi/10.3.1/../../../../arm-none-eabi/lib/thumb/v7e-m+fp/hard\libc_nano.a(lib_a-memmove.o)
                0x0000000008007350                memmove
 .text._free_r  0x0000000008007384       0x98 c:/st/stm32cubeide_1.12.1/stm32cubeide/plugins/com.st.stm32cube.ide.mcu.externaltools.gnu-tools-for-stm32.10.3-2021.10.win32_1.0.200.202301161003/tools/bin/../lib/gcc/arm-none-eabi/10.3.1/../../../../arm-none-eabi/lib/thumb/v7e-m+fp/hard\libc_nano.a(lib_a-nano-freer.o)
                0x0000000008007384                _free_r
 .text.sbrk_aligned
                0x000000000800741c       0x40 c:/st/stm32cubeide_1.12.1/stm32cubeide/plugins/com.st.stm32cube.ide.mcu.externaltools.gnu-tools-for-stm32.10.3-2021.10.win32_1.0.200.202301161003/tools/bin/../lib/gcc/arm-none-eabi/10.3.1/../../../../arm-none-eabi/lib/thumb/v7e-m+fp/hard\libc_nano.a(lib_a-nano-mallocr.o)
 .text._malloc_r
                0x000000000800745c       0xe8 c:/st/stm32cubeide_1.12.1/stm32cubeide/plugins/com.st.stm32cube.ide.mcu.externaltools.gnu-tools-for-stm32.10.3-2021.10.win32_1.0.200.202301161003/tools/bin/../lib/gcc/arm-none-eabi/10.3.1/../../../../arm-none-eabi/lib/thumb/v7e-m+fp/hard\libc_nano.a(lib_a-nano-mallocr.o)
                0x000000000800745c                _malloc_r
 .text._realloc_r
                0x0000000008007544       0x5e c:/st/stm32cubeide_1.12.1/stm32cubeide/plugins/com.st.stm32cube.ide.mcu.externaltools.gnu-tools-for-stm32.10.3-2021.10.win32_1.0.200.202301161003/tools/bin/../lib/gcc/arm-none-eabi/10.3.1/../../../../arm-none-eabi/lib/thumb/v7e-m+fp/hard\libc_nano.a(lib_a-nano-reallocr.o)
                0x0000000008007544                _realloc_r
 *fill*         0x00000000080075a2        0x2 
 .text._sbrk_r  0x00000000080075a4       0x20 c:/st/stm32cubeide_1.12.1/stm32cubeide/plugins/com.st.stm32cube.ide.mcu.externaltools.gnu-tools-for-stm32.10.3-2021.10.win32_1.0.200.202301161003/tools/bin/../lib/gcc/arm-none-eabi/10.3.1/../../../../arm-none-eabi/lib/thumb/v7e-m+fp/hard\libc_nano.a(lib_a-sbrkr.o)
                0x00000000080075a4                _sbrk_r
 .text.__malloc_lock
                0x00000000080075c4        0xc c:/st/stm32cubeide_1.12.1/stm32cubeide/plugins/com.st.stm32cube.ide.mcu.externaltools.gnu-tools-for-stm32.10.3-2021.10.win32_1.0.200.202301161003/tools/bin/../lib/gcc/arm-none-eabi/10.3.1/../../../../arm-none-eabi/lib/thumb/v7e-m+fp/hard\libc_nano.a(lib_a-mlock.o)
                0x00000000080075c4                __malloc_lock
 .text.__malloc_unlock
                0x00000000080075d0        0xc c:/st/stm32cubeide_1.12.1/stm32cubeide/plugins/com.st.stm32cube.ide.mcu.externaltools.gnu-tools-for-stm32.10.3-2021.10.win32_1.0.200.202301161003/tools/bin/../lib/gcc/arm-none-eabi/10.3.1/../../../../arm-none-eabi/lib/thumb/v7e-m+fp/hard\libc_nano.a(lib_a-mlock.o)
                0x00000000080075d0                __malloc_unlock
 .text._malloc_usable_size_r
                0x00000000080075dc       0x10 c:/st/stm32cubeide_1.12.1/stm32cubeide/plugins/com.st.stm32cube.ide.mcu.externaltools.gnu-tools-for-stm32.10.3-2021.10.win32_1.0.200.202301161003/tools/bin/../lib/gcc/arm-none-eabi/10.3.1/../../../../arm-none-eabi/lib/thumb/v7e-m+fp/hard\libc_nano.a(lib_a-nano-msizer.o)
                0x00000000080075dc                _malloc_usable_size_r
 .text.__retarget_lock_acquire_recursive
                0x00000000080075ec        0x2 c:/st/stm32cubeide_1.12.1/stm32cubeide/plugins/com.st.stm32cube.ide.mcu.externaltools.gnu-tools-for-stm32.10.3-2021.10.win32_1.0.200.202301161003/tools/bin/../lib/gcc/arm-none-eabi/10.3.1/../../../../arm-none-eabi/lib/thumb/v7e-m+fp/hard\libc_nano.a(lib_a-lock.o)
                0x00000000080075ec                __retarget_lock_acquire_recursive
 .text.__retarget_lock_release_recursive
                0x00000000080075ee        0x2 c:/st/stm32cubeide_1.12.1/stm32cubeide/plugins/com.st.stm32cube.ide.mcu.externaltools.gnu-tools-for-stm32.10.3-2021.10.win32_1.0.200.202301161003/tools/bin/../lib/gcc/arm-none-eabi/10.3.1/../../../../arm-none-eabi/lib/thumb/v7e-m+fp/hard\libc_nano.a(lib_a-lock.o)
                0x00000000080075ee                __retarget_lock_release_recursive
 *(.glue_7)
 .glue_7        0x00000000080075f0        0x0 linker stubs
 *(.glue_7t)
 .glue_7t       0x00000000080075f0        0x0 linker stubs
 *(.eh_frame)
 .eh_frame      0x00000000080075f0        0x0 c:/st/stm32cubeide_1.12.1/stm32cubeide/plugins/com.st.stm32cube.ide.mcu.externaltools.gnu-tools-for-stm32.10.3-2021.10.win32_1.0.200.202301161003/tools/bin/../lib/gcc/arm-none-eabi/10.3.1/thumb/v7e-m+fp/hard/crtbegin.o
 *(.init)
 .init          0x00000000080075f0        0x4 c:/st/stm32cubeide_1.12.1/stm32cubeide/plugins/com.st.stm32cube.ide.mcu.externaltools.gnu-tools-for-stm32.10.3-2021.10.win32_1.0.200.202301161003/tools/bin/../lib/gcc/arm-none-eabi/10.3.1/thumb/v7e-m+fp/hard/crti.o
                0x00000000080075f0                _init
 .init          0x00000000080075f4        0x8 c:/st/stm32cubeide_1.12.1/stm32cubeide/plugins/com.st.stm32cube.ide.mcu.externaltools.gnu-tools-for-stm32.10.3-2021.10.win32_1.0.200.202301161003/tools/bin/../lib/gcc/arm-none-eabi/10.3.1/thumb/v7e-m+fp/hard/crtn.o
 *(.fini)
 .fini          0x00000000080075fc        0x4 c:/st/stm32cubeide_1.12.1/stm32cubeide/plugins/com.st.stm32cube.ide.mcu.externaltools.gnu-tools-for-stm32.10.3-2021.10.win32_1.0.200.202301161003/tools/bin/../lib/gcc/arm-none-eabi/10.3.1/thumb/v7e-m+fp/hard/crti.o
                0x00000000080075fc                _fini
 .fini          0x0000000008007600        0x8 c:/st/stm32cubeide_1.12.1/stm32cubeide/plugins/com.st.stm32cube.ide.mcu.externaltools.gnu-tools-for-stm32.10.3-2021.10.win32_1.0.200.202301161003/tools/bin/../lib/gcc/arm-none-eabi/10.3.1/thumb/v7e-m+fp/hard/crtn.o
                0x0000000008007608                . = ALIGN (0x4)
                0x0000000008007608                _etext = .

.vfp11_veneer   0x0000000008007608        0x0
 .vfp11_veneer  0x0000000008007608        0x0 linker stubs

.v4_bx          0x0000000008007608        0x0
 .v4_bx         0x0000000008007608        0x0 linker stubs

.iplt           0x0000000008007608        0x0
 .iplt          0x0000000008007608        0x0 c:/st/stm32cubeide_1.12.1/stm32cubeide/plugins/com.st.stm32cube.ide.mcu.externaltools.gnu-tools-for-stm32.10.3-2021.10.win32_1.0.200.202301161003/tools/bin/../lib/gcc/arm-none-eabi/10.3.1/thumb/v7e-m+fp/hard/crtbegin.o

.rodata         0x0000000008007608       0xe8
                0x0000000008007608                . = ALIGN (0x4)
 *(.rodata)
 *(.rodata*)
 .rodata.main.str1.1
                0x0000000008007608       0x74 ./Core/Src/main.o
                                         0x88 (size before relaxing)
 .rodata.CSWTCH.74
                0x000000000800767c        0x3 ./Core/Src/main.o
 .rodata.AHBPrescTable
                0x000000000800767f       0x10 ./Core/Src/system_stm32f3xx.o
                0x000000000800767f                AHBPrescTable
 .rodata.APBPrescTable
                0x000000000800768f        0x8 ./Core/Src/system_stm32f3xx.o
                0x000000000800768f                APBPrescTable
 .rodata.aPLLMULFactorTable
                0x0000000008007697       0x10 ./Drivers/STM32F3xx_HAL_Driver/Src/stm32f3xx_hal_rcc.o
 .rodata.aPredivFactorTable
                0x00000000080076a7       0x10 ./Drivers/STM32F3xx_HAL_Driver/Src/stm32f3xx_hal_rcc.o
 .rodata.CSWTCH.53
                0x00000000080076b7        0x3 ./Drivers/STM32F3xx_HAL_Driver/Src/stm32f3xx_hal_uart.o
 .rodata._svfprintf_r.str1.1
                0x00000000080076ba       0x11 c:/st/stm32cubeide_1.12.1/stm32cubeide/plugins/com.st.stm32cube.ide.mcu.externaltools.gnu-tools-for-stm32.10.3-2021.10.win32_1.0.200.202301161003/tools/bin/../lib/gcc/arm-none-eabi/10.3.1/../../../../arm-none-eabi/lib/thumb/v7e-m+fp/hard\libc_nano.a(lib_a-nano-svfprintf.o)
 .rodata._printf_i.str1.1
                0x00000000080076cb       0x22 c:/st/stm32cubeide_1.12.1/stm32cubeide/plugins/com.st.stm32cube.ide.mcu.externaltools.gnu-tools-for-stm32.10.3-2021.10.win32_1.0.200.202301161003/tools/bin/../lib/gcc/arm-none-eabi/10.3.1/../../../../arm-none-eabi/lib/thumb/v7e-m+fp/hard\libc_nano.a(lib_a-nano-vfprintf_i.o)
                0x00000000080076f0                . = ALIGN (0x4)
 *fill*         0x00000000080076ed        0x3 

.rel.dyn        0x00000000080076f0        0x0
 .rel.iplt      0x00000000080076f0        0x0 c:/st/stm32cubeide_1.12.1/stm32cubeide/plugins/com.st.stm32cube.ide.mcu.externaltools.gnu-tools-for-stm32.10.3-2021.10.win32_1.0.200.202301161003/tools/bin/../lib/gcc/arm-none-eabi/10.3.1/thumb/v7e-m+fp/hard/crtbegin.o

.ARM.extab      0x00000000080076f0        0x0
                0x00000000080076f0                . = ALIGN (0x4)
 *(.ARM.extab* .gnu.linkonce.armextab.*)
                0x00000000080076f0                . = ALIGN (0x4)

.ARM            0x00000000080076f0        0x0
                0x00000000080076f0                . = ALIGN (0x4)
                0x00000000080076f0                __exidx_start = .
 *(.ARM.exidx*)
                0x00000000080076f0                __exidx_end = .
                0x00000000080076f0                . = ALIGN (0x4)

.preinit_array  0x00000000080076f0        0x0
                0x00000000080076f0                . = ALIGN (0x4)
                0x00000000080076f0                PROVIDE (__preinit_array_start = .)
 *(.preinit_array*)
                0x00000000080076f0                PROVIDE (__preinit_array_end = .)
                0x00000000080076f0                . = ALIGN (0x4)

.init_array     0x00000000080076f0        0x4
                0x00000000080076f0                . = ALIGN (0x4)
                0x00000000080076f0                PROVIDE (__init_array_start = .)
 *(SORT_BY_NAME(.init_array.*))
 *(.init_array*)
 .init_array    0x00000000080076f0        0x4 c:/st/stm32cubeide_1.12.1/stm32cubeide/plugins/com.st.stm32cube.ide.mcu.externaltools.gnu-tools-for-stm32.10.3-2021.10.win32_1.0.200.202301161003/tools/bin/../lib/gcc/arm-none-eabi/10.3.1/thumb/v7e-m+fp/hard/crtbegin.o
                0x00000000080076f4                PROVIDE (__init_array_end = .)
                0x00000000080076f4                . = ALIGN (0x4)

.fini_array     0x00000000080076f4        0x4
                0x00000000080076f4                . = ALIGN (0x4)
                [!provide]                        PROVIDE (__fini_array_start = .)
 *(SORT_BY_NAME(.fini_array.*))
 *(.fini_array*)
 .fini_array    0x00000000080076f4        0x4 c:/st/stm32cubeide_1.12.1/stm32cubeide/plugins/com.st.stm32cube.ide.mcu.externaltools.gnu-tools-for-stm32.10.3-2021.10.win32_1.0.200.202301161003/tools/bin/../lib/gcc/arm-none-eabi/10.3.1/thumb/v7e-m+fp/hard/crtbegin.o
                [!provide]                        PROVIDE (__fini_array_end = .)
                0x00000000080076f8                . = ALIGN (0x4)
                0x00000000080076f8                _sidata = LOADADDR (.data)

.data           0x0000000020000000       0x7c load address 0x00000000080076f8
                0x0000000020000000                . = ALIGN (0x4)
                0x0000000020000000                _sdata = .
 *(.data)
 *(.data*)
 .data.backlight_state
                0x0000000020000000        0x1 ./Core/Src/main.o
                0x0000000020000000                backlight_state
 *fill*         0x0000000020000001        0x1 
 .data.limit    0x0000000020000002        0x2 ./Core/Src/main.o
                0x0000000020000002                limit
 .data.pwm      0x0000000020000004        0x8 ./Core/Src/main.o
                0x0000000020000004                pwm
 .data.SystemCoreClock
                0x000000002000000c        0x4 ./Core/Src/system_stm32f3xx.o
                0x000000002000000c                SystemCoreClock
 .data.uwTickFreq
                0x0000000020000010        0x1 ./Drivers/STM32F3xx_HAL_Driver/Src/stm32f3xx_hal.o
                0x0000000020000010                uwTickFreq
 *fill*         0x0000000020000011        0x3 
 .data.uwTickPrio
                0x0000000020000014        0x4 ./Drivers/STM32F3xx_HAL_Driver/Src/stm32f3xx_hal.o
                0x0000000020000014                uwTickPrio
 .data._impure_ptr
                0x0000000020000018        0x4 c:/st/stm32cubeide_1.12.1/stm32cubeide/plugins/com.st.stm32cube.ide.mcu.externaltools.gnu-tools-for-stm32.10.3-2021.10.win32_1.0.200.202301161003/tools/bin/../lib/gcc/arm-none-eabi/10.3.1/../../../../arm-none-eabi/lib/thumb/v7e-m+fp/hard\libc_nano.a(lib_a-impure.o)
                0x0000000020000018                _impure_ptr
 .data.impure_data
                0x000000002000001c       0x60 c:/st/stm32cubeide_1.12.1/stm32cubeide/plugins/com.st.stm32cube.ide.mcu.externaltools.gnu-tools-for-stm32.10.3-2021.10.win32_1.0.200.202301161003/tools/bin/../lib/gcc/arm-none-eabi/10.3.1/../../../../arm-none-eabi/lib/thumb/v7e-m+fp/hard\libc_nano.a(lib_a-impure.o)
 *(.RamFunc)
 *(.RamFunc*)
                0x000000002000007c                . = ALIGN (0x4)
                0x000000002000007c                _edata = .
                0x0000000008007774                _siccmram = LOADADDR (.ccmram)

.igot.plt       0x000000002000007c        0x0 load address 0x0000000008007774
 .igot.plt      0x000000002000007c        0x0 c:/st/stm32cubeide_1.12.1/stm32cubeide/plugins/com.st.stm32cube.ide.mcu.externaltools.gnu-tools-for-stm32.10.3-2021.10.win32_1.0.200.202301161003/tools/bin/../lib/gcc/arm-none-eabi/10.3.1/thumb/v7e-m+fp/hard/crtbegin.o

.ccmram         0x0000000010000000        0x0 load address 0x0000000008007774
                0x0000000010000000                . = ALIGN (0x4)
                0x0000000010000000                _sccmram = .
 *(.ccmram)
 *(.ccmram*)
                0x0000000010000000                . = ALIGN (0x4)
                0x0000000010000000                _eccmram = .
                0x0000000010000000                . = ALIGN (0x4)

.bss            0x000000002000007c      0x5c0
                0x000000002000007c                _sbss = .
                0x000000002000007c                __bss_start__ = _sbss
 *(.bss)
 .bss           0x000000002000007c       0x1c c:/st/stm32cubeide_1.12.1/stm32cubeide/plugins/com.st.stm32cube.ide.mcu.externaltools.gnu-tools-for-stm32.10.3-2021.10.win32_1.0.200.202301161003/tools/bin/../lib/gcc/arm-none-eabi/10.3.1/thumb/v7e-m+fp/hard/crtbegin.o
 *(.bss*)
 .bss.I2C_REGISTERS
                0x0000000020000098        0xa ./Core/Src/i2c_slave.o
                0x0000000020000098                I2C_REGISTERS
 .bss.RxData    0x00000000200000a2        0xb ./Core/Src/i2c_slave.o
                0x00000000200000a2                RxData
 .bss.bytesRrecvd
                0x00000000200000ad        0x1 ./Core/Src/i2c_slave.o
                0x00000000200000ad                bytesRrecvd
 .bss.bytesTransd
                0x00000000200000ae        0x1 ./Core/Src/i2c_slave.o
                0x00000000200000ae                bytesTransd
 .bss.rxcount   0x00000000200000af        0x1 ./Core/Src/i2c_slave.o
                0x00000000200000af                rxcount
 .bss.startPosition
                0x00000000200000b0        0x1 ./Core/Src/i2c_slave.o
                0x00000000200000b0                startPosition
 .bss.txcount   0x00000000200000b1        0x1 ./Core/Src/i2c_slave.o
                0x00000000200000b1                txcount
 .bss.adc_count
                0x00000000200000b2        0x1 ./Core/Src/main.o
                0x00000000200000b2                adc_count
 .bss.adc_filter
                0x00000000200000b3        0x4 ./Core/Src/main.o
                0x00000000200000b3                adc_filter
 *fill*         0x00000000200000b7        0x1 
 .bss.current   0x00000000200000b8        0x8 ./Core/Src/main.o
 .bss.current_avg
                0x00000000200000c0        0x2 ./Core/Src/main.o
                0x00000000200000c0                current_avg
 .bss.current_sum
                0x00000000200000c2        0x2 ./Core/Src/main.o
                0x00000000200000c2                current_sum
 .bss.f         0x00000000200000c4        0x2 ./Core/Src/main.o
                0x00000000200000c4                f
 .bss.flag      0x00000000200000c6        0x1 ./Core/Src/main.o
                0x00000000200000c6                flag
 *fill*         0x00000000200000c7        0x1 
 .bss.hadc1     0x00000000200000c8       0x50 ./Core/Src/main.o
                0x00000000200000c8                hadc1
 .bss.hadc2     0x0000000020000118       0x50 ./Core/Src/main.o
                0x0000000020000118                hadc2
 .bss.hadc3     0x0000000020000168       0x50 ./Core/Src/main.o
                0x0000000020000168                hadc3
 .bss.hall_sens
                0x00000000200001b8        0xa ./Core/Src/main.o
 *fill*         0x00000000200001c2        0x2 
 .bss.hdma_adc2
                0x00000000200001c4       0x44 ./Core/Src/main.o
                0x00000000200001c4                hdma_adc2
 .bss.hdma_usart2_rx
                0x0000000020000208       0x44 ./Core/Src/main.o
                0x0000000020000208                hdma_usart2_rx
 .bss.hdma_usart2_tx
                0x000000002000024c       0x44 ./Core/Src/main.o
                0x000000002000024c                hdma_usart2_tx
 .bss.hi2c1     0x0000000020000290       0x54 ./Core/Src/main.o
                0x0000000020000290                hi2c1
 .bss.hour      0x00000000200002e4        0x1 ./Core/Src/main.o
                0x00000000200002e4                hour
 *fill*         0x00000000200002e5        0x3 
 .bss.hrtc      0x00000000200002e8       0x20 ./Core/Src/main.o
                0x00000000200002e8                hrtc
 .bss.htim1     0x0000000020000308       0x4c ./Core/Src/main.o
                0x0000000020000308                htim1
 .bss.htim15    0x0000000020000354       0x4c ./Core/Src/main.o
                0x0000000020000354                htim15
 .bss.htim2     0x00000000200003a0       0x4c ./Core/Src/main.o
                0x00000000200003a0                htim2
 .bss.htim3     0x00000000200003ec       0x4c ./Core/Src/main.o
                0x00000000200003ec                htim3
 .bss.htim8     0x0000000020000438       0x4c ./Core/Src/main.o
                0x0000000020000438                htim8
 .bss.huart1    0x0000000020000484       0x88 ./Core/Src/main.o
                0x0000000020000484                huart1
 .bss.huart2    0x000000002000050c       0x88 ./Core/Src/main.o
                0x000000002000050c                huart2
 .bss.m.1       0x0000000020000594       0x50 ./Core/Src/main.o
 .bss.min       0x00000000200005e4        0x1 ./Core/Src/main.o
                0x00000000200005e4                min
 *fill*         0x00000000200005e5        0x3 
 .bss.n.2       0x00000000200005e8        0x4 ./Core/Src/main.o
 .bss.page_flag
                0x00000000200005ec        0x1 ./Core/Src/main.o
                0x00000000200005ec                page_flag
 .bss.page_num  0x00000000200005ed        0x1 ./Core/Src/main.o
                0x00000000200005ed                page_num
 *fill*         0x00000000200005ee        0x2 
 .bss.period    0x00000000200005f0        0x4 ./Core/Src/main.o
                0x00000000200005f0                period
 .bss.pulseWidth
                0x00000000200005f4        0x2 ./Core/Src/main.o
                0x00000000200005f4                pulseWidth
 .bss.pwm_cmd   0x00000000200005f6        0x2 ./Core/Src/main.o
                0x00000000200005f6                pwm_cmd
 .bss.pwm_n     0x00000000200005f8        0x2 ./Core/Src/main.o
                0x00000000200005f8                pwm_n
 .bss.pwm_tgr   0x00000000200005fa        0x1 ./Core/Src/main.o
                0x00000000200005fa                pwm_tgr
 *fill*         0x00000000200005fb        0x1 
 .bss.rpm       0x00000000200005fc        0x4 ./Core/Src/main.o
                0x00000000200005fc                rpm
 .bss.sDate     0x0000000020000600        0x4 ./Core/Src/main.o
                0x0000000020000600                sDate
 .bss.sTime     0x0000000020000604       0x14 ./Core/Src/main.o
                0x0000000020000604                sTime
 .bss.sec       0x0000000020000618        0x1 ./Core/Src/main.o
                0x0000000020000618                sec
 .bss.status    0x0000000020000619        0x1 ./Core/Src/main.o
                0x0000000020000619                status
 *fill*         0x000000002000061a        0x2 
 .bss.y.0       0x000000002000061c        0x4 ./Core/Src/main.o
 .bss.HAL_RCC_ADC12_CLK_ENABLED
                0x0000000020000620        0x4 ./Core/Src/stm32f3xx_hal_msp.o
 .bss.__sbrk_heap_end
                0x0000000020000624        0x4 ./Core/Src/sysmem.o
 .bss.uwTick    0x0000000020000628        0x4 ./Drivers/STM32F3xx_HAL_Driver/Src/stm32f3xx_hal.o
                0x0000000020000628                uwTick
 .bss.__malloc_free_list
                0x000000002000062c        0x4 c:/st/stm32cubeide_1.12.1/stm32cubeide/plugins/com.st.stm32cube.ide.mcu.externaltools.gnu-tools-for-stm32.10.3-2021.10.win32_1.0.200.202301161003/tools/bin/../lib/gcc/arm-none-eabi/10.3.1/../../../../arm-none-eabi/lib/thumb/v7e-m+fp/hard\libc_nano.a(lib_a-nano-mallocr.o)
                0x000000002000062c                __malloc_free_list
 .bss.__malloc_sbrk_start
                0x0000000020000630        0x4 c:/st/stm32cubeide_1.12.1/stm32cubeide/plugins/com.st.stm32cube.ide.mcu.externaltools.gnu-tools-for-stm32.10.3-2021.10.win32_1.0.200.202301161003/tools/bin/../lib/gcc/arm-none-eabi/10.3.1/../../../../arm-none-eabi/lib/thumb/v7e-m+fp/hard\libc_nano.a(lib_a-nano-mallocr.o)
                0x0000000020000630                __malloc_sbrk_start
 .bss.errno     0x0000000020000634        0x4 c:/st/stm32cubeide_1.12.1/stm32cubeide/plugins/com.st.stm32cube.ide.mcu.externaltools.gnu-tools-for-stm32.10.3-2021.10.win32_1.0.200.202301161003/tools/bin/../lib/gcc/arm-none-eabi/10.3.1/../../../../arm-none-eabi/lib/thumb/v7e-m+fp/hard\libc_nano.a(lib_a-reent.o)
                0x0000000020000634                errno
 .bss.__lock___malloc_recursive_mutex
                0x0000000020000638        0x1 c:/st/stm32cubeide_1.12.1/stm32cubeide/plugins/com.st.stm32cube.ide.mcu.externaltools.gnu-tools-for-stm32.10.3-2021.10.win32_1.0.200.202301161003/tools/bin/../lib/gcc/arm-none-eabi/10.3.1/../../../../arm-none-eabi/lib/thumb/v7e-m+fp/hard\libc_nano.a(lib_a-lock.o)
                0x0000000020000638                __lock___malloc_recursive_mutex
 *(COMMON)
                0x000000002000063c                . = ALIGN (0x4)
 *fill*         0x0000000020000639        0x3 
                0x000000002000063c                _ebss = .
                0x000000002000063c                __bss_end__ = _ebss

._user_heap_stack
                0x000000002000063c      0x604
                0x0000000020000640                . = ALIGN (0x8)
 *fill*         0x000000002000063c        0x4 
                [!provide]                        PROVIDE (end = .)
                0x0000000020000640                PROVIDE (_end = .)
                0x0000000020000840                . = (. + _Min_Heap_Size)
 *fill*         0x0000000020000640      0x200 
                0x0000000020000c40                . = (. + _Min_Stack_Size)
 *fill*         0x0000000020000840      0x400 
                0x0000000020000c40                . = ALIGN (0x8)

/DISCARD/
 libc.a(*)
 libm.a(*)
 libgcc.a(*)

.ARM.attributes
                0x0000000000000000       0x30
 *(.ARM.attributes)
 .ARM.attributes
                0x0000000000000000       0x1e c:/st/stm32cubeide_1.12.1/stm32cubeide/plugins/com.st.stm32cube.ide.mcu.externaltools.gnu-tools-for-stm32.10.3-2021.10.win32_1.0.200.202301161003/tools/bin/../lib/gcc/arm-none-eabi/10.3.1/thumb/v7e-m+fp/hard/crti.o
 .ARM.attributes
                0x000000000000001e       0x34 c:/st/stm32cubeide_1.12.1/stm32cubeide/plugins/com.st.stm32cube.ide.mcu.externaltools.gnu-tools-for-stm32.10.3-2021.10.win32_1.0.200.202301161003/tools/bin/../lib/gcc/arm-none-eabi/10.3.1/thumb/v7e-m+fp/hard/crtbegin.o
 .ARM.attributes
                0x0000000000000052       0x34 ./Core/Src/i2c_slave.o
 .ARM.attributes
                0x0000000000000086       0x34 ./Core/Src/main.o
 .ARM.attributes
                0x00000000000000ba       0x34 ./Core/Src/stm32f3xx_hal_msp.o
 .ARM.attributes
                0x00000000000000ee       0x34 ./Core/Src/stm32f3xx_it.o
 .ARM.attributes
                0x0000000000000122       0x34 ./Core/Src/sysmem.o
 .ARM.attributes
                0x0000000000000156       0x34 ./Core/Src/system_stm32f3xx.o
 .ARM.attributes
                0x000000000000018a       0x21 ./Core/Startup/startup_stm32f303cctx.o
 .ARM.attributes
                0x00000000000001ab       0x34 ./Drivers/STM32F3xx_HAL_Driver/Src/stm32f3xx_hal.o
 .ARM.attributes
                0x00000000000001df       0x34 ./Drivers/STM32F3xx_HAL_Driver/Src/stm32f3xx_hal_adc.o
 .ARM.attributes
                0x0000000000000213       0x34 ./Drivers/STM32F3xx_HAL_Driver/Src/stm32f3xx_hal_adc_ex.o
 .ARM.attributes
                0x0000000000000247       0x34 ./Drivers/STM32F3xx_HAL_Driver/Src/stm32f3xx_hal_cortex.o
 .ARM.attributes
                0x000000000000027b       0x34 ./Drivers/STM32F3xx_HAL_Driver/Src/stm32f3xx_hal_dma.o
 .ARM.attributes
                0x00000000000002af       0x34 ./Drivers/STM32F3xx_HAL_Driver/Src/stm32f3xx_hal_gpio.o
 .ARM.attributes
                0x00000000000002e3       0x34 ./Drivers/STM32F3xx_HAL_Driver/Src/stm32f3xx_hal_i2c.o
 .ARM.attributes
                0x0000000000000317       0x34 ./Drivers/STM32F3xx_HAL_Driver/Src/stm32f3xx_hal_i2c_ex.o
 .ARM.attributes
                0x000000000000034b       0x34 ./Drivers/STM32F3xx_HAL_Driver/Src/stm32f3xx_hal_rcc.o
 .ARM.attributes
                0x000000000000037f       0x34 ./Drivers/STM32F3xx_HAL_Driver/Src/stm32f3xx_hal_rcc_ex.o
 .ARM.attributes
                0x00000000000003b3       0x34 ./Drivers/STM32F3xx_HAL_Driver/Src/stm32f3xx_hal_rtc.o
 .ARM.attributes
                0x00000000000003e7       0x34 ./Drivers/STM32F3xx_HAL_Driver/Src/stm32f3xx_hal_tim.o
 .ARM.attributes
                0x000000000000041b       0x34 ./Drivers/STM32F3xx_HAL_Driver/Src/stm32f3xx_hal_tim_ex.o
 .ARM.attributes
                0x000000000000044f       0x34 ./Drivers/STM32F3xx_HAL_Driver/Src/stm32f3xx_hal_uart.o
 .ARM.attributes
                0x0000000000000483       0x34 ./Drivers/STM32F3xx_HAL_Driver/Src/stm32f3xx_hal_uart_ex.o
 .ARM.attributes
                0x00000000000004b7       0x34 c:/st/stm32cubeide_1.12.1/stm32cubeide/plugins/com.st.stm32cube.ide.mcu.externaltools.gnu-tools-for-stm32.10.3-2021.10.win32_1.0.200.202301161003/tools/bin/../lib/gcc/arm-none-eabi/10.3.1/../../../../arm-none-eabi/lib/thumb/v7e-m+fp/hard\libc_nano.a(lib_a-errno.o)
 .ARM.attributes
                0x00000000000004eb       0x34 c:/st/stm32cubeide_1.12.1/stm32cubeide/plugins/com.st.stm32cube.ide.mcu.externaltools.gnu-tools-for-stm32.10.3-2021.10.win32_1.0.200.202301161003/tools/bin/../lib/gcc/arm-none-eabi/10.3.1/../../../../arm-none-eabi/lib/thumb/v7e-m+fp/hard\libc_nano.a(lib_a-impure.o)
 .ARM.attributes
                0x000000000000051f       0x34 c:/st/stm32cubeide_1.12.1/stm32cubeide/plugins/com.st.stm32cube.ide.mcu.externaltools.gnu-tools-for-stm32.10.3-2021.10.win32_1.0.200.202301161003/tools/bin/../lib/gcc/arm-none-eabi/10.3.1/../../../../arm-none-eabi/lib/thumb/v7e-m+fp/hard\libc_nano.a(lib_a-init.o)
 .ARM.attributes
                0x0000000000000553       0x34 c:/st/stm32cubeide_1.12.1/stm32cubeide/plugins/com.st.stm32cube.ide.mcu.externaltools.gnu-tools-for-stm32.10.3-2021.10.win32_1.0.200.202301161003/tools/bin/../lib/gcc/arm-none-eabi/10.3.1/../../../../arm-none-eabi/lib/thumb/v7e-m+fp/hard\libc_nano.a(lib_a-memcpy-stub.o)
 .ARM.attributes
                0x0000000000000587       0x34 c:/st/stm32cubeide_1.12.1/stm32cubeide/plugins/com.st.stm32cube.ide.mcu.externaltools.gnu-tools-for-stm32.10.3-2021.10.win32_1.0.200.202301161003/tools/bin/../lib/gcc/arm-none-eabi/10.3.1/../../../../arm-none-eabi/lib/thumb/v7e-m+fp/hard\libc_nano.a(lib_a-memset.o)
 .ARM.attributes
                0x00000000000005bb       0x34 c:/st/stm32cubeide_1.12.1/stm32cubeide/plugins/com.st.stm32cube.ide.mcu.externaltools.gnu-tools-for-stm32.10.3-2021.10.win32_1.0.200.202301161003/tools/bin/../lib/gcc/arm-none-eabi/10.3.1/../../../../arm-none-eabi/lib/thumb/v7e-m+fp/hard\libc_nano.a(lib_a-sprintf.o)
 .ARM.attributes
                0x00000000000005ef       0x34 c:/st/stm32cubeide_1.12.1/stm32cubeide/plugins/com.st.stm32cube.ide.mcu.externaltools.gnu-tools-for-stm32.10.3-2021.10.win32_1.0.200.202301161003/tools/bin/../lib/gcc/arm-none-eabi/10.3.1/../../../../arm-none-eabi/lib/thumb/v7e-m+fp/hard\libc_nano.a(lib_a-nano-svfprintf.o)
 .ARM.attributes
                0x0000000000000623       0x34 c:/st/stm32cubeide_1.12.1/stm32cubeide/plugins/com.st.stm32cube.ide.mcu.externaltools.gnu-tools-for-stm32.10.3-2021.10.win32_1.0.200.202301161003/tools/bin/../lib/gcc/arm-none-eabi/10.3.1/../../../../arm-none-eabi/lib/thumb/v7e-m+fp/hard\libc_nano.a(lib_a-nano-vfprintf_i.o)
 .ARM.attributes
                0x0000000000000657       0x1c c:/st/stm32cubeide_1.12.1/stm32cubeide/plugins/com.st.stm32cube.ide.mcu.externaltools.gnu-tools-for-stm32.10.3-2021.10.win32_1.0.200.202301161003/tools/bin/../lib/gcc/arm-none-eabi/10.3.1/../../../../arm-none-eabi/lib/thumb/v7e-m+fp/hard\libc_nano.a(lib_a-memchr.o)
 .ARM.attributes
                0x0000000000000673       0x34 c:/st/stm32cubeide_1.12.1/stm32cubeide/plugins/com.st.stm32cube.ide.mcu.externaltools.gnu-tools-for-stm32.10.3-2021.10.win32_1.0.200.202301161003/tools/bin/../lib/gcc/arm-none-eabi/10.3.1/../../../../arm-none-eabi/lib/thumb/v7e-m+fp/hard\libc_nano.a(lib_a-memmove.o)
 .ARM.attributes
                0x00000000000006a7       0x34 c:/st/stm32cubeide_1.12.1/stm32cubeide/plugins/com.st.stm32cube.ide.mcu.externaltools.gnu-tools-for-stm32.10.3-2021.10.win32_1.0.200.202301161003/tools/bin/../lib/gcc/arm-none-eabi/10.3.1/../../../../arm-none-eabi/lib/thumb/v7e-m+fp/hard\libc_nano.a(lib_a-nano-freer.o)
 .ARM.attributes
                0x00000000000006db       0x34 c:/st/stm32cubeide_1.12.1/stm32cubeide/plugins/com.st.stm32cube.ide.mcu.externaltools.gnu-tools-for-stm32.10.3-2021.10.win32_1.0.200.202301161003/tools/bin/../lib/gcc/arm-none-eabi/10.3.1/../../../../arm-none-eabi/lib/thumb/v7e-m+fp/hard\libc_nano.a(lib_a-nano-mallocr.o)
 .ARM.attributes
                0x000000000000070f       0x34 c:/st/stm32cubeide_1.12.1/stm32cubeide/plugins/com.st.stm32cube.ide.mcu.externaltools.gnu-tools-for-stm32.10.3-2021.10.win32_1.0.200.202301161003/tools/bin/../lib/gcc/arm-none-eabi/10.3.1/../../../../arm-none-eabi/lib/thumb/v7e-m+fp/hard\libc_nano.a(lib_a-nano-reallocr.o)
 .ARM.attributes
                0x0000000000000743       0x34 c:/st/stm32cubeide_1.12.1/stm32cubeide/plugins/com.st.stm32cube.ide.mcu.externaltools.gnu-tools-for-stm32.10.3-2021.10.win32_1.0.200.202301161003/tools/bin/../lib/gcc/arm-none-eabi/10.3.1/../../../../arm-none-eabi/lib/thumb/v7e-m+fp/hard\libc_nano.a(lib_a-sbrkr.o)
 .ARM.attributes
                0x0000000000000777       0x34 c:/st/stm32cubeide_1.12.1/stm32cubeide/plugins/com.st.stm32cube.ide.mcu.externaltools.gnu-tools-for-stm32.10.3-2021.10.win32_1.0.200.202301161003/tools/bin/../lib/gcc/arm-none-eabi/10.3.1/../../../../arm-none-eabi/lib/thumb/v7e-m+fp/hard\libc_nano.a(lib_a-mlock.o)
 .ARM.attributes
                0x00000000000007ab       0x34 c:/st/stm32cubeide_1.12.1/stm32cubeide/plugins/com.st.stm32cube.ide.mcu.externaltools.gnu-tools-for-stm32.10.3-2021.10.win32_1.0.200.202301161003/tools/bin/../lib/gcc/arm-none-eabi/10.3.1/../../../../arm-none-eabi/lib/thumb/v7e-m+fp/hard\libc_nano.a(lib_a-nano-msizer.o)
 .ARM.attributes
                0x00000000000007df       0x34 c:/st/stm32cubeide_1.12.1/stm32cubeide/plugins/com.st.stm32cube.ide.mcu.externaltools.gnu-tools-for-stm32.10.3-2021.10.win32_1.0.200.202301161003/tools/bin/../lib/gcc/arm-none-eabi/10.3.1/../../../../arm-none-eabi/lib/thumb/v7e-m+fp/hard\libc_nano.a(lib_a-reent.o)
 .ARM.attributes
                0x0000000000000813       0x34 c:/st/stm32cubeide_1.12.1/stm32cubeide/plugins/com.st.stm32cube.ide.mcu.externaltools.gnu-tools-for-stm32.10.3-2021.10.win32_1.0.200.202301161003/tools/bin/../lib/gcc/arm-none-eabi/10.3.1/../../../../arm-none-eabi/lib/thumb/v7e-m+fp/hard\libc_nano.a(lib_a-lock.o)
 .ARM.attributes
                0x0000000000000847       0x1e c:/st/stm32cubeide_1.12.1/stm32cubeide/plugins/com.st.stm32cube.ide.mcu.externaltools.gnu-tools-for-stm32.10.3-2021.10.win32_1.0.200.202301161003/tools/bin/../lib/gcc/arm-none-eabi/10.3.1/thumb/v7e-m+fp/hard/crtn.o
OUTPUT(PWM_STEP_Driver_Slave.elf elf32-littlearm)
LOAD linker stubs
LOAD c:/st/stm32cubeide_1.12.1/stm32cubeide/plugins/com.st.stm32cube.ide.mcu.externaltools.gnu-tools-for-stm32.10.3-2021.10.win32_1.0.200.202301161003/tools/bin/../lib/gcc/arm-none-eabi/10.3.1/../../../../arm-none-eabi/lib/thumb/v7e-m+fp/hard\libc.a
LOAD c:/st/stm32cubeide_1.12.1/stm32cubeide/plugins/com.st.stm32cube.ide.mcu.externaltools.gnu-tools-for-stm32.10.3-2021.10.win32_1.0.200.202301161003/tools/bin/../lib/gcc/arm-none-eabi/10.3.1/../../../../arm-none-eabi/lib/thumb/v7e-m+fp/hard\libm.a
LOAD c:/st/stm32cubeide_1.12.1/stm32cubeide/plugins/com.st.stm32cube.ide.mcu.externaltools.gnu-tools-for-stm32.10.3-2021.10.win32_1.0.200.202301161003/tools/bin/../lib/gcc/arm-none-eabi/10.3.1/thumb/v7e-m+fp/hard\libgcc.a

.comment        0x0000000000000000       0x50
 .comment       0x0000000000000000       0x50 ./Core/Src/i2c_slave.o
                                         0x51 (size before relaxing)
 .comment       0x0000000000000050       0x51 ./Core/Src/main.o
 .comment       0x0000000000000050       0x51 ./Core/Src/stm32f3xx_hal_msp.o
 .comment       0x0000000000000050       0x51 ./Core/Src/stm32f3xx_it.o
 .comment       0x0000000000000050       0x51 ./Core/Src/sysmem.o
 .comment       0x0000000000000050       0x51 ./Core/Src/system_stm32f3xx.o
 .comment       0x0000000000000050       0x51 ./Drivers/STM32F3xx_HAL_Driver/Src/stm32f3xx_hal.o
 .comment       0x0000000000000050       0x51 ./Drivers/STM32F3xx_HAL_Driver/Src/stm32f3xx_hal_adc.o
 .comment       0x0000000000000050       0x51 ./Drivers/STM32F3xx_HAL_Driver/Src/stm32f3xx_hal_adc_ex.o
 .comment       0x0000000000000050       0x51 ./Drivers/STM32F3xx_HAL_Driver/Src/stm32f3xx_hal_cortex.o
 .comment       0x0000000000000050       0x51 ./Drivers/STM32F3xx_HAL_Driver/Src/stm32f3xx_hal_dma.o
 .comment       0x0000000000000050       0x51 ./Drivers/STM32F3xx_HAL_Driver/Src/stm32f3xx_hal_gpio.o
 .comment       0x0000000000000050       0x51 ./Drivers/STM32F3xx_HAL_Driver/Src/stm32f3xx_hal_i2c.o
 .comment       0x0000000000000050       0x51 ./Drivers/STM32F3xx_HAL_Driver/Src/stm32f3xx_hal_i2c_ex.o
 .comment       0x0000000000000050       0x51 ./Drivers/STM32F3xx_HAL_Driver/Src/stm32f3xx_hal_rcc.o
 .comment       0x0000000000000050       0x51 ./Drivers/STM32F3xx_HAL_Driver/Src/stm32f3xx_hal_rcc_ex.o
 .comment       0x0000000000000050       0x51 ./Drivers/STM32F3xx_HAL_Driver/Src/stm32f3xx_hal_rtc.o
 .comment       0x0000000000000050       0x51 ./Drivers/STM32F3xx_HAL_Driver/Src/stm32f3xx_hal_tim.o
 .comment       0x0000000000000050       0x51 ./Drivers/STM32F3xx_HAL_Driver/Src/stm32f3xx_hal_tim_ex.o
 .comment       0x0000000000000050       0x51 ./Drivers/STM32F3xx_HAL_Driver/Src/stm32f3xx_hal_uart.o
 .comment       0x0000000000000050       0x51 ./Drivers/STM32F3xx_HAL_Driver/Src/stm32f3xx_hal_uart_ex.o

.debug_frame    0x0000000000000000      0x460
 .debug_frame   0x0000000000000000       0x20 c:/st/stm32cubeide_1.12.1/stm32cubeide/plugins/com.st.stm32cube.ide.mcu.externaltools.gnu-tools-for-stm32.10.3-2021.10.win32_1.0.200.202301161003/tools/bin/../lib/gcc/arm-none-eabi/10.3.1/../../../../arm-none-eabi/lib/thumb/v7e-m+fp/hard\libc_nano.a(lib_a-errno.o)
 .debug_frame   0x0000000000000020       0x2c c:/st/stm32cubeide_1.12.1/stm32cubeide/plugins/com.st.stm32cube.ide.mcu.externaltools.gnu-tools-for-stm32.10.3-2021.10.win32_1.0.200.202301161003/tools/bin/../lib/gcc/arm-none-eabi/10.3.1/../../../../arm-none-eabi/lib/thumb/v7e-m+fp/hard\libc_nano.a(lib_a-init.o)
 .debug_frame   0x000000000000004c       0x28 c:/st/stm32cubeide_1.12.1/stm32cubeide/plugins/com.st.stm32cube.ide.mcu.externaltools.gnu-tools-for-stm32.10.3-2021.10.win32_1.0.200.202301161003/tools/bin/../lib/gcc/arm-none-eabi/10.3.1/../../../../arm-none-eabi/lib/thumb/v7e-m+fp/hard\libc_nano.a(lib_a-memcpy-stub.o)
 .debug_frame   0x0000000000000074       0x20 c:/st/stm32cubeide_1.12.1/stm32cubeide/plugins/com.st.stm32cube.ide.mcu.externaltools.gnu-tools-for-stm32.10.3-2021.10.win32_1.0.200.202301161003/tools/bin/../lib/gcc/arm-none-eabi/10.3.1/../../../../arm-none-eabi/lib/thumb/v7e-m+fp/hard\libc_nano.a(lib_a-memset.o)
 .debug_frame   0x0000000000000094       0x6c c:/st/stm32cubeide_1.12.1/stm32cubeide/plugins/com.st.stm32cube.ide.mcu.externaltools.gnu-tools-for-stm32.10.3-2021.10.win32_1.0.200.202301161003/tools/bin/../lib/gcc/arm-none-eabi/10.3.1/../../../../arm-none-eabi/lib/thumb/v7e-m+fp/hard\libc_nano.a(lib_a-sprintf.o)
 .debug_frame   0x0000000000000100       0x90 c:/st/stm32cubeide_1.12.1/stm32cubeide/plugins/com.st.stm32cube.ide.mcu.externaltools.gnu-tools-for-stm32.10.3-2021.10.win32_1.0.200.202301161003/tools/bin/../lib/gcc/arm-none-eabi/10.3.1/../../../../arm-none-eabi/lib/thumb/v7e-m+fp/hard\libc_nano.a(lib_a-nano-svfprintf.o)
 .debug_frame   0x0000000000000190       0x60 c:/st/stm32cubeide_1.12.1/stm32cubeide/plugins/com.st.stm32cube.ide.mcu.externaltools.gnu-tools-for-stm32.10.3-2021.10.win32_1.0.200.202301161003/tools/bin/../lib/gcc/arm-none-eabi/10.3.1/../../../../arm-none-eabi/lib/thumb/v7e-m+fp/hard\libc_nano.a(lib_a-nano-vfprintf_i.o)
 .debug_frame   0x00000000000001f0       0x28 c:/st/stm32cubeide_1.12.1/stm32cubeide/plugins/com.st.stm32cube.ide.mcu.externaltools.gnu-tools-for-stm32.10.3-2021.10.win32_1.0.200.202301161003/tools/bin/../lib/gcc/arm-none-eabi/10.3.1/../../../../arm-none-eabi/lib/thumb/v7e-m+fp/hard\libc_nano.a(lib_a-memmove.o)
 .debug_frame   0x0000000000000218       0x38 c:/st/stm32cubeide_1.12.1/stm32cubeide/plugins/com.st.stm32cube.ide.mcu.externaltools.gnu-tools-for-stm32.10.3-2021.10.win32_1.0.200.202301161003/tools/bin/../lib/gcc/arm-none-eabi/10.3.1/../../../../arm-none-eabi/lib/thumb/v7e-m+fp/hard\libc_nano.a(lib_a-nano-freer.o)
 .debug_frame   0x0000000000000250       0x4c c:/st/stm32cubeide_1.12.1/stm32cubeide/plugins/com.st.stm32cube.ide.mcu.externaltools.gnu-tools-for-stm32.10.3-2021.10.win32_1.0.200.202301161003/tools/bin/../lib/gcc/arm-none-eabi/10.3.1/../../../../arm-none-eabi/lib/thumb/v7e-m+fp/hard\libc_nano.a(lib_a-nano-mallocr.o)
 .debug_frame   0x000000000000029c       0x3c c:/st/stm32cubeide_1.12.1/stm32cubeide/plugins/com.st.stm32cube.ide.mcu.externaltools.gnu-tools-for-stm32.10.3-2021.10.win32_1.0.200.202301161003/tools/bin/../lib/gcc/arm-none-eabi/10.3.1/../../../../arm-none-eabi/lib/thumb/v7e-m+fp/hard\libc_nano.a(lib_a-nano-reallocr.o)
 .debug_frame   0x00000000000002d8       0x2c c:/st/stm32cubeide_1.12.1/stm32cubeide/plugins/com.st.stm32cube.ide.mcu.externaltools.gnu-tools-for-stm32.10.3-2021.10.win32_1.0.200.202301161003/tools/bin/../lib/gcc/arm-none-eabi/10.3.1/../../../../arm-none-eabi/lib/thumb/v7e-m+fp/hard\libc_nano.a(lib_a-sbrkr.o)
 .debug_frame   0x0000000000000304       0x30 c:/st/stm32cubeide_1.12.1/stm32cubeide/plugins/com.st.stm32cube.ide.mcu.externaltools.gnu-tools-for-stm32.10.3-2021.10.win32_1.0.200.202301161003/tools/bin/../lib/gcc/arm-none-eabi/10.3.1/../../../../arm-none-eabi/lib/thumb/v7e-m+fp/hard\libc_nano.a(lib_a-mlock.o)
 .debug_frame   0x0000000000000334       0x20 c:/st/stm32cubeide_1.12.1/stm32cubeide/plugins/com.st.stm32cube.ide.mcu.externaltools.gnu-tools-for-stm32.10.3-2021.10.win32_1.0.200.202301161003/tools/bin/../lib/gcc/arm-none-eabi/10.3.1/../../../../arm-none-eabi/lib/thumb/v7e-m+fp/hard\libc_nano.a(lib_a-nano-msizer.o)
 .debug_frame   0x0000000000000354       0x5c c:/st/stm32cubeide_1.12.1/stm32cubeide/plugins/com.st.stm32cube.ide.mcu.externaltools.gnu-tools-for-stm32.10.3-2021.10.win32_1.0.200.202301161003/tools/bin/../lib/gcc/arm-none-eabi/10.3.1/../../../../arm-none-eabi/lib/thumb/v7e-m+fp/hard\libc_nano.a(lib_a-reent.o)
 .debug_frame   0x00000000000003b0       0xb0 c:/st/stm32cubeide_1.12.1/stm32cubeide/plugins/com.st.stm32cube.ide.mcu.externaltools.gnu-tools-for-stm32.10.3-2021.10.win32_1.0.200.202301161003/tools/bin/../lib/gcc/arm-none-eabi/10.3.1/../../../../arm-none-eabi/lib/thumb/v7e-m+fp/hard\libc_nano.a(lib_a-lock.o)